05-06 09:52:34.102  1495  3899 I chatty  : uid=1000(system) SyncManager identical 5 lines
05-06 09:52:34.102  1495  3899 E SyncManager: SYNC_OP_STATE_INVALID: account doesn't exist.
05-06 09:52:34.109  1495  3899 E SyncManager: Couldn't find backoff values for Account {name=xxxxxxxxxxxxxxxxxxxxxx-xxx-xx@xxxxxxxxxxxxxxxxxxxx.xxx, type=com.google}/com.android.chrome:u0
05-06 09:52:34.124  1495  3899 W JobInfo : Requested flex +57m36s0ms for job 106930 is too small; raising to +1h12m0s0ms
05-06 09:52:34.126  1495  3899 E SyncManager: Couldn't find backoff values for Account {name=xxxxxxxxxxxxxxxxxxxxxx-xxx-xx@xxxxxxxxxxxxxxxxxxxx.xxx, type=com.google}/com.google.android.apps.docs:u0
05-06 09:52:34.140  1495  3899 W JobInfo : Requested flex +57m36s0ms for job 104057 is too small; raising to +1h12m0s0ms
05-06 09:52:34.143 16972 17094 I Auth    : [DarkLaunchHelper] Attestation Verification successful! [CONTEXT service_id=343 ]
05-06 09:52:34.148  1495  3899 E SyncManager: Couldn't find backoff values for Account {name=xxxxxxxxxxxxxxxxxxxxxx-xxx-xx@xxxxxxxxxxxxxxxxxxxx.xxx, type=com.google}/com.google.android.calendar.tasks:u0
05-06 09:52:34.152  1495  3899 E SyncManager: Couldn't find backoff values for Account {name=xxxxxxxxxxxxxxxxxxxxxx-xxx-xx@xxxxxxxxxxxxxxxxxxxx.xxx, type=com.google}/com.android.calendar:u0
05-06 09:52:34.157  1495  3899 W JobInfo : Requested flex +57m36s0ms for job 107335 is too small; raising to +1h12m0s0ms
05-06 09:52:34.159  1495  3899 W JobInfo : Requested flex +57m36s0ms for job 100147 is too small; raising to +1h12m0s0ms
05-06 09:52:34.165  1495  3899 W JobInfo : Requested flex +57m36s0ms for job 108653 is too small; raising to +1h12m0s0ms
05-06 09:52:34.173 16972 22168 I Auth    : (REDACTED) [DarkLaunchHelper] Set dark launch data for account: %s
05-06 09:52:34.186  1495  3899 W JobInfo : Requested flex +57m36s0ms for job 102061 is too small; raising to +1h12m0s0ms
05-06 09:52:34.189  1495  3899 W JobInfo : Requested flex +57m36s0ms for job 101581 is too small; raising to +1h12m0s0ms
05-06 09:52:34.195 16972 21898 I evst    : (REDACTED) Writing data for these Geller corpora: %s
05-06 09:52:34.196 16972 21898 I evst    : (REDACTED) Writing metadata key: %s, corpus: %s
05-06 09:52:34.197  1495  3899 W JobInfo : Requested flex +57m36s0ms for job 109646 is too small; raising to +1h12m0s0ms
05-06 09:52:34.197 16972 21898 I evst    : (REDACTED) Writing metadata key: %s, corpus: %s
05-06 09:52:34.203  1495  3899 W JobInfo : Requested flex +57m36s0ms for job 109994 is too small; raising to +1h12m0s0ms
05-06 09:52:34.207  1495  3899 W JobInfo : Requested flex +57m36s0ms for job 109067 is too small; raising to +1h12m0s0ms
05-06 09:52:34.208 16972 21898 I evst    : (REDACTED) Writing data for these Geller corpora: %s
05-06 09:52:34.213 16972 21898 I evst    : (REDACTED) Wrote %d elements for corpus %s
05-06 09:52:34.214 16972 21898 I evst    : (REDACTED) Writing metadata key: %s, corpus: %s
05-06 09:52:34.215 16972 22397 I AlarmManager: set [name: SystemMemoryCache type: 2 triggerAtMillis: 315360282291 windowMillis: -1 intervalMillis: 0]
05-06 09:52:34.217 22359 22359 I GoogleHttpClient: GMS http client unavailable, use old client
05-06 09:52:34.218 16972 21898 I evst    : (REDACTED) Writing metadata key: %s, corpus: %s
05-06 09:52:34.222 21828 22401 I FSA2_GmsContactsSyncAdapter: @onPerformSync
05-06 09:52:34.225 21828 22401 W FSA2_ContactsSyncAdapter: @onPerformSync Sync started
05-06 09:52:34.242 22359 22359 I CarUiInstaller: CarUiInstaller started for com.google.android.gsf
05-06 09:52:34.243 21828 22401 W ChimeraUtils: Module com.google.android.gms.people missing resource null(0)
05-06 09:52:34.273 16972 22410 I NearbyShared: (REDACTED) GellerSyncDeviceChangeListener: onSyncCompleted: corpus= %s
05-06 09:52:34.274 16972 22410 I NearbyShared: (REDACTED) GellerSyncDeviceChangeListener: onSyncCompleted: corpus= %s
05-06 09:52:34.290 21828 22401 W FSA2_ContactsSyncAdapter: Done initializing new account, sync neither attempted nor performed
05-06 09:52:34.296 21828 22401 W FSA2_ContactsSyncAdapter: @onPerformSync Sync is not required and hence skipped.
05-06 09:52:34.308 21828 22320 W linker  : Warning: "/data/user_de/0/com.google.android.gms/app_chimera/m/00000009/CronetDynamite.uncompressed.apk!/lib/arm64-v8a/libcronet.146.0.7680.144.so" unused DT entry: unknown processor-specific (type 0x70000001 arg 0x0) (ignoring)
05-06 09:52:34.326 21828 22401 W ChimeraUtils: Module com.google.android.gms.people missing resource null(0)
05-06 09:52:34.327  1495  3899 E SyncManager: SYNC_OP_STATE_INVALID: disallowed by settings/network
05-06 09:52:34.332 21828 22401 W ChimeraUtils: Module com.google.android.gms.people missing resource null(0)
05-06 09:52:34.354 22225 22294 I Bugle   : Initializing EmojiCompat
05-06 09:52:34.356 22225 22414 W .apps.messagin: Accessing hidden field Ljava/util/Collections$SynchronizedCollection;->mutex:Ljava/lang/Object; (greylist-max-o, reflection, denied)
05-06 09:52:34.356 22225 22414 W .apps.messagin: Accessing hidden method Ljava/util/Collections$SynchronizedSet;-><init>(Ljava/util/Set;Ljava/lang/Object;)V (greylist-max-o, reflection, denied)
05-06 09:52:34.356 22225 22414 W .apps.messagin: Accessing hidden method Ljava/util/Collections$SynchronizedCollection;-><init>(Ljava/util/Collection;Ljava/lang/Object;)V (greylist-max-o, reflection, denied)
05-06 09:52:34.360  1495  6687 D ConnectivityService: requestNetwork for uid/pid:10188/21828 NetworkRequest [ TRACK_DEFAULT id=119, [ Capabilities: INTERNET&NOT_RESTRICTED&TRUSTED Uid: 10188 AdministratorUids: [] RequestorUid: 10188 RequestorPackageName: com.google.android.gms] ]
05-06 09:52:34.361  1495  3853 D ConnectivityService: NetReassign [119 : null → 100]
05-06 09:52:34.361  1495  3849 D UntrustedWifiNetworkFactory: got request NetworkRequest [ TRACK_DEFAULT id=119, [ Capabilities: INTERNET&NOT_RESTRICTED&TRUSTED Uid: 10188 AdministratorUids: [] RequestorUid: 10188 RequestorPackageName: com.google.android.gms] ] with score 60 and providerId 5
05-06 09:52:34.361  1495  3849 D WifiNetworkFactory: got request NetworkRequest [ TRACK_DEFAULT id=119, [ Capabilities: INTERNET&NOT_RESTRICTED&TRUSTED Uid: 10188 AdministratorUids: [] RequestorUid: 10188 RequestorPackageName: com.google.android.gms] ] with score 60 and providerId 5
05-06 09:52:34.362  1495  3886 D Ethernet: got request NetworkRequest [ TRACK_DEFAULT id=119, [ Capabilities: INTERNET&NOT_RESTRICTED&TRUSTED Uid: 10188 AdministratorUids: [] RequestorUid: 10188 RequestorPackageName: com.google.android.gms] ] with score 60 and providerId 5
05-06 09:52:34.362  1495  3885 D WIFI_AWARE_FACTORY: got request NetworkRequest [ TRACK_DEFAULT id=119, [ Capabilities: INTERNET&NOT_RESTRICTED&TRUSTED Uid: 10188 AdministratorUids: [] RequestorUid: 10188 RequestorPackageName: com.google.android.gms] ] with score 60 and providerId 5
05-06 09:52:34.362  4470  4470 D PhoneSwitcherNetworkRequstListener: got request NetworkRequest [ TRACK_DEFAULT id=119, [ Capabilities: INTERNET&NOT_RESTRICTED&TRUSTED Uid: 10188 AdministratorUids: [] RequestorUid: 10188 RequestorPackageName: com.google.android.gms] ] with score 60 and providerId 5
05-06 09:52:34.365  1495  3853 D ConnectivityService: NetReassign [no changes]
05-06 09:52:34.380  1495  3899 E SyncManager: SYNC_OP_STATE_INVALID: disallowed by settings/network
05-06 09:52:34.387 21828 22416 W RemindersSync: Reminder account not found, aborting sync. [T SyncAdapterThread-1:id=1830:priority=5:group=main] [CONTEXT service_id=18 ]
05-06 09:52:34.395 22175 22425 I TetheringManager: registerTetheringEventCallback:com.google.android.gm
05-06 09:52:34.408 16972 16972 D BoundBrokerSvc: onBind: Intent { act=com.google.android.gms.facs.cache.service.START dat=chimera-action: cmp=com.google.android.gms/.chimera.PersistentApiService }
05-06 09:52:34.408 16972 16972 D BoundBrokerSvc: Loading bound service for intent: Intent { act=com.google.android.gms.facs.cache.service.START dat=chimera-action: cmp=com.google.android.gms/.chimera.PersistentApiService }
05-06 09:52:34.424 16972 16993 I FacsCacheGmsModule: (REDACTED) Receiving API connection to FACS API from package '%s'...
05-06 09:52:34.432 16972 16993 I FacsCacheGmsModule: API connection successful!
05-06 09:52:34.436 16972 16993 I FacsCacheGmsModule: (REDACTED) Received 'getActivityControlsSettings' request from package '%s', instance id '%s', version '%d'...
05-06 09:52:34.440 16972 22166 I FacsCacheGmsModule: (REDACTED) Executing operation '%s'...
05-06 09:52:34.440 16972 16993 I FacsCacheGmsModule: Operation 'getActivityControlsSettings' dispatched!
05-06 09:52:34.448 21828 21828 D BoundBrokerSvc: onBind: Intent { act=com.google.android.gms.facs.internal.service.START dat=chimera-action: cmp=com.google.android.gms/.chimera.GmsInternalApiService }
05-06 09:52:34.448 21828 21828 D BoundBrokerSvc: Loading bound service for intent: Intent { act=com.google.android.gms.facs.internal.service.START dat=chimera-action: cmp=com.google.android.gms/.chimera.GmsInternalApiService }
05-06 09:52:34.448 21828 22320 I cn_CronetLibraryLoader: Cronet version: 146.0.7680.144, arch: aarch64
05-06 09:52:34.444  1495  3899 E SyncManager: SYNC_OP_STATE_INVALID: disallowed by settings/network
05-06 09:52:34.457  1495 22073 I ActivityManager: Failure reporting to instrumentation watcher: comp=ComponentInfo{com.google.android.apps.mtaas.loginutil/com.google.android.apps.mtaas.loginutil.LoginUtil} results=Bundle[mParcelledData.dataSize=68]
05-06 09:52:34.459 22225 22294 I CarrierServices: [1785] afaf.a: Initializing Carrier Services Library.
05-06 09:52:34.462  1495  3853 D ConnectivityService: NetReassign [no changes]
05-06 09:52:34.469 21828 21984 I FacsCacheGmsModule: Receiving API connection to internal FACS API...
05-06 09:52:34.469 16972 22166 I FacsCacheGmsModule: (REDACTED) Forwarding operation '%s' to internal FACS API...
05-06 09:52:34.464 21828 21828 W ThreadPoolForeg: type=1400 audit(0.0:529): avc: denied { write } for name="traced_producer" dev="tmpfs" ino=18583 scontext=u:r:gmscore_app:s0:c512,c768 tcontext=u:object_r:traced_producer_socket:s0 tclass=sock_file permissive=0 app=com.google.android.gms
05-06 09:52:34.470 22225 22294 I CarrierServices: [1785] afim.l: Reinitialize CSLib Flags: com.google.android.ims.library
05-06 09:52:34.498   899   982 D VSC     : @ 295.350: [WO] isFlat() nearest_rotation: 1, flat_angle: 40
05-06 09:52:34.498   899   982 D VSC     : @ 295.350: [WO] orientation angle 80, orientation 1
05-06 09:52:34.518 21828 21984 I FacsCacheGmsModule: API connection successful!
05-06 09:52:34.523 21828 21844 I FacsCacheGmsModule: (REDACTED) Received 'syncActivityControlsSettingsInternal' (forced: %b) request...
05-06 09:52:34.527 21828 21844 I FacsCacheGmsModule: Operation 'syncActivityControlsSettingsInternal' dispatched!
05-06 09:52:34.528 21828 21893 I FacsCacheGmsModule: (REDACTED) Executing operation '%s'...
05-06 09:52:34.528 21828 21893 I FacsCacheGmsModule: (REDACTED) Operation '%s' performing sync (type: '%s')...
05-06 09:52:34.529 16972 16993 I FontLog : (REDACTED) Received query %s, URI %s
05-06 09:52:34.530 16972 16993 I FontLog : (REDACTED) Query [%s] resolved to %s
05-06 09:52:34.533 16972 16993 I FontLog : (REDACTED) Fetch %s end status %s
05-06 09:52:34.551 22175 22202 W Gmail   : MailSyncAdapterService:onSyncCanceled Thread[SyncAdapterThread-1,5,main]
05-06 09:52:34.560 22175 22415 E Gmail   : MailSyncAdapterService:Unable to register account 9823494 with Chime. Rescheduling initial sync.
05-06 09:52:34.565 22225 22225 V ClearcutMetricXmitter: Transmission is done.
05-06 09:52:34.588 16972 16993 I FontLog : (REDACTED) Pulling font file for id = %d, cache size = %d
05-06 09:52:34.589  1495  3899 E SyncManager: SYNC_OP_STATE_INVALID: disallowed by settings/network
05-06 09:52:34.600   553   559 D libnos_transport: Calling app 0 with params 0x0200
05-06 09:52:34.602   553   559 D libnos_transport: App 0 inspection status=0x00000000 reply_len=0 protocol=1 flags=0x0000
05-06 09:52:34.602   553   559 D libnos_transport: Send app 0 command data (0 bytes)
05-06 09:52:34.603   553   559 D libnos_transport: Send app 0 go command 0x00000200
05-06 09:52:34.603   553   559 D libnos_transport: Polling app 0
05-06 09:52:34.608   553   559 D libnos_transport: App 0 polled=2 status=0x80000000 reply_len=80 flags=0x0000
05-06 09:52:34.608   553   559 D libnos_transport: Read app 0 reply data (80 bytes)
05-06 09:52:34.609 21828 22451 I FSA2_GmsContactsSyncAdapter: @onPerformSync
05-06 09:52:34.609   553   559 D libnos_transport: App 0 returning 0x0
05-06 09:52:34.609 21828 22451 W FSA2_ContactsSyncAdapter: @onPerformSync Sync started
05-06 09:52:34.612 21828 22451 W ChimeraUtils: Module com.google.android.gms.people missing resource null(0)
05-06 09:52:34.651  6851  6889 D DeviceStateHelper: Audo mode: 0
05-06 09:52:34.652  6851  6889 D DeviceStateHelper: Audo mode: 0
05-06 09:52:34.655  3915  3915 D BluetoothPbapService:  onChange on contact uri 
05-06 09:52:34.657 22203 22450 W DynamiteModule: Local module descriptor class for providerinstaller not found.
05-06 09:52:34.663 21828 22437 I cn_CronetUrlRequestContext: destroyNativeStreamLocked org.chromium.net.impl.CronetBidirectionalStream@b0184d4
05-06 09:52:34.670 21828 22319 W fddx    : Primes not initialized, returning default (no-op) Primes instance which will ignore all calls. Please call Primes.initialize(...) before using any Primes API.
05-06 09:52:34.671 16972 17878 W ProviderHelper: Unknown dynamite feature providerinstaller
05-06 09:52:34.675  3915 22456 D BluetoothPbapUtils: primaryVersionCounter = 0, secondaryVersionCounter=0
05-06 09:52:34.677 16972 17129 I UriTaskContentObserver: (REDACTED) Throttling content uri change event for %s
05-06 09:52:34.677  3915  3915 D BluetoothPbapService:  onChange on contact uri 
05-06 09:52:34.678 16259 16280 D CompatibilityChangeReporter: Compat change id reported: 150939131; UID 10104; state: ENABLED
05-06 09:52:34.689  3915 22463 D BluetoothPbapUtils: primaryVersionCounter = 0, secondaryVersionCounter=0
05-06 09:52:34.692 16972 17878 I FontLog : (REDACTED) Pulling font file for id = %d, cache size = %d
05-06 09:52:34.694 22225 22294 I CarrierServices: [1785] afaf.b: Initializing Carrier Services Logging.
05-06 09:52:34.699 21828 22451 E FSA2_CpgSessionManager: Failed to initialize schema
05-06 09:52:34.705 22175 22429 W LibraryVersion: Failed to get app version for libraryName: firebase-iid
05-06 09:52:34.717 16972 17129 I UriTaskContentObserver: (REDACTED) Throttling content uri change event for %s
05-06 09:52:34.718  3915  3915 D BluetoothPbapService:  onChange on contact uri 
05-06 09:52:34.721 21828 22451 I FSA2_FirstFullSyncsDetector: First full syncs started
05-06 09:52:34.723 22203 22450 W ProviderInstaller: Failed to load providerinstaller module: No acceptable module found. Local version is 0 and remote version is 0.
05-06 09:52:34.726  3915 22470 D BluetoothPbapUtils: primaryVersionCounter = 0, secondaryVersionCounter=0
05-06 09:52:34.727 16972 17075 I FacsCacheGmsModule: (REDACTED) Receiving API connection to FACS API from package '%s'...
05-06 09:52:34.731 16972 17075 I FacsCacheGmsModule: API connection successful!
05-06 09:52:34.736 16972 16993 I FacsCacheGmsModule: (REDACTED) Received 'readDeviceLevelSettings' request from package '%s'...
05-06 09:52:34.737 16972 16993 I FacsCacheGmsModule: Operation 'readDeviceLevelSettings' dispatched!
05-06 09:52:34.737 16972 22409 I FacsCacheGmsModule: (REDACTED) Executing operation '%s'...
05-06 09:52:34.674  1495  3899 I chatty  : uid=1000(system) SyncManager identical 1 line
05-06 09:52:34.691  1495  3899 E SyncManager: SYNC_OP_STATE_INVALID: disallowed by settings/network
05-06 09:52:34.737  1495  1627 I AppsFilter: interaction: PackageSetting{7c3351d com.google.testing.helium.utp.android.companion.backdrop/10272} -> PackageSetting{5ebb9ba com.google.android.calendar/10207} BLOCKED
05-06 09:52:34.737  1495  1627 I AppsFilter: interaction: PackageSetting{eb0cc05 com.google.testing.helium.utp.android.companion.instrumentations.runtimestats/10273} -> PackageSetting{5ebb9ba com.google.android.calendar/10207} BLOCKED
05-06 09:52:34.738  1495  1627 I AppsFilter: interaction: PackageSetting{63239f4 com.google.testing.helium.utp.android.companion.instrumentations.locale/10271} -> PackageSetting{5ebb9ba com.google.android.calendar/10207} BLOCKED
05-06 09:52:34.739 16972 22409 I FacsCacheGmsModule: (REDACTED) Operation '%s' successful!
05-06 09:52:34.745  1495  1597 I RoleManagerService: Granting default roles...
05-06 09:52:34.747  1495  1605 E system_server: No package ID 7f found for ID 0x7f080160.
05-06 09:52:34.747  1495  1605 E system_server: No package ID 7f found for ID 0x7f130365.
05-06 09:52:34.747  1495  1605 E system_server: No package ID 7f found for ID 0x7f130366.
05-06 09:52:34.747  1495  1605 E system_server: No package ID 7f found for ID 0x7f080161.
05-06 09:52:34.747  1495  1605 E system_server: No package ID 7f found for ID 0x7f130367.
05-06 09:52:34.747  1495  1605 E system_server: No package ID 7f found for ID 0x7f130368.
05-06 09:52:34.750  3915  3915 V AvrcpMediaPlayerList: mPackageChangedBroadcastReceiver: action: android.intent.action.PACKAGE_CHANGED
05-06 09:52:34.750  3915  3915 D AvrcpMediaPlayerList: Name of package changed: com.google.android.calendar
05-06 09:52:34.754 21828 21866 I GmsCoreXrpcWrapper: (REDACTED) Returning a channel provider with trafficStatsTag=%d trafficStatsUid=%d
05-06 09:52:34.756 21828 22451 W ChimeraUtils: Module com.google.android.gms.people missing resource null(0)
05-06 09:52:34.757  1495  3372 I InputReader: Reconfiguring input devices, changes=KEYBOARD_LAYOUTS | 
05-06 09:52:34.773 21828 22451 W ChimeraUtils: Module com.google.android.gms.people missing resource null(0)
05-06 09:52:34.775  5359  5359 D RegisteredNfcFServicesCache: Service unchanged, not updating
05-06 09:52:34.781 17031 17048 I PermissionControllerServiceImpl: Updating user sensitive for uid 10207
05-06 09:52:34.795 21828 21828 D BoundBrokerSvc: onBind: Intent { act=com.google.android.gms.people.contactssync.service.START dat=chimera-action: cmp=com.google.android.gms/.chimera.GmsBoundBrokerService }
05-06 09:52:34.795 21828 21828 D BoundBrokerSvc: Loading bound service for intent: Intent { act=com.google.android.gms.people.contactssync.service.START dat=chimera-action: cmp=com.google.android.gms/.chimera.GmsBoundBrokerService }
05-06 09:52:34.807   967  3866 D AF::TrackHandle: OpPlayAudio: track:55 usage:3 not muted
05-06 09:52:34.807  1495  1495 I Telecom : DefaultDialerCache: Refreshing default dialer for user 0: now com.google.android.dialer: DDC.oR@AZU
05-06 09:52:34.813   967  3866 I chatty  : uid=1041(audioserver) Binder:967_3 identical 3 lines
05-06 09:52:34.814   967  3866 D AF::TrackHandle: OpPlayAudio: track:55 usage:3 not muted
05-06 09:52:34.818 21828 21853 I PeopleChimeraService: onService. callbacks = criu@434a38b, request = com.google.android.gms.common.internal.GetServiceRequest@cc02c68
05-06 09:52:34.822   543   543 I hwservicemanager: Since android.hardware.atrace@1.0::IAtraceDevice/default is not registered, trying to start it as a lazy HAL.
05-06 09:52:34.823   543   543 I hwservicemanager: Since android.hardware.atrace@1.0::IAtraceDevice/default is not registered, trying to start it as a lazy HAL.
05-06 09:52:34.824 22488 22488 I HidlServiceManagement: getService: Trying again for android.hardware.atrace@1.0::IAtraceDevice/default...
05-06 09:52:34.825  4470  4470 E PhoneInterfaceManager: [PhoneIntfMgr] getCarrierPackageNamesForIntentAndPhone: No UICC
05-06 09:52:34.825  4470  4470 D CarrierSvcBindHelper: No carrier app for: 0
05-06 09:52:34.825  4470  4470 D ImsResolver: maybeAddedImsService, packageName: com.google.android.calendar
05-06 09:52:34.825 21828 22451 I FSA2_SyncState: @readSyncState: # dvax@50fd9ecb
05-06 09:52:34.839 21828 22451 I FSA2_SyncState: @readSyncState: # dvax@50fd9ecb
05-06 09:52:34.844 22494 22494 I android.hardware.atrace@1.0-service.pixel: Registering HAL: android.hardware.atrace@1.0::IAtraceDevice with name: default
05-06 09:52:34.844 22488 22488 W atrace  : type=1400 audit(0.0:530): avc: denied { write } for name="enable" dev="tracefs" ino=1568 scontext=u:r:shell:s0 tcontext=u:object_r:debugfs_tracing_debug:s0 tclass=file permissive=0
05-06 09:52:34.844 22488 22488 W atrace  : type=1400 audit(0.0:531): avc: denied { write } for name="enable" dev="tracefs" ino=1430 scontext=u:r:shell:s0 tcontext=u:object_r:debugfs_tracing_debug:s0 tclass=file permissive=0
05-06 09:52:34.847 22488 22488 W atrace  : type=1400 audit(0.0:532): avc: denied { write } for name="enable" dev="tracefs" ino=5299 scontext=u:r:shell:s0 tcontext=u:object_r:debugfs_tracing_debug:s0 tclass=file permissive=0
05-06 09:52:34.846 21828 21984 I PeopleChimeraService: onService. callbacks = criu@d4706b9, request = com.google.android.gms.common.internal.GetServiceRequest@7606afe
05-06 09:52:34.847 22494 22494 I HidlServiceManagement: Registered android.hardware.atrace@1.0::IAtraceDevice/default
05-06 09:52:34.848 22494 22494 I HidlServiceManagement: Removing namespace from process name android.hardware.atrace@1.0-service.pixel to atrace@1.0-service.pixel.
05-06 09:52:34.848   543   543 I hw-BpHwBinder: onLastStrongRef automatically unlinking death recipients
05-06 09:52:34.860 22483 22483 V StudioTransport: Server listening on unix:@AndroidStudioTransport port:1
05-06 09:52:34.948 22225 22294 I LogSaver: LogSaver new instance with filename: carrier_services
05-06 09:52:34.954 21828 21853 I MdiSyncModule: (REDACTED) Receiving API connection from package '%s'...
05-06 09:52:34.955 21828 21853 I MdiSyncModule: API connection successful!
05-06 09:52:34.964 16972 16972 W ThreadPoolForeg: type=1400 audit(0.0:533): avc: denied { write } for name="traced_producer" dev="tmpfs" ino=18583 scontext=u:r:gmscore_app:s0:c512,c768 tcontext=u:object_r:traced_producer_socket:s0 tclass=sock_file permissive=0 app=com.google.android.gms
05-06 09:52:34.972 22203 22316 I SyncerLog: Next sync scheduled in: 0s
05-06 09:52:34.975 21828 22437 I cn_CronetUrlRequestContext: destroyNativeStreamLocked org.chromium.net.impl.CronetBidirectionalStream@454999c
05-06 09:52:34.976 22203 22316 I SyncerLog: Next sync scheduled in: 0s
05-06 09:52:34.988 21828 21853 I MdiSyncModule: (REDACTED) Received request for operation '%d' from package '%s', instance id '%s', version '%d'...
05-06 09:52:34.996 21828 22451 I FSA2_RawContactSyncer: Before sync, callingCardsWithOnlyMetadataCount: 0, callingCardsWithOnlyPhotoCount: 0, callingCardsWithBothMetadataAndPhotoCount: 0
05-06 09:52:34.997 21828 21853 I MdiSyncModule: (REDACTED) Operation '%s' dispatched!
05-06 09:52:35.000 16972 17878 I FacsCacheGmsModule: (REDACTED) Received 'writeDeviceLevelSettings' request from package '%s'...
05-06 09:52:35.000 16972 17878 I FacsCacheGmsModule: Operation 'writeDeviceLevelSettings' dispatched!
05-06 09:52:35.000 16972 22409 I FacsCacheGmsModule: (REDACTED) Executing operation '%s'...
05-06 09:52:35.010 16972 22409 I FacsCacheGmsModule: (REDACTED) Operation '%s' successful!
05-06 09:52:35.018   553   553 D libnos_transport: Calling app 2 with params 0x0004
05-06 09:52:35.020   553   553 D libnos_transport: App 2 inspection status=0x00000000 reply_len=0 protocol=1 flags=0x0000
05-06 09:52:35.020   553   553 D libnos_transport: Send app 2 command data (1542 bytes)
05-06 09:52:35.022 21828 22451 I FSA2_SyncState: @readSyncState: # dvax@50fd9ecb
05-06 09:52:35.031   553   553 D libnos_transport: Send app 2 go command 0x00020004
05-06 09:52:35.032   553   553 D libnos_transport: Polling app 2
05-06 09:52:35.042   553   553 D libnos_transport: App 2 polled=4 status=0x80000000 reply_len=76 flags=0x0000
05-06 09:52:35.042   553   553 D libnos_transport: Read app 2 reply data (76 bytes)
05-06 09:52:35.043 21828 22516 I FSA2_SyncState: @readSyncState: # dvax@50fd9ecb
05-06 09:52:35.043 21828 22516 W FSA2_PeopleSyncState: @setLastFullSynctime = 1778086355043
05-06 09:52:35.043 21828 22516 W FSA2_PeopleSyncState: @setFullySyncedDownCallingCard = false
05-06 09:52:35.044   553   553 D libnos_transport: App 2 returning 0x0
05-06 09:52:35.050  1495  1597 W Looper  : Slow delivery took 223ms android.fg h=android.os.Handler c=<recycled PooledLambda@6505770> m=0
05-06 09:52:35.051   553   553 D libnos_transport: Calling app 2 with params 0x000a
05-06 09:52:35.052 21828 22516 I FSA2_SyncState: @readSyncState: # dvax@50fd9ecb
05-06 09:52:35.053   553   553 D libnos_transport: App 2 inspection status=0x00000000 reply_len=0 protocol=1 flags=0x0000
05-06 09:52:35.053   553   553 D libnos_transport: Send app 2 command data (1564 bytes)
05-06 09:52:35.064  3915  3915 D BluetoothPbapService:  onChange on contact uri 
05-06 09:52:35.064   553   553 D libnos_transport: Send app 2 go command 0x0002000a
05-06 09:52:35.065   553   553 D libnos_transport: Polling app 2
05-06 09:52:35.070  3915 22519 D BluetoothPbapUtils: primaryVersionCounter = 0, secondaryVersionCounter=0
05-06 09:52:35.070  3915  3915 D BluetoothPbapService:  onChange on contact uri 
05-06 09:52:35.075   553   553 D libnos_transport: App 2 polled=5 status=0x80000000 reply_len=18 flags=0x0000
05-06 09:52:35.075   553   553 D libnos_transport: Read app 2 reply data (18 bytes)
05-06 09:52:35.076   553   553 D libnos_transport: App 2 returning 0x0
05-06 09:52:35.077 16972 17129 I UriTaskContentObserver: (REDACTED) Throttling content uri change event for %s
05-06 09:52:35.078   553   553 D libnos_transport: Calling app 2 with params 0x0000
05-06 09:52:35.080   553   553 D libnos_transport: App 2 inspection status=0x00000000 reply_len=0 protocol=1 flags=0x0000
05-06 09:52:35.080   553   553 D libnos_transport: Send app 2 command data (34 bytes)
05-06 09:52:35.080   553   553 D libnos_transport: Send app 2 go command 0x00020000
05-06 09:52:35.082   553   553 D libnos_transport: Polling app 2
05-06 09:52:35.084   553   553 D libnos_transport: App 2 polled=1 status=0x80000000 reply_len=0 flags=0x0000
05-06 09:52:35.084   553   553 D libnos_transport: App 2 returning 0x0
05-06 09:52:35.085   553   553 D libnos_transport: Calling app 2 with params 0x000b
05-06 09:52:35.086 22225 22294 I BugleBackup: Registering preference change listener for "bugle".
05-06 09:52:35.087   553   553 D libnos_transport: App 2 inspection status=0x00000000 reply_len=0 protocol=1 flags=0x0000
05-06 09:52:35.087   553   553 D libnos_transport: Send app 2 command data (408 bytes)
05-06 09:52:35.091   553   553 D libnos_transport: Send app 2 go command 0x0002000b
05-06 09:52:35.091   553   553 D libnos_transport: Polling app 2
05-06 09:52:35.092  3915 22521 D BluetoothPbapUtils: primaryVersionCounter = 0, secondaryVersionCounter=0
05-06 09:52:35.096   553   553 D libnos_transport: App 2 polled=2 status=0x80000000 reply_len=3 flags=0x0000
05-06 09:52:35.096   553   553 D libnos_transport: Read app 2 reply data (3 bytes)
05-06 09:52:35.097   553   553 D libnos_transport: App 2 returning 0x0
05-06 09:52:35.097   553   553 D libnos_transport: Calling app 2 with params 0x000b
05-06 09:52:35.100   553   553 D libnos_transport: App 2 inspection status=0x00000000 reply_len=0 protocol=1 flags=0x0000
05-06 09:52:35.100   553   553 D libnos_transport: Send app 2 command data (408 bytes)
05-06 09:52:35.103   553   553 D libnos_transport: Send app 2 go command 0x0002000b
05-06 09:52:35.104   553   553 D libnos_transport: Polling app 2
05-06 09:52:35.105 21828 22318 W ProviderHelper: Unknown dynamite feature providerinstaller.dynamite
05-06 09:52:35.105 21828 22318 I DynamiteModule: Considering local module com.google.android.gms.providerinstaller.dynamite:1 and remote module com.google.android.gms.providerinstaller.dynamite:0
05-06 09:52:35.105 21828 22318 I DynamiteModule: Selected local version of com.google.android.gms.providerinstaller.dynamite
05-06 09:52:35.108 21828 22318 W Conscrypt: Could not set socket write timeout: java.net.SocketException: Socket closed
05-06 09:52:35.108 21828 22318 W Conscrypt: 	at com.google.android.gms.org.conscrypt.Platform.setSocketWriteTimeout(:com.google.android.gms@261332022@26.13.32 (150400-895912391):219)
05-06 09:52:35.108 21828 22318 W Conscrypt: 	at com.google.android.gms.org.conscrypt.ConscryptFileDescriptorSocket.setSoWriteTimeout(:com.google.android.gms@261332022@26.13.32 (150400-895912391):4)
05-06 09:52:35.109   553   553 D libnos_transport: App 2 polled=2 status=0x80000000 reply_len=3 flags=0x0000
05-06 09:52:35.109   553   553 D libnos_transport: Read app 2 reply data (3 bytes)
05-06 09:52:35.110   553   553 D libnos_transport: App 2 returning 0x0
05-06 09:52:35.111   553   553 D libnos_transport: Calling app 2 with params 0x000b
05-06 09:52:35.113   553   553 D libnos_transport: App 2 inspection status=0x00000000 reply_len=0 protocol=1 flags=0x0000
05-06 09:52:35.113   553   553 D libnos_transport: Send app 2 command data (60 bytes)
05-06 09:52:35.114   553   553 D libnos_transport: Send app 2 go command 0x0002000b
05-06 09:52:35.116   553   553 D libnos_transport: Polling app 2
05-06 09:52:35.120   553   553 D libnos_transport: App 2 polled=2 status=0x80000000 reply_len=2 flags=0x0000
05-06 09:52:35.120   553   553 D libnos_transport: Read app 2 reply data (2 bytes)
05-06 09:52:35.121   553   553 D libnos_transport: App 2 returning 0x0
05-06 09:52:35.121   553   553 D libnos_transport: Calling app 2 with params 0x000c
05-06 09:52:35.124   553   553 D libnos_transport: App 2 inspection status=0x00000000 reply_len=0 protocol=1 flags=0x0000
05-06 09:52:35.124   553   553 D libnos_transport: Send app 2 command data (21 bytes)
05-06 09:52:35.125   553   553 D libnos_transport: Send app 2 go command 0x0002000c
05-06 09:52:35.125   553   553 D libnos_transport: Polling app 2
05-06 09:52:35.152   553   553 D libnos_transport: App 2 polled=11 status=0x80000000 reply_len=73 flags=0x0000
05-06 09:52:35.152   553   553 D libnos_transport: Read app 2 reply data (73 bytes)
05-06 09:52:35.154   553   553 D libnos_transport: App 2 returning 0x0
05-06 09:52:35.165 21828 21866 I aawo    : (REDACTED) Exceeded max concurrent downloads, not running another queued request
05-06 09:52:35.173 22203 22450 I ndroid.calenda: The ClassLoaderContext is a special shared library.
05-06 09:52:35.173 21828 22529 I aawo    : (REDACTED) Exceeded max concurrent downloads, not running another queued request
05-06 09:52:35.175 21828 22527 I aawo    : (REDACTED) Exceeded max concurrent downloads, not running another queued request
05-06 09:52:35.176 21828 22525 I aawo    : (REDACTED) Exceeded max concurrent downloads, not running another queued request
05-06 09:52:35.176 21828 22524 I aawo    : (REDACTED) Exceeded max concurrent downloads, not running another queued request
05-06 09:52:35.180 21828 22524 I aawo    : (REDACTED) Sending URL request: uri=%s
05-06 09:52:35.180 21828 21866 I aawo    : (REDACTED) Sending URL request: uri=%s
05-06 09:52:35.192 21828 22318 W Conscrypt: Could not set socket write timeout: java.net.SocketException: Socket closed
05-06 09:52:35.192 21828 22318 W Conscrypt: 	at com.google.android.gms.org.conscrypt.Platform.setSocketWriteTimeout(:com.google.android.gms@261332022@26.13.32 (150400-895912391):219)
05-06 09:52:35.192 21828 22318 W Conscrypt: 	at com.google.android.gms.org.conscrypt.ConscryptFileDescriptorSocket.setSoWriteTimeout(:com.google.android.gms@261332022@26.13.32 (150400-895912391):4)
05-06 09:52:35.199 21828 21893 I FacsCacheGmsModule: (REDACTED) Operation '%s' successful!
05-06 09:52:35.201 22225 22294 W Bugle   : SubscriptionMetadataUtils get: invalid subId = -1
05-06 09:52:35.203 22225 22294 I Bugle   : TelephonyManagerFactory: Returning per-subscription TelephonyManager (>= N) subscription{id:-1}
05-06 09:52:35.205 16972 22166 I FacsCacheGmsModule: (REDACTED) Operation '%s' successful!
05-06 09:52:35.210 16972 17075 I FacsCacheGmsModule: (REDACTED) Received 'getActivityControlsSettings' request from package '%s', instance id '%s', version '%d'...
05-06 09:52:35.210 22225 22294 W Bugle   : SubscriptionMetadataUtils get: invalid subId = -1
05-06 09:52:35.210 16972 17075 I FacsCacheGmsModule: Operation 'getActivityControlsSettings' dispatched!
05-06 09:52:35.211 16972 17094 I FacsCacheGmsModule: (REDACTED) Executing operation '%s'...
05-06 09:52:35.212 22225 22294 W Bugle   : SubscriptionMetadataUtils get: invalid subId = -1
05-06 09:52:35.213 22225 22294 W Bugle   : SubscriptionMetadataUtils get: invalid subId = -1
05-06 09:52:35.213 16972 17094 I FacsCacheGmsModule: (REDACTED) Operation '%s' successful!
05-06 09:52:35.213 22225 22294 W Bugle   : SubscriptionMetadataUtils get: invalid subId = -1
05-06 09:52:35.256   553   553 D libnos_transport: Calling app 2 with params 0x0004
05-06 09:52:35.258   553   553 D libnos_transport: App 2 inspection status=0x00000000 reply_len=0 protocol=1 flags=0x0000
05-06 09:52:35.258   553   553 D libnos_transport: Send app 2 command data (1542 bytes)
05-06 09:52:35.270   553   553 D libnos_transport: Send app 2 go command 0x00020004
05-06 09:52:35.270   553   553 D libnos_transport: Polling app 2
05-06 09:52:35.281   553   553 D libnos_transport: App 2 polled=4 status=0x80000000 reply_len=76 flags=0x0000
05-06 09:52:35.281   553   553 D libnos_transport: Read app 2 reply data (76 bytes)
05-06 09:52:35.283   553   553 D libnos_transport: App 2 returning 0x0
05-06 09:52:35.283 21828 21893 W Conscrypt: Could not set socket write timeout: java.net.SocketException: Socket closed
05-06 09:52:35.283 21828 21893 W Conscrypt: 	at com.google.android.gms.org.conscrypt.Platform.setSocketWriteTimeout(:com.google.android.gms@261332022@26.13.32 (150400-895912391):219)
05-06 09:52:35.283 21828 21893 W Conscrypt: 	at com.google.android.gms.org.conscrypt.ConscryptFileDescriptorSocket.setSoWriteTimeout(:com.google.android.gms@261332022@26.13.32 (150400-895912391):4)
05-06 09:52:35.289   553   553 D libnos_transport: Calling app 2 with params 0x000a
05-06 09:52:35.291   553   553 D libnos_transport: App 2 inspection status=0x00000000 reply_len=0 protocol=1 flags=0x0000
05-06 09:52:35.291   553   553 D libnos_transport: Send app 2 command data (1564 bytes)
05-06 09:52:35.300 22203 22214 I ndroid.calenda: WaitForGcToComplete blocked Background on ClassLinker for 8.808ms
05-06 09:52:35.303   553   553 D libnos_transport: Send app 2 go command 0x0002000a
05-06 09:52:35.304   553   553 D libnos_transport: Polling app 2
05-06 09:52:35.315   553   553 D libnos_transport: App 2 polled=5 status=0x80000000 reply_len=17 flags=0x0000
05-06 09:52:35.315   553   553 D libnos_transport: Read app 2 reply data (17 bytes)
05-06 09:52:35.316   553   553 D libnos_transport: App 2 returning 0x0
05-06 09:52:35.318   553   553 D libnos_transport: Calling app 2 with params 0x0000
05-06 09:52:35.321   553   553 D libnos_transport: App 2 inspection status=0x00000000 reply_len=0 protocol=1 flags=0x0000
05-06 09:52:35.321   553   553 D libnos_transport: Send app 2 command data (34 bytes)
05-06 09:52:35.322   553   553 D libnos_transport: Send app 2 go command 0x00020000
05-06 09:52:35.322   553   553 D libnos_transport: Polling app 2
05-06 09:52:35.325   553   553 D libnos_transport: App 2 polled=1 status=0x80000000 reply_len=0 flags=0x0000
05-06 09:52:35.325   553   553 D libnos_transport: App 2 returning 0x0
05-06 09:52:35.326   553   553 D libnos_transport: Calling app 2 with params 0x000b
05-06 09:52:35.327 21828 21866 I aawo    : (REDACTED) Got URL response, starting to read response body. uri=%s
05-06 09:52:35.328   553   553 D libnos_transport: App 2 inspection status=0x00000000 reply_len=0 protocol=1 flags=0x0000
05-06 09:52:35.328   553   553 D libnos_transport: Send app 2 command data (407 bytes)
05-06 09:52:35.330 21828 22524 I aawo    : (REDACTED) Got URL response, starting to read response body. uri=%s
05-06 09:52:35.332   553   553 D libnos_transport: Send app 2 go command 0x0002000b
05-06 09:52:35.332   553   553 D libnos_transport: Polling app 2
05-06 09:52:35.337 21828 21893 W Conscrypt: Could not set socket write timeout: java.net.SocketException: Socket closed
05-06 09:52:35.338 21828 21893 W Conscrypt: 	at com.google.android.gms.org.conscrypt.Platform.setSocketWriteTimeout(:com.google.android.gms@261332022@26.13.32 (150400-895912391):219)
05-06 09:52:35.338 21828 21893 W Conscrypt: 	at com.google.android.gms.org.conscrypt.ConscryptFileDescriptorSocket.setSoWriteTimeout(:com.google.android.gms@261332022@26.13.32 (150400-895912391):4)
05-06 09:52:35.338   553   553 D libnos_transport: App 2 polled=2 status=0x80000000 reply_len=3 flags=0x0000
05-06 09:52:35.338   553   553 D libnos_transport: Read app 2 reply data (3 bytes)
05-06 09:52:35.339   553   553 D libnos_transport: App 2 returning 0x0
05-06 09:52:35.339   553   553 D libnos_transport: Calling app 2 with params 0x000b
05-06 09:52:35.342   553   553 D libnos_transport: App 2 inspection status=0x00000000 reply_len=0 protocol=1 flags=0x0000
05-06 09:52:35.342   553   553 D libnos_transport: Send app 2 command data (407 bytes)
05-06 09:52:35.345   553   553 D libnos_transport: Send app 2 go command 0x0002000b
05-06 09:52:35.346   553   553 D libnos_transport: Polling app 2
05-06 09:52:35.351   553   553 D libnos_transport: App 2 polled=2 status=0x80000000 reply_len=3 flags=0x0000
05-06 09:52:35.351   553   553 D libnos_transport: Read app 2 reply data (3 bytes)
05-06 09:52:35.351   553   553 D libnos_transport: App 2 returning 0x0
05-06 09:52:35.352   553   553 D libnos_transport: Calling app 2 with params 0x000b
05-06 09:52:35.354 21828 22527 I aawo    : (REDACTED) Response body written. bytesWritten=%d, uri=%s
05-06 09:52:35.355   553   553 D libnos_transport: App 2 inspection status=0x00000000 reply_len=0 protocol=1 flags=0x0000
05-06 09:52:35.355   553   553 D libnos_transport: Send app 2 command data (59 bytes)
05-06 09:52:35.355 21828 22527 I aawo    : (REDACTED) Request complete, closing. uri=%s
05-06 09:52:35.356 21828 21893 I aawo    : (REDACTED) Exceeded max concurrent downloads, not running another queued request
05-06 09:52:35.356   553   553 D libnos_transport: Send app 2 go command 0x0002000b
05-06 09:52:35.357   553   553 D libnos_transport: Polling app 2
05-06 09:52:35.359 21828 22527 I aawo    : (REDACTED) Exceeded max concurrent downloads, not running another queued request
05-06 09:52:35.360 22203 22450 V NativeCrypto: Registering com/google/android/gms/org/conscrypt/NativeCrypto's 336 native methods...
05-06 09:52:35.362   553   553 D libnos_transport: App 2 polled=2 status=0x80000000 reply_len=2 flags=0x0000
05-06 09:52:35.362   553   553 D libnos_transport: Read app 2 reply data (2 bytes)
05-06 09:52:35.362 21828 22527 I aawo    : (REDACTED) Response body written. bytesWritten=%d, uri=%s
05-06 09:52:35.363 21828 22527 I aawo    : (REDACTED) Request complete, closing. uri=%s
05-06 09:52:35.363   553   553 D libnos_transport: App 2 returning 0x0
05-06 09:52:35.363   553   553 D libnos_transport: Calling app 2 with params 0x000c
05-06 09:52:35.363 21828 21866 I aawo    : (REDACTED) Sending URL request: uri=%s
05-06 09:52:35.366   553   553 D libnos_transport: App 2 inspection status=0x00000000 reply_len=0 protocol=1 flags=0x0000
05-06 09:52:35.366   553   553 D libnos_transport: Send app 2 command data (20 bytes)
05-06 09:52:35.367   553   553 D libnos_transport: Send app 2 go command 0x0002000c
05-06 09:52:35.367 21828 22528 I aawo    : (REDACTED) Exceeded max concurrent downloads, not running another queued request
05-06 09:52:35.367   553   553 D libnos_transport: Polling app 2
05-06 09:52:35.370 21828 22530 I aawo    : (REDACTED) Exceeded max concurrent downloads, not running another queued request
05-06 09:52:35.373 21828 22528 I aawo    : (REDACTED) Sending URL request: uri=%s
05-06 09:52:35.380 22203 22534 E GoogleApiManager: Failed to get service from broker. 
05-06 09:52:35.380 22203 22534 E GoogleApiManager: java.lang.SecurityException: Unknown calling package name 'com.google.android.gms'.
05-06 09:52:35.380 22203 22534 E GoogleApiManager: 	at android.os.Parcel.createExceptionOrNull(Parcel.java:2373)
05-06 09:52:35.380 22203 22534 E GoogleApiManager: 	at android.os.Parcel.createException(Parcel.java:2357)
05-06 09:52:35.380 22203 22534 E GoogleApiManager: 	at android.os.Parcel.readException(Parcel.java:2340)
05-06 09:52:35.380 22203 22534 E GoogleApiManager: 	at android.os.Parcel.readException(Parcel.java:2282)
05-06 09:52:35.380 22203 22534 E GoogleApiManager: 	at bfan.a(:com.google.android.gms@261332022@26.13.32 (150400-895912391):36)
05-06 09:52:35.380 22203 22534 E GoogleApiManager: 	at beyo.z(:com.google.android.gms@261332022@26.13.32 (150400-895912391):150)
05-06 09:52:35.380 22203 22534 E GoogleApiManager: 	at beep.run(:com.google.android.gms@261332022@26.13.32 (150400-895912391):42)
05-06 09:52:35.380 22203 22534 E GoogleApiManager: 	at android.os.Handler.handleCallback(Handler.java:938)
05-06 09:52:35.380 22203 22534 E GoogleApiManager: 	at android.os.Handler.dispatchMessage(Handler.java:99)
05-06 09:52:35.380 22203 22534 E GoogleApiManager: 	at csqa.ml(:com.google.android.gms@261332022@26.13.32 (150400-895912391):1)
05-06 09:52:35.380 22203 22534 E GoogleApiManager: 	at csqa.dispatchMessage(:com.google.android.gms@261332022@26.13.32 (150400-895912391):5)
05-06 09:52:35.380 22203 22534 E GoogleApiManager: 	at android.os.Looper.loop(Looper.java:223)
05-06 09:52:35.380 22203 22534 E GoogleApiManager: 	at android.os.HandlerThread.run(HandlerThread.java:67)
05-06 09:52:35.382 22203 22534 W GoogleApiManager: Not showing notification since connectionResult is not user-facing: ConnectionResult{statusCode=DEVELOPER_ERROR, resolution=null, message=null, clientMethodKey=null}
05-06 09:52:35.383 22203 22533 W FlagRegistrar: Failed to register com.google.android.gms.providerinstaller#com.google.android.calendar
05-06 09:52:35.383 22203 22533 W FlagRegistrar: fecl: 17: 17: API: Phenotype.API is not available on this device. Connection failed with: ConnectionResult{statusCode=DEVELOPER_ERROR, resolution=null, message=null, clientMethodKey=null}
05-06 09:52:35.383 22203 22533 W FlagRegistrar: 	at fecn.a(:com.google.android.gms@261332022@26.13.32 (150400-895912391):13)
05-06 09:52:35.383 22203 22533 W FlagRegistrar: 	at gatz.d(:com.google.android.gms@261332022@26.13.32 (150400-895912391):3)
05-06 09:52:35.383 22203 22533 W FlagRegistrar: 	at gaub.run(:com.google.android.gms@261332022@26.13.32 (150400-895912391):130)
05-06 09:52:35.383 22203 22533 W FlagRegistrar: 	at gawk.execute(:com.google.android.gms@261332022@26.13.32 (150400-895912391):1)
05-06 09:52:35.383 22203 22533 W FlagRegistrar: 	at gauj.f(:com.google.android.gms@261332022@26.13.32 (150400-895912391):1)
05-06 09:52:35.383 22203 22533 W FlagRegistrar: 	at gauj.m(:com.google.android.gms@261332022@26.13.32 (150400-895912391):99)
05-06 09:52:35.383 22203 22533 W FlagRegistrar: 	at gauj.r(:com.google.android.gms@261332022@26.13.32 (150400-895912391):17)
05-06 09:52:35.383 22203 22533 W FlagRegistrar: 	at evzs.hF(:com.google.android.gms@261332022@26.13.32 (150400-895912391):35)
05-06 09:52:35.383 22203 22533 W FlagRegistrar: 	at ekrb.run(:com.google.android.gms@261332022@26.13.32 (150400-895912391):12)
05-06 09:52:35.383 22203 22533 W FlagRegistrar: 	at gawk.execute(:com.google.android.gms@261332022@26.13.32 (150400-895912391):1)
05-06 09:52:35.383 22203 22533 W FlagRegistrar: 	at ekrc.b(:com.google.android.gms@261332022@26.13.32 (150400-895912391):18)
05-06 09:52:35.383 22203 22533 W FlagRegistrar: 	at ekrr.b(:com.google.android.gms@261332022@26.13.32 (150400-895912391):34)
05-06 09:52:35.383 22203 22533 W FlagRegistrar: 	at ekrt.d(:com.google.android.gms@261332022@26.13.32 (150400-895912391):25)
05-06 09:52:35.383 22203 22533 W FlagRegistrar: 	at beby.c(:com.google.android.gms@261332022@26.13.32 (150400-895912391):9)
05-06 09:52:35.383 22203 22533 W FlagRegistrar: 	at been.q(:com.google.android.gms@261332022@26.13.32 (150400-895912391):48)
05-06 09:52:35.383 22203 22533 W FlagRegistrar: 	at been.d(:com.google.android.gms@261332022@26.13.32 (150400-895912391):10)
05-06 09:52:35.383 22203 22533 W FlagRegistrar: 	at been.g(:com.google.android.gms@261332022@26.13.32 (150400-895912391):191)
05-06 09:52:35.383 22203 22533 W FlagRegistrar: 	at been.onConnectionFailed(:com.google.android.gms@261332022@26.13.32 (150400-895912391):2)
05-06 09:52:35.383 22203 22533 W FlagRegistrar: 	at beep.run(:com.google.android.gms@261332022@26.13.32 (150400-895912391):70)
05-06 09:52:35.383 22203 22533 W FlagRegistrar: 	at android.os.Handler.handleCallback(Handler.java:938)
05-06 09:52:35.383 22203 22533 W FlagRegistrar: 	at android.os.Handler.dispatchMessage(Handler.java:99)
05-06 09:52:35.383 22203 22533 W FlagRegistrar: 	at csqa.ml(:com.google.android.gms@261332022@26.13.32 (150400-895912391):1)
05-06 09:52:35.383 22203 22533 W FlagRegistrar: 	at csqa.dispatchMessage(:com.google.android.gms@261332022@26.13.32 (150400-895912391):5)
05-06 09:52:35.383 22203 22533 W FlagRegistrar: 	at android.os.Looper.loop(Looper.java:223)
05-06 09:52:35.383 22203 22533 W FlagRegistrar: 	at android.os.HandlerThread.run(HandlerThread.java:67)
05-06 09:52:35.383 22203 22533 W FlagRegistrar: Caused by: beaf: 17: API: Phenotype.API is not available on this device. Connection failed with: ConnectionResult{statusCode=DEVELOPER_ERROR, resolution=null, message=null, clientMethodKey=null}
05-06 09:52:35.383 22203 22533 W FlagRegistrar: 	at beya.a(:com.google.android.gms@261332022@26.13.32 (150400-895912391):15)
05-06 09:52:35.383 22203 22533 W FlagRegistrar: 	at becb.a(:com.google.android.gms@261332022@26.13.32 (150400-895912391):1)
05-06 09:52:35.383 22203 22533 W FlagRegistrar: 	at beby.c(:com.google.android.gms@261332022@26.13.32 (150400-895912391):5)
05-06 09:52:35.383 22203 22533 W FlagRegistrar: 	... 11 more
05-06 09:52:35.393 21828 22528 I aawo    : (REDACTED) Got URL response, starting to read response body. uri=%s
05-06 09:52:35.394   553   553 D libnos_transport: App 2 polled=10 status=0x80000000 reply_len=74 flags=0x0000
05-06 09:52:35.394   553   553 D libnos_transport: Read app 2 reply data (74 bytes)
05-06 09:52:35.396   553   553 D libnos_transport: App 2 returning 0x0
05-06 09:52:35.406 21828 22527 I aawo    : (REDACTED) Got URL response, starting to read response body. uri=%s
05-06 09:52:35.407 21828 21866 I aawo    : (REDACTED) Response body written. bytesWritten=%d, uri=%s
05-06 09:52:35.407 21828 21866 I aawo    : (REDACTED) Request complete, closing. uri=%s
05-06 09:52:35.409 21828 22524 I aawo    : (REDACTED) Exceeded max concurrent downloads, not running another queued request
05-06 09:52:35.411 21828 22525 I aawo    : (REDACTED) Exceeded max concurrent downloads, not running another queued request
05-06 09:52:35.412 21828 22524 I aawo    : (REDACTED) Sending URL request: uri=%s
05-06 09:52:35.421 21828 22528 I aawo    : (REDACTED) Response body written. bytesWritten=%d, uri=%s
05-06 09:52:35.421 21828 22528 I aawo    : (REDACTED) Request complete, closing. uri=%s
05-06 09:52:35.425 21828 21866 I aawo    : (REDACTED) Exceeded max concurrent downloads, not running another queued request
05-06 09:52:35.426 21828 22528 I aawo    : (REDACTED) Exceeded max concurrent downloads, not running another queued request
05-06 09:52:35.427 21828 22516 I FSA2_GroupSyncGrpc: Received non-null API-group response
05-06 09:52:35.429 21828 21893 I aawo    : (REDACTED) Sending URL request: uri=%s
05-06 09:52:35.431   900   951 I android.hardware.thermal@2.0-service.pixel: skin-therm-monitor: 40.125
05-06 09:52:35.434 21828 22516 E FSA2_ProtoToPeopleUtil: Unexpected system group {id=2}
05-06 09:52:35.434 21828 22516 E FSA2_ProtoToPeopleUtil: Unexpected system group {id=5}
05-06 09:52:35.434 21828 22516 E FSA2_ProtoToPeopleUtil: Unexpected system group {id=15}
05-06 09:52:35.441 21828 22524 I aawo    : (REDACTED) Got URL response, starting to read response body. uri=%s
05-06 09:52:35.452 21828 22528 I aawo    : (REDACTED) Response body written. bytesWritten=%d, uri=%s
05-06 09:52:35.452 21828 22528 I aawo    : (REDACTED) Request complete, closing. uri=%s
05-06 09:52:35.454 21828 22524 I aawo    : (REDACTED) Exceeded max concurrent downloads, not running another queued request
05-06 09:52:35.460 21828 21893 I aawo    : (REDACTED) Got URL response, starting to read response body. uri=%s
05-06 09:52:35.470 21828 22524 I aawo    : (REDACTED) Response body written. bytesWritten=%d, uri=%s
05-06 09:52:35.470 21828 22524 I aawo    : (REDACTED) Request complete, closing. uri=%s
05-06 09:52:35.474 21828 21828 W ThreadPoolForeg: type=1400 audit(0.0:534): avc: denied { write } for name="traced_producer" dev="tmpfs" ino=18583 scontext=u:r:gmscore_app:s0:c512,c768 tcontext=u:object_r:traced_producer_socket:s0 tclass=sock_file permissive=0 app=com.google.android.gms
05-06 09:52:35.510  3915  3915 D BluetoothPbapService:  onChange on contact uri 
05-06 09:52:35.515 21828 22451 I FSA2_SyncState: @readSyncState: # dvax@100eb881
05-06 09:52:35.516  3915 22537 D BluetoothPbapUtils: primaryVersionCounter = 0, secondaryVersionCounter=0
05-06 09:52:35.521  3915  3915 D BluetoothPbapService:  onChange on contact uri 
05-06 09:52:35.521 16972 17129 I UriTaskContentObserver: (REDACTED) Throttling content uri change event for %s
05-06 09:52:35.559 22203 22450 I ProviderInstaller: Installed default security provider GmsCore_OpenSSL
05-06 09:52:35.563 22225 22295 W BugleRcsEngine: [1786] agai.e: ProvisioningEngineAdapter not found for SIM redacted-pii:sim_id[0-chars]
05-06 09:52:35.567  3915 22538 D BluetoothPbapUtils: primaryVersionCounter = 0, secondaryVersionCounter=0
05-06 09:52:35.575 22203 22450 W cal.syf : Application name is not set. Call Builder#setApplicationName.
05-06 09:52:35.595 21828 22539 I FSA2_SyncState: @readSyncState: # dvax@9c6d10bd
05-06 09:52:35.600 21828 22539 I chatty  : uid=10188(com.google.android.gms) Thread-25 identical 1 line
