05-06 09:52:36.862 17365 21280 I Finsky  : [1535] SCH: Satisfied jobs for 9119 are: 34-3
05-06 09:52:36.866 17365 21279 I Finsky  : [1534] SCH: Job 34-3 starting
05-06 09:52:36.867 17365 17365 I Finsky  : [2] WM::SCH: Logging work start for 34-3
05-06 09:52:36.874 17165 17165 I BgTaskExecutorImpl: Starting EXCLUSIVE background task OPA_SMARTSPACE_CALENDAR_REFRESH.
05-06 09:52:36.903 17365 17365 W Finsky  : [2] OnDeviceSearchSuggestionModelPrefetchDelegator created!
05-06 09:52:36.947 17365 17443 I Finsky  : [1394] Created new item store.
05-06 09:52:36.989 22175 22457 E acgo    : Error observing nonCriticalStartEvent, not executing ads startup job.
05-06 09:52:36.989 22175 22457 E acgo    : yco: Failed to sync missing settings from the server. Missing values for required settings [ycv<20>, ycv<4>, ycv<17>, ycv<16>]. Can not start SettingsClient.
05-06 09:52:36.989 22175 22457 E acgo    : 	at yas.a(Unknown Source:3)
05-06 09:52:36.989 22175 22457 E acgo    : 	at aezb.a(Unknown Source:2)
05-06 09:52:36.989 22175 22457 E acgo    : 	at aewi.a(PG:2)
05-06 09:52:36.989 22175 22457 E acgo    : 	at ahbm.run(PG:7)
05-06 09:52:36.989 22175 22457 E acgo    : 	at advw.run(Unknown Source:3)
05-06 09:52:36.989 22175 22457 E acgo    : 	at adjn.run(Unknown Source:3)
05-06 09:52:36.989 22175 22457 E acgo    : 	at java.util.concurrent.Executors$RunnableAdapter.call(Executors.java:462)
05-06 09:52:36.989 22175 22457 E acgo    : 	at java.util.concurrent.FutureTask.run(FutureTask.java:266)
05-06 09:52:36.989 22175 22457 E acgo    : 	at java.util.concurrent.ScheduledThreadPoolExecutor$ScheduledFutureTask.run(ScheduledThreadPoolExecutor.java:301)
05-06 09:52:36.989 22175 22457 E acgo    : 	at java.util.concurrent.ThreadPoolExecutor.runWorker(ThreadPoolExecutor.java:1167)
05-06 09:52:36.989 22175 22457 E acgo    : 	at java.util.concurrent.ThreadPoolExecutor$Worker.run(ThreadPoolExecutor.java:641)
05-06 09:52:36.989 22175 22457 E acgo    : 	at java.lang.Thread.run(Thread.java:923)
05-06 09:52:36.989 22175 22457 E acgo    : Caused by: xqg: [/sync/st/s] 7: Client forbidden
05-06 09:52:36.989 22175 22457 E acgo    : 	at xqd.a(PG:2)
05-06 09:52:36.989 22175 22457 E acgo    : 	at xqd.a(PG:15)
05-06 09:52:36.989 22175 22457 E acgo    : 	at xtg.a(Unknown Source:6)
05-06 09:52:36.989 22175 22457 E acgo    : 	at agzq.a(PG:2)
05-06 09:52:36.989 22175 22457 E acgo    : 	at agzs.run(PG:9)
05-06 09:52:36.989 22175 22457 E acgo    : 	at ahcg.run(Unknown Source:7)
05-06 09:52:36.989 22175 22457 E acgo    : 	... 7 more
05-06 09:52:37.008 17365 21280 I Finsky  : [1535] SCH: Satisfied jobs for 9123 are: 34-3
05-06 09:52:37.057 22175 22175 W aaof    : Not running (never started): aaof@6d6d6ba
05-06 09:52:37.162 21828 21844 I PeopleChimeraService: onService. callbacks = criu@d7cf3a4, request = com.google.android.gms.common.internal.GetServiceRequest@547e50d
05-06 09:52:37.211  1495  4008 D CompatibilityChangeReporter: Compat change id reported: 135634846; UID 10222; state: DISABLED
05-06 09:52:37.212  1495  4008 D CompatibilityChangeReporter: Compat change id reported: 135754954; UID 10222; state: DISABLED
05-06 09:52:37.212  1495  1607 D CompatibilityChangeReporter: Compat change id reported: 143937733; UID 10222; state: DISABLED
05-06 09:52:37.224   866   866 D Zygote  : Forked child process 22578
05-06 09:52:37.226  1495  1607 I ActivityManager: Start proc 22578:com.google.android.apps.youtube.music/u0a222 for broadcast {com.google.android.apps.youtube.music/com.google.android.libraries.youtube.account.AccountsChangedReceiver}
05-06 09:52:37.229 22578 22578 I libc    : SetHeapTaggingLevel: tag level set to 0
05-06 09:52:37.235 22578 22578 E s.youtube.musi: Not starting debugger since process cannot load the jdwp agent.
05-06 09:52:37.270 22578 22578 D ApplicationLoaders: Returning zygote-cached class loader: /system/framework/android.test.base.jar
05-06 09:52:37.273 22578 22578 I s.youtube.musi: The ClassLoaderContext is a special shared library.
05-06 09:52:37.281 22578 22578 I s.youtube.musi: The ClassLoaderContext is a special shared library.
05-06 09:52:37.282 22578 22578 D nativeloader: classloader namespace configured for unbundled product apk. library_path=/product/app/YouTubeMusicPrebuilt/lib/arm64:/product/app/YouTubeMusicPrebuilt/YouTubeMusicPrebuilt.apk!/lib/arm64-v8a:/product/lib64:/system/product/lib64
05-06 09:52:37.304 22578 22578 D NetworkSecurityConfig: Using Network Security Config from resource network_security_config debugBuild: false
05-06 09:52:37.305 22578 22578 D NetworkSecurityConfig: Using Network Security Config from resource network_security_config debugBuild: false
05-06 09:52:37.359   553   559 D libnos_transport: Calling app 0 with params 0x0200
05-06 09:52:37.364   553   559 D libnos_transport: App 0 inspection status=0x00000000 reply_len=0 protocol=1 flags=0x0000
05-06 09:52:37.364   553   559 D libnos_transport: Send app 0 command data (0 bytes)
05-06 09:52:37.364   553   559 D libnos_transport: Send app 0 go command 0x00000200
05-06 09:52:37.365   553   559 D libnos_transport: Polling app 0
05-06 09:52:37.370   553   559 D libnos_transport: App 0 polled=2 status=0x80000000 reply_len=80 flags=0x0000
05-06 09:52:37.370   553   559 D libnos_transport: Read app 0 reply data (80 bytes)
05-06 09:52:37.372   553   559 D libnos_transport: App 0 returning 0x0
05-06 09:52:37.406 22203 22557 E TimelySyncImpl: Unable to find calendar -1057296026
05-06 09:52:37.430 16972 16972 D BoundBrokerSvc: onUnbind: Intent { act=com.google.android.gms.tapandpay.service.BIND dat=chimera-action: cmp=com.google.android.gms/.chimera.PersistentApiService }
05-06 09:52:37.437   900   951 I android.hardware.thermal@2.0-service.pixel: skin-therm-monitor: 40.092
05-06 09:52:37.466  1495  3853 D ConnectivityService: NetReassign [no changes]
05-06 09:52:37.480 21828 21828 W ThreadPoolForeg: type=1400 audit(0.0:535): avc: denied { write } for name="traced_producer" dev="tmpfs" ino=18583 scontext=u:r:gmscore_app:s0:c512,c768 tcontext=u:object_r:traced_producer_socket:s0 tclass=sock_file permissive=0 app=com.google.android.gms
05-06 09:52:37.540 22578 22608 W DynamiteModule: Local module descriptor class for providerinstaller not found.
05-06 09:52:37.542 16972 17224 W ProviderHelper: Unknown dynamite feature providerinstaller
05-06 09:52:37.560 22578 22608 W ProviderInstaller: Failed to load providerinstaller module: No acceptable module found. Local version is 0 and remote version is 0.
05-06 09:52:37.570 22578 22612 I TetheringManager: registerTetheringEventCallback:com.google.android.apps.youtube.music
05-06 09:52:37.728  1495  4008 D ConnectivityService: requestNetwork for uid/pid:10222/22578 NetworkRequest [ TRACK_DEFAULT id=121, [ Capabilities: INTERNET&NOT_RESTRICTED&TRUSTED Uid: 10222 AdministratorUids: [] RequestorUid: 10222 RequestorPackageName: com.google.android.apps.youtube.music] ]
05-06 09:52:37.728  1495  3853 D ConnectivityService: NetReassign [121 : null → 100]
05-06 09:52:37.729  1495  3849 D UntrustedWifiNetworkFactory: got request NetworkRequest [ TRACK_DEFAULT id=121, [ Capabilities: INTERNET&NOT_RESTRICTED&TRUSTED Uid: 10222 AdministratorUids: [] RequestorUid: 10222 RequestorPackageName: com.google.android.apps.youtube.music] ] with score 60 and providerId 5
05-06 09:52:37.729  1495  3886 D Ethernet: got request NetworkRequest [ TRACK_DEFAULT id=121, [ Capabilities: INTERNET&NOT_RESTRICTED&TRUSTED Uid: 10222 AdministratorUids: [] RequestorUid: 10222 RequestorPackageName: com.google.android.apps.youtube.music] ] with score 60 and providerId 5
05-06 09:52:37.729  1495  3849 D WifiNetworkFactory: got request NetworkRequest [ TRACK_DEFAULT id=121, [ Capabilities: INTERNET&NOT_RESTRICTED&TRUSTED Uid: 10222 AdministratorUids: [] RequestorUid: 10222 RequestorPackageName: com.google.android.apps.youtube.music] ] with score 60 and providerId 5
05-06 09:52:37.730  1495  3885 D WIFI_AWARE_FACTORY: got request NetworkRequest [ TRACK_DEFAULT id=121, [ Capabilities: INTERNET&NOT_RESTRICTED&TRUSTED Uid: 10222 AdministratorUids: [] RequestorUid: 10222 RequestorPackageName: com.google.android.apps.youtube.music] ] with score 60 and providerId 5
05-06 09:52:37.730  4470  4470 D PhoneSwitcherNetworkRequstListener: got request NetworkRequest [ TRACK_DEFAULT id=121, [ Capabilities: INTERNET&NOT_RESTRICTED&TRUSTED Uid: 10222 AdministratorUids: [] RequestorUid: 10222 RequestorPackageName: com.google.android.apps.youtube.music] ] with score 60 and providerId 5
05-06 09:52:37.731  1495  3853 D ConnectivityService: NetReassign [no changes]
05-06 09:52:37.784 17365 17412 I Finsky  : [1384] SCH: Received scheduling request: Id: 34-4, Constraints: [{ L: 0, D: 1296000000, C: CHARGING_NONE, I: IDLE_NONE, N: NET_ANY, B: BATTERY_ANY }]
05-06 09:52:37.809 16972 16972 D BoundBrokerSvc: onUnbind: Intent { act=com.google.android.gms.common.telemetry.service.START dat=chimera-action: cmp=com.google.android.gms/.chimera.PersistentApiService }
05-06 09:52:37.821 22578 22608 I s.youtube.musi: The ClassLoaderContext is a special shared library.
05-06 09:52:37.828 17365 17418 I Finsky  : [1386] WM::SCH: Logging work initialize for 34-4
05-06 09:52:37.832 17365 17443 I Finsky  : [1394] SCH: Scheduling phonesky job Id: 34-4, CT: 1778086357784, Constraints: [{ L: 0, D: 1296000000, C: CHARGING_NONE, I: IDLE_NONE, N: NET_ANY, B: BATTERY_ANY }, { L: 0, D: 0, C: CHARGING_NONE, I: IDLE_NONE, N: NET_NONE, B: BATTERY_ANY }]
05-06 09:52:37.841 17365 17473 I Finsky  : [1409] SCH: Scheduling 0 system job(s)
05-06 09:52:37.846 17365 17365 I Finsky  : [2] SCH: jobFinished: 34-3. TimeElapsed: 979ms.
05-06 09:52:37.846 17365 17365 I Finsky  : [2] WM::SCH: Logging work end for 34-3
05-06 09:52:37.852 22578 22621 E GEL_DELAYED_EVENT_DEBUG: Failed delayed event dispatch, no dispatchers.
05-06 09:52:37.855 17365 21280 I Finsky  : [1535] SCH: Attempting to reschedule job: Id: 34-3, Constraints: [{ L: 79199872, D: 1375199872, C: CHARGING_NONE, I: IDLE_NONE, N: NET_ANY, B: BATTERY_ANY }]
05-06 09:52:37.864 17365 21280 I Finsky  : [1535] SCH: Satisfied jobs for 9119 are: 34-4
05-06 09:52:37.867 17365 21279 I Finsky  : [1534] SCH: Job 34-4 starting
05-06 09:52:37.867 17365 17365 I Finsky  : [2] WM::SCH: Logging work start for 34-4
05-06 09:52:37.879 17365 21280 I Finsky  : [1535] SCH: Satisfied jobs for 9123 are: 34-4
05-06 09:52:37.888 17365 17439 I Finsky  : [1392] WM::SCH: Logging work initialize for 34-3
05-06 09:52:37.892 17365 17454 I Finsky  : [1399] SCH: Scheduling phonesky job Id: 34-3, CT: 1778086357855, Constraints: [{ L: 79199872, D: 1375199872, C: CHARGING_NONE, I: IDLE_NONE, N: NET_ANY, B: BATTERY_ANY }]
05-06 09:52:37.899 17365 17473 I Finsky  : [1409] SCH: Scheduling 0 system job(s)
05-06 09:52:37.935 22578 22622 E AwarenessClientProvider: Account associated with identity was null
05-06 09:52:37.945 22578 22626 E AwarenessRouterSyncMgr: Exception while syncing fences
05-06 09:52:37.945 22578 22626 E AwarenessRouterSyncMgr: java.util.concurrent.ExecutionException: java.lang.IllegalStateException: Account associated with identity was null
05-06 09:52:37.945 22578 22626 E AwarenessRouterSyncMgr: 	at zsp.a(PG:135)
05-06 09:52:37.945 22578 22626 E AwarenessRouterSyncMgr: 	at zsp.get(PG:82)
05-06 09:52:37.945 22578 22626 E AwarenessRouterSyncMgr: 	at zwj.a(PG:1)
05-06 09:52:37.945 22578 22626 E AwarenessRouterSyncMgr: 	at zuv.a(PG:4)
05-06 09:52:37.945 22578 22626 E AwarenessRouterSyncMgr: 	at fyf.run(Unknown Source:1)
05-06 09:52:37.945 22578 22626 E AwarenessRouterSyncMgr: 	at java.util.concurrent.Executors$RunnableAdapter.call(Executors.java:462)
05-06 09:52:37.945 22578 22626 E AwarenessRouterSyncMgr: 	at java.util.concurrent.FutureTask.run(FutureTask.java:266)
05-06 09:52:37.945 22578 22626 E AwarenessRouterSyncMgr: 	at java.util.concurrent.ScheduledThreadPoolExecutor$ScheduledFutureTask.run(ScheduledThreadPoolExecutor.java:301)
05-06 09:52:37.945 22578 22626 E AwarenessRouterSyncMgr: 	at java.util.concurrent.ThreadPoolExecutor.runWorker(ThreadPoolExecutor.java:1167)
05-06 09:52:37.945 22578 22626 E AwarenessRouterSyncMgr: 	at java.util.concurrent.ThreadPoolExecutor$Worker.run(ThreadPoolExecutor.java:641)
05-06 09:52:37.945 22578 22626 E AwarenessRouterSyncMgr: 	at pqt.run(PG:13)
05-06 09:52:37.945 22578 22626 E AwarenessRouterSyncMgr: 	at java.lang.Thread.run(Thread.java:923)
05-06 09:52:37.945 22578 22626 E AwarenessRouterSyncMgr: Caused by: java.lang.IllegalStateException: Account associated with identity was null
05-06 09:52:37.945 22578 22626 E AwarenessRouterSyncMgr: 	at fxj.a(Unknown Source:3)
05-06 09:52:37.945 22578 22626 E AwarenessRouterSyncMgr: 	at zsr.a(PG:3)
05-06 09:52:37.945 22578 22626 E AwarenessRouterSyncMgr: 	at zst.run(PG:23)
05-06 09:52:37.945 22578 22626 E AwarenessRouterSyncMgr: 	at zvn.run(PG:2)
05-06 09:52:37.945 22578 22626 E AwarenessRouterSyncMgr: 	... 7 more
05-06 09:52:38.002 22578 22611 I FA      : App measurement disabled by setAnalyticsCollectionEnabled(false)
05-06 09:52:38.018 22578 22611 I FA      : App measurement initialized, version: 28015
05-06 09:52:38.018 22578 22611 I FA      : To enable debug logging run: adb shell setprop log.tag.FA VERBOSE
05-06 09:52:38.020 22578 22611 I FA      : To enable faster debug mode event logging run:
05-06 09:52:38.020 22578 22611 I FA      :   adb shell setprop debug.firebase.analytics.app com.google.android.apps.youtube.music
05-06 09:52:38.093 22578 22623 W GoogleTagManager: Failed to extract the container from the resource file. Resource is a UTF-8 encoded string but doesn't contain a JSON container
05-06 09:52:38.126 17365 17411 I PlayCommon: [1383] https://play-lh.googleusercontent.com/8uA-xtK8CntDVwQPIywgmuBEPuX33_mHEdAT62bpzvBiN59fxZ2FYVvmVcyTvH7Cll7g6J5dFuLSEboLf9k4=rw-h598-v1-e15 is not cached
05-06 09:52:38.170 21828 21828 D BoundBrokerSvc: onBind: Intent { act=com.google.android.gms.measurement.START pkg=com.google.android.gms }
05-06 09:52:38.170 21828 21828 D BoundBrokerSvc: Loading bound service for intent: Intent { act=com.google.android.gms.measurement.START pkg=com.google.android.gms }
05-06 09:52:38.199 17365 17409 I PlayCommon: [1381] https://play-lh.googleusercontent.com/g_irOkVgCmmyGOxAoB5-N6CuHYjL7FMiHUkO7FJFNBVKE3W-yoFoKJBiq4Sy8sSI9woQ=rw-h244-v1-e15 is not cached
05-06 09:52:38.292 17365 17410 I PlayCommon: [1382] https://play-lh.googleusercontent.com/IVaSC7WUj220srMeH8v5joXjHfeuBtxJHgFck74lLthIB6HJWwo9PhgTNszZRs2Rte4vN33WSN2CtTAYksEI-Q=rw-h598-v1-e15 is not cached
05-06 09:52:38.376 22578 22578 V MediaRouter: Selecting route: RouteInfo{ name=Phone, description=null, status=null, category=RouteCategory{ name=System types=ROUTE_TYPE_LIVE_AUDIO ROUTE_TYPE_LIVE_VIDEO  groupable=false }, supportedTypes=ROUTE_TYPE_LIVE_AUDIO ROUTE_TYPE_LIVE_VIDEO , presentationDisplay=null }
05-06 09:52:38.395 22578 22578 W s.youtube.musi: Accessing hidden field Ljava/util/Collections$SynchronizedCollection;->mutex:Ljava/lang/Object; (greylist-max-o, reflection, denied)
05-06 09:52:38.395 22578 22578 W s.youtube.musi: Accessing hidden method Ljava/util/Collections$SynchronizedSet;-><init>(Ljava/util/Set;Ljava/lang/Object;)V (greylist-max-o, reflection, denied)
05-06 09:52:38.396 22578 22578 W s.youtube.musi: Accessing hidden method Ljava/util/Collections$SynchronizedCollection;-><init>(Ljava/util/Collection;Ljava/lang/Object;)V (greylist-max-o, reflection, denied)
05-06 09:52:38.418 22203 22229 I ndroid.calenda: Waiting for a blocking GC ProfileSaver
05-06 09:52:38.419 22578 22578 V MediaRouter: Selecting route: RouteInfo{ name=Phone, description=null, status=null, category=RouteCategory{ name=System types=ROUTE_TYPE_LIVE_AUDIO ROUTE_TYPE_LIVE_VIDEO  groupable=false }, supportedTypes=ROUTE_TYPE_LIVE_AUDIO ROUTE_TYPE_LIVE_VIDEO , presentationDisplay=null }
05-06 09:52:38.425 17365 17412 I PlayCommon: [1384] https://play-lh.googleusercontent.com/kDzXydb6ZT4LUj0RiU-GyptnVgCzzk9snN1FVxj2YfqFb4PpRdQRBKzdz4jzUOxAS9-d=rw-h244-v1-e15 is not cached
05-06 09:52:38.429 22578 22614 I DynamiteModule: Considering local module com.google.android.gms.ads.dynamite:0 and remote module com.google.android.gms.ads.dynamite:253405700
05-06 09:52:38.460 22578 22614 I DynamiteModule: Selected remote version of com.google.android.gms.ads.dynamite, version >= 253405700
05-06 09:52:38.467 21828 22678 I FA-SVC  : App measurement initialized, version: 261332
05-06 09:52:38.504 22225 22264 I .apps.messagin: Waiting for a blocking GC ProfileSaver
05-06 09:52:38.524 22578 22578 W FA      : Service connection failed: jtf{statusCode=UNKNOWN_ERROR_CODE(7777), resolution=null, message=null}
05-06 09:52:38.531 22225 22264 I .apps.messagin: WaitForGcToComplete blocked ProfileSaver on ClassLinker for 26.961ms
05-06 09:52:38.541 22225 22240 I .apps.messagin: WaitForGcToComplete blocked RunEmptyCheckpoint on ProfileSaver for 9.603ms
05-06 09:52:38.561 21828 21828 I GAv4-SVC: Google Analytics 261.3.32 is starting up.
05-06 09:52:38.565 17365 17411 I PlayCommon: [1383] https://play-lh.googleusercontent.com/JddMCm54yYU9Wm3MBEUkVp6f-9boaj148MFVjug9tgdUI0rIIr7PfQHm3XDEhhud3DLFoJlsaA=rw-h598-v1-e15 is not cached
05-06 09:52:38.567 22578 22611 E FA      : Failed to get app instance id
05-06 09:52:38.567 22578 22611 E FA      : Failed to send measurementEnabled to service
05-06 09:52:38.574 22203 22229 I ndroid.calenda: Waiting for a blocking GC ProfileSaver
05-06 09:52:38.578   899   982 D VSC     : @ 299.430: [WO] isFlat() nearest_rotation: 1, flat_angle: 40
05-06 09:52:38.578   899   982 D VSC     : @ 299.430: [WO] orientation angle 80, orientation 1
05-06 09:52:38.581 22203 22229 I ndroid.calenda: WaitForGcToComplete blocked ProfileSaver on RunEmptyCheckpoint for 163.108ms
05-06 09:52:38.653 22578 22626 W s.youtube.musi: Verification of void wsn.<init>(java.util.Map, boolean, vrr, qmg) took 119.167ms (1485.30 bytecodes/s) (7520B approximate peak alloc)
05-06 09:52:38.681 17365 17409 I PlayCommon: [1381] https://play-lh.googleusercontent.com/vQR2-YiWDcZlqwEKTC8CXrB7D0aOI5ABx6D3fDUrFD5-CvAEExKM8BJLEODWxBB4j5y5kfEHyU4=rw-h598-v1-e15 is not cached
05-06 09:52:38.742 16972 16972 I WakefulBroadcastRcvr: Processing wakeful broadcast: android.accounts.LOGIN_ACCOUNTS_CHANGED
05-06 09:52:38.768 16972 22702 I Auth    : [BroadcastManager] [BroadcastManager] Broadcasting account change. [CONTEXT service_id=343 ]
05-06 09:52:38.770 16972 21915 I HeterodyneSyncScheduler: (REDACTED) Scheduling Phenotype for a %s(%d, %s) one off with window [%d, %d] in seconds
05-06 09:52:38.781   543   543 I hwservicemanager: Notifying android.hardware.atrace@1.0::IAtraceDevice/default they have clients: 1
05-06 09:52:38.781 22494 22494 I android.hardware.atrace@1.0-service.pixel: Process has 1 (of 1 available) client(s) in use after notification android.hardware.atrace@1.0::IAtraceDevice has clients: 1
05-06 09:52:38.787 21828 22709 W gle.android.gm: Accessing hidden method Landroid/net/ConnectivityManager;->isNetworkTypeMobile(I)Z (greylist-max-p, reflection, denied)
05-06 09:52:38.796 16972 22167 W NearbySharing: Account name is empty.
05-06 09:52:38.797 16972 22167 I NearbySharing: There is no account metadata, return default instance.
05-06 09:52:38.797 16972 22167 I NearbySharing: There is no account metadata, return default instance.
05-06 09:52:38.817 21828 22708 I Backup  : [GmsBackupAccountManager] Backup account not found in gmscore.
05-06 09:52:38.821 16972 22168 I Auth    : [AppRestrictionsSyncPolicyEngineHolder] Scheduled one of sync due to a new account being added [CONTEXT service_id=343 ]
05-06 09:52:38.828 17165 17165 I BgTaskExecutorImpl: Starting EXCLUSIVE background task PROCESS_ACCOUNT_CHANGE.
05-06 09:52:38.829 16972 21915 W ChimeraUtils: Module com.google.android.gms.backup_base missing resource null(0)
05-06 09:52:38.837 17165 17211 I Search.LoginHelperImpl: #refresh()
05-06 09:52:38.837 17165 17211 I Search.LoginHelperImpl: Getting accounts.
05-06 09:52:38.843 21828 22709 I PaymentsSuwIntentOp: Processing intent action = android.accounts.LOGIN_ACCOUNTS_CHANGED
05-06 09:52:38.859 21828 22045 I GmsCoreXrpcWrapper: (REDACTED) Returning a channel provider with trafficStatsTag=%d trafficStatsUid=%d
05-06 09:52:38.865  1495  4007 D CompatibilityChangeReporter: Compat change id reported: 135634846; UID 10177; state: DISABLED
05-06 09:52:38.865  1495  4007 D CompatibilityChangeReporter: Compat change id reported: 135754954; UID 10177; state: ENABLED
05-06 09:52:38.865  1495  1607 D CompatibilityChangeReporter: Compat change id reported: 143937733; UID 10177; state: ENABLED
05-06 09:52:38.871   866   866 D Zygote  : Forked child process 22729
05-06 09:52:38.874  1495  1607 I ActivityManager: Start proc 22729:com.google.android.setupwizard/u0a177 for content provider {com.google.android.setupwizard/com.google.android.setupwizard.partner.PartnerCustomizationProvider}
05-06 09:52:38.881 21828 22708 I Backup  : [GmsBackupAccountManager] Backup account not found in gmscore.
05-06 09:52:38.887 22729 22729 E oid.setupwizar: Not starting debugger since process cannot load the jdwp agent.
05-06 09:52:38.895 21828 21846 I MdiSyncModule: (REDACTED) Receiving API connection from package '%s'...
05-06 09:52:38.898 21828 21846 I MdiSyncModule: API connection successful!
05-06 09:52:38.905 16972 21915 W ChimeraUtils: Module com.google.android.gms.backup_base missing resource null(0)
05-06 09:52:38.916 17365 17410 I PlayCommon: [1382] https://play-lh.googleusercontent.com/rKQxLlYprk6zJqjd1Mgr5El9tzvl-S2Okj9JSUQaKbuI2Bu2AiMBVDRIe57RMTkNtsoQpIWe2Q=rw-h598-v1-e15 is not cached
05-06 09:52:38.931 22729 22729 I oid.setupwizar: The ClassLoaderContext is a special shared library.
05-06 09:52:38.932 21828 21828 D BoundBrokerSvc: onBind: Intent { act=com.google.android.gms.auth.aang.events.services.AppRestrictionsSyncService.ACTION_TASK_READY dat=chimera-action: cmp=com.google.android.gms/.chimera.GmsInternalBoundBrokerService }
05-06 09:52:38.932 21828 21828 D BoundBrokerSvc: Loading bound service for intent: Intent { act=com.google.android.gms.auth.aang.events.services.AppRestrictionsSyncService.ACTION_TASK_READY dat=chimera-action: cmp=com.google.android.gms/.chimera.GmsInternalBoundBrokerService }
05-06 09:52:38.938 22729 22729 I oid.setupwizar: The ClassLoaderContext is a special shared library.
05-06 09:52:38.939 22729 22729 D nativeloader: classloader namespace configured for unbundled product apk. library_path=/product/priv-app/SetupWizardPrebuilt/lib/arm64:/product/priv-app/SetupWizardPrebuilt/SetupWizardPrebuilt.apk!/lib/arm64-v8a:/product/lib64:/system/product/lib64
05-06 09:52:38.944 16972 22410 I NetworkScheduler.Stats: (REDACTED) Task %s/%s started execution. cause:%s exec_start_elapsed_seconds: %s
05-06 09:52:38.946 17165 17165 I A       : Geller initializer is disabled.
05-06 09:52:38.955 22729 22729 D NetworkSecurityConfig: No Network Security Config specified, using platform default
05-06 09:52:38.955 22729 22729 D NetworkSecurityConfig: No Network Security Config specified, using platform default
05-06 09:52:38.964 17165 17203 I TrainingCacheConnection: onAccountChanged()
05-06 09:52:38.970 22729 22729 W SetupWizard: [PortalUtil] The class com.google.android.setupwizard.util.PartnerResourceS doesn't exist. This could happen when using wrong version of SUW apk. Error get Class:com.google.android.setupwizard.util.PartnerResourceS, com.google.android.setupwizard.util.PartnerResourceS
05-06 09:52:38.970 22729 22729 I chatty  : uid=10177(com.google.android.setupwizard) identical 1 line
05-06 09:52:38.970 22729 22729 W SetupWizard: [PortalUtil] The class com.google.android.setupwizard.util.PartnerResourceS doesn't exist. This could happen when using wrong version of SUW apk. Error get Class:com.google.android.setupwizard.util.PartnerResourceS, com.google.android.setupwizard.util.PartnerResourceS
05-06 09:52:38.970  5277  5277 I TrainingCacheService: onCreate
05-06 09:52:38.971  5277  5277 I TrainingCacheService: onBind
05-06 09:52:38.971 22729 22729 I SetupWizard: [bhj] Start loading FRP status
05-06 09:52:38.975 22729 22729 I SetupWizard: [aom] Enabling all components
05-06 09:52:38.979  3937  3937 D TileServices: Couldn't find tile for ComponentInfo{com.google.android.gms/com.google.android.gms.nearby.sharing.SharingTileService}
05-06 09:52:39.006 21828 22709 I fnuz    : isGlifExpressiveStyleEnabled is false
05-06 09:52:39.007 17365 17412 I PlayCommon: [1384] https://play-lh.googleusercontent.com/78rmZKZt2HHeLMsIH4Ms9BgxrG-hlMmzoynx9jVaRDCLRwb4RZ47hFK7S-P-x7XR1xl5j6N6VZo7X2be3NWyXA=rw-h244-v1-e15 is not cached
05-06 09:52:39.007 16972 17094 I NearbySharing: Failed to log test code 11, due to clearcutLogger is null.
05-06 09:52:39.009 22578 22608 V NativeCrypto: Registering com/google/android/gms/org/conscrypt/NativeCrypto's 336 native methods...
05-06 09:52:39.014 16972 17094 I NearbySharing: Failed to log test code 22, due to clearcutLogger is null.
05-06 09:52:39.017 16972 22167 I NearbySharing: Account has changed. Refreshing send surface state.
05-06 09:52:39.017 16972 22167 I NearbySharing: Uwb feature is off.
05-06 09:52:39.019 16972 22167 I NearbySharing: Stopping scanning because Nearby Sharing is disabled.
05-06 09:52:39.052   553   553 D libnos_transport: Calling app 2 with params 0x0004
05-06 09:52:39.053   553   553 E libnos_datagram: can't send spi message: Try again
05-06 09:52:39.053 21828 21853 W ServiceBindIntentUtils: Dynamic lookup for intent failed for action: com.google.android.gms.payse.service.BIND
05-06 09:52:39.053 16972 22167 I NearbySharing: Stopping Fast Init advertisement because we're not scanning in the foreground.
05-06 09:52:39.058   553   553 E libnos_datagram: can't send spi message: Try again
05-06 09:52:39.060 17165 17227 I MicroDetectionWorker: Initializing MicroDataManager InitializeType-2, isForced-true, isActivePhoneEnrollment-false isActiveGoogleHomeEnrollment-false
05-06 09:52:39.064   553   553 E libnos_datagram: can't send spi message: Try again
05-06 09:52:39.065  5277 18995 I TrainingCacheService: binder onAccountChanged
05-06 09:52:39.070   553   553 E libnos_datagram: can't send spi message: Try again
05-06 09:52:39.075   553   553 E libnos_datagram: can't send spi message: Try again
05-06 09:52:39.082 21828 21828 D BoundBrokerSvc: onBind: Intent { act=com.google.android.gms.payse.service.BIND pkg=com.google.android.gms }
05-06 09:52:39.082 21828 21828 D BoundBrokerSvc: Loading bound service for intent: Intent { act=com.google.android.gms.payse.service.BIND pkg=com.google.android.gms }
05-06 09:52:39.082   553   553 D libnos_transport: App 2 inspection status=0x00000000 reply_len=0 protocol=1 flags=0x0000
05-06 09:52:39.082   553   553 D libnos_transport: Send app 2 command data (1542 bytes)
05-06 09:52:39.083 21828 21828 I BndSvcConfigHelper: No bound-service is registered for action: com.google.android.gms.payse.service.BIND
05-06 09:52:39.083 21828 21828 I BoundBrokerSvc: Bound service not available for: Intent { act=com.google.android.gms.payse.service.BIND pkg=com.google.android.gms }
05-06 09:52:39.083 21828 21828 I GmsApiChimeraSvc: Handling missing api service for: com.google.android.gms.payse.service.BIND
05-06 09:52:39.093   553   553 D libnos_transport: Send app 2 go command 0x00020004
05-06 09:52:39.094   553   553 D libnos_transport: Polling app 2
05-06 09:52:39.097 17165 17207 I A       : Flag controlled groups: CANTEEN
05-06 09:52:39.104 16972 22167 W NearbySharing: Cannot call getActions() on DisabledNearbySharingProviderV2
05-06 09:52:39.105 17165 17207 I A       : Required groups: [TELEPORT, QUERY_DEEP_LINKS, SODA, GENIE_FM, APP_ACTIONS, TCLIB, INTENTS, NGA_CONTEXTUAL, WEBREF, BLACKLIST, NGA_SURVEY, DICTATION_FORMATTING, CORTEX, NGA_MAGICMIC_SEMANTIC, SAFT_SEGMENTER, CANTEEN]
05-06 09:52:39.106  1495  1606 W BroadcastQueue: Background execution not allowed: receiving Intent { act=com.google.android.systemui.OPA_ENABLED flg=0x10000010 (has extras) } to com.google.android.apps.nexuslauncher/.qsb.OPAStatusReceiver
05-06 09:52:39.108 17165 17207 I A       : Missing groups: [SAFT_SEGMENTER, TCLIB, NGA_MAGICMIC_SEMANTIC, BLACKLIST, DICTATION_FORMATTING, CANTEEN, CORTEX, INTENTS, NGA_CONTEXTUAL, TELEPORT, GENIE_FM, QUERY_DEEP_LINKS, APP_ACTIONS, NGA_SURVEY]
05-06 09:52:39.112 16972 22167 I NearbySharing: Not qualified for default opt-in. This account does not have multiple devices.
05-06 09:52:39.114  3937  3937 I OpaEnabledReceiver: Dispatching OPA eligble = true; AGSA = true; OPA enabled = true
05-06 09:52:39.122 17365 17411 I PlayCommon: [1383] https://play-lh.googleusercontent.com/t-zkahogD-OOhCo0yluMUjYIABaihmTmJOfPZ6OzQpTvNQ--fJLRKYZz5dW3ZvQz2ExHg6MbQavI=rw-h585-v1-e15 is not cached
05-06 09:52:39.127 17165 17165 I OpaEligibilityChecker: send OpaEligibilityChange broadcast to CommonBroadcastReceiver
05-06 09:52:39.129 21828 21828 D BoundBrokerSvc: onBind: Intent { act=com.google.android.gms.fido.fido2.regular.START dat=chimera-action: cmp=com.google.android.gms/.chimera.GmsBoundBrokerService }
05-06 09:52:39.130   553   553 D libnos_transport: App 2 polled=9 status=0x80000000 reply_len=76 flags=0x0000
05-06 09:52:39.130   553   553 D libnos_transport: Read app 2 reply data (76 bytes)
05-06 09:52:39.131 16972 22167 I NearbySharing: Scheduled SharingSyncChimeraService periodic task, period: 168 hrs
05-06 09:52:39.131 16972 22167 I NearbySharing: Uwb feature is off.
05-06 09:52:39.132   553   553 D libnos_transport: App 2 returning 0x0
05-06 09:52:39.132 16972 22167 I NearbySharing: Stopping scanning because Nearby Sharing is disabled.
05-06 09:52:39.136 22578 22718 E GoogleApiManager: Failed to get service from broker. 
05-06 09:52:39.136 22578 22718 E GoogleApiManager: java.lang.SecurityException: Unknown calling package name 'com.google.android.gms'.
05-06 09:52:39.136 22578 22718 E GoogleApiManager: 	at android.os.Parcel.createExceptionOrNull(Parcel.java:2373)
05-06 09:52:39.136 22578 22718 E GoogleApiManager: 	at android.os.Parcel.createException(Parcel.java:2357)
05-06 09:52:39.136 22578 22718 E GoogleApiManager: 	at android.os.Parcel.readException(Parcel.java:2340)
05-06 09:52:39.136 22578 22718 E GoogleApiManager: 	at android.os.Parcel.readException(Parcel.java:2282)
05-06 09:52:39.136 22578 22718 E GoogleApiManager: 	at bfan.a(:com.google.android.gms@261332022@26.13.32 (150400-895912391):36)
05-06 09:52:39.136 22578 22718 E GoogleApiManager: 	at beyo.z(:com.google.android.gms@261332022@26.13.32 (150400-895912391):150)
05-06 09:52:39.136 22578 22718 E GoogleApiManager: 	at beep.run(:com.google.android.gms@261332022@26.13.32 (150400-895912391):42)
05-06 09:52:39.136 22578 22718 E GoogleApiManager: 	at android.os.Handler.handleCallback(Handler.java:938)
05-06 09:52:39.136 22578 22718 E GoogleApiManager: 	at android.os.Handler.dispatchMessage(Handler.java:99)
05-06 09:52:39.136 22578 22718 E GoogleApiManager: 	at csqa.ml(:com.google.android.gms@261332022@26.13.32 (150400-895912391):1)
05-06 09:52:39.136 22578 22718 E GoogleApiManager: 	at csqa.dispatchMessage(:com.google.android.gms@261332022@26.13.32 (150400-895912391):5)
05-06 09:52:39.136 22578 22718 E GoogleApiManager: 	at android.os.Looper.loop(Looper.java:223)
05-06 09:52:39.136 22578 22718 E GoogleApiManager: 	at android.os.HandlerThread.run(HandlerThread.java:67)
05-06 09:52:39.137 16972 22167 I NearbySharing: Stopping Fast Init advertisement because we're not scanning in the foreground.
05-06 09:52:39.137 22578 22718 W GoogleApiManager: Not showing notification since connectionResult is not user-facing: ConnectionResult{statusCode=DEVELOPER_ERROR, resolution=null, message=null, clientMethodKey=null}
05-06 09:52:39.138 16972 22167 I NearbySharing: Stopping advertising because Nearby Sharing is disabled.
05-06 09:52:39.139 22578 22676 W FlagRegistrar: Failed to register com.google.android.gms.providerinstaller#com.google.android.apps.youtube.music
05-06 09:52:39.139 22578 22676 W FlagRegistrar: fecl: 17: 17: API: Phenotype.API is not available on this device. Connection failed with: ConnectionResult{statusCode=DEVELOPER_ERROR, resolution=null, message=null, clientMethodKey=null}
05-06 09:52:39.139 22578 22676 W FlagRegistrar: 	at fecn.a(:com.google.android.gms@261332022@26.13.32 (150400-895912391):13)
05-06 09:52:39.139 22578 22676 W FlagRegistrar: 	at gatz.d(:com.google.android.gms@261332022@26.13.32 (150400-895912391):3)
05-06 09:52:39.139 22578 22676 W FlagRegistrar: 	at gaub.run(:com.google.android.gms@261332022@26.13.32 (150400-895912391):130)
05-06 09:52:39.139 22578 22676 W FlagRegistrar: 	at gawk.execute(:com.google.android.gms@261332022@26.13.32 (150400-895912391):1)
05-06 09:52:39.139 22578 22676 W FlagRegistrar: 	at gauj.f(:com.google.android.gms@261332022@26.13.32 (150400-895912391):1)
05-06 09:52:39.139 22578 22676 W FlagRegistrar: 	at gauj.m(:com.google.android.gms@261332022@26.13.32 (150400-895912391):99)
05-06 09:52:39.139 22578 22676 W FlagRegistrar: 	at gauj.r(:com.google.android.gms@261332022@26.13.32 (150400-895912391):17)
05-06 09:52:39.139 22578 22676 W FlagRegistrar: 	at evzs.hF(:com.google.android.gms@261332022@26.13.32 (150400-895912391):35)
05-06 09:52:39.139 22578 22676 W FlagRegistrar: 	at ekrb.run(:com.google.android.gms@261332022@26.13.32 (150400-895912391):12)
05-06 09:52:39.139 22578 22676 W FlagRegistrar: 	at gawk.execute(:com.google.android.gms@261332022@26.13.32 (150400-895912391):1)
05-06 09:52:39.139 22578 22676 W FlagRegistrar: 	at ekrc.b(:com.google.android.gms@261332022@26.13.32 (150400-895912391):18)
05-06 09:52:39.139 22578 22676 W FlagRegistrar: 	at ekrr.b(:com.google.android.gms@261332022@26.13.32 (150400-895912391):34)
05-06 09:52:39.139 22578 22676 W FlagRegistrar: 	at ekrt.d(:com.google.android.gms@261332022@26.13.32 (150400-895912391):25)
05-06 09:52:39.139 22578 22676 W FlagRegistrar: 	at beby.c(:com.google.android.gms@261332022@26.13.32 (150400-895912391):9)
05-06 09:52:39.139 22578 22676 W FlagRegistrar: 	at been.q(:com.google.android.gms@261332022@26.13.32 (150400-895912391):48)
05-06 09:52:39.139 22578 22676 W FlagRegistrar: 	at been.d(:com.google.android.gms@261332022@26.13.32 (150400-895912391):10)
05-06 09:52:39.139 22578 22676 W FlagRegistrar: 	at been.g(:com.google.android.gms@261332022@26.13.32 (150400-895912391):191)
05-06 09:52:39.139 22578 22676 W FlagRegistrar: 	at been.onConnectionFailed(:com.google.android.gms@261332022@26.13.32 (150400-895912391):2)
05-06 09:52:39.139 22578 22676 W FlagRegistrar: 	at beep.run(:com.google.android.gms@261332022@26.13.32 (150400-895912391):70)
05-06 09:52:39.139 22578 22676 W FlagRegistrar: 	at android.os.Handler.handleCallback(Handler.java:938)
05-06 09:52:39.139 22578 22676 W FlagRegistrar: 	at android.os.Handler.dispatchMessage(Handler.java:99)
05-06 09:52:39.139 22578 22676 W FlagRegistrar: 	at csqa.ml(:com.google.android.gms@261332022@26.13.32 (150400-895912391):1)
05-06 09:52:39.139 22578 22676 W FlagRegistrar: 	at csqa.dispatchMessage(:com.google.android.gms@261332022@26.13.32 (150400-895912391):5)
05-06 09:52:39.139 22578 22676 W FlagRegistrar: 	at android.os.Looper.loop(Looper.java:223)
05-06 09:52:39.139 22578 22676 W FlagRegistrar: 	at android.os.HandlerThread.run(HandlerThread.java:67)
05-06 09:52:39.139 22578 22676 W FlagRegistrar: Caused by: beaf: 17: API: Phenotype.API is not available on this device. Connection failed with: ConnectionResult{statusCode=DEVELOPER_ERROR, resolution=null, message=null, clientMethodKey=null}
05-06 09:52:39.139 22578 22676 W FlagRegistrar: 	at beya.a(:com.google.android.gms@261332022@26.13.32 (150400-895912391):15)
05-06 09:52:39.139 22578 22676 W FlagRegistrar: 	at becb.a(:com.google.android.gms@261332022@26.13.32 (150400-895912391):1)
05-06 09:52:39.139 22578 22676 W FlagRegistrar: 	at beby.c(:com.google.android.gms@261332022@26.13.32 (150400-895912391):5)
05-06 09:52:39.139 22578 22676 W FlagRegistrar: 	... 11 more
05-06 09:52:39.142 16972 22167 I NearbySharing: Stopping FastInitiation scanning because visibility is hidden.
05-06 09:52:39.143 16972 22167 I NearbySharing: Fast Initiation Scanning has stopped
05-06 09:52:39.143 16972 22167 I NearbySharing: Dismissing HUN as there's no device nearby.
05-06 09:52:39.150  3937  3937 I OpaEnabledReceiver: Dispatching OPA eligble = true; AGSA = true; OPA enabled = true
05-06 09:52:39.150 21828 21828 D BoundBrokerSvc: Loading bound service for intent: Intent { act=com.google.android.gms.fido.fido2.regular.START dat=chimera-action: cmp=com.google.android.gms/.chimera.GmsBoundBrokerService }
05-06 09:52:39.158 16972 22167 I NearbySharing: Broadcasting NearbySharing state change.
05-06 09:52:39.159   553   553 D libnos_transport: Calling app 2 with params 0x000a
05-06 09:52:39.162   553   553 D libnos_transport: App 2 inspection status=0x00000000 reply_len=0 protocol=1 flags=0x0000
05-06 09:52:39.162   553   553 D libnos_transport: Send app 2 command data (1564 bytes)
05-06 09:52:39.172 21828 21853 I GmsApiChimeraSvc: Using MissingApiServiceBroker for com.google.android.gms.payse.service.BIND due to missing BoundService implementation
05-06 09:52:39.174   553   553 D libnos_transport: Send app 2 go command 0x0002000a
05-06 09:52:39.175   553   553 D libnos_transport: Polling app 2
05-06 09:52:39.181 21828 21828 D BoundBrokerSvc: onBind: Intent { act=com.google.android.gms.ocr.service.START dat=chimera-action: cmp=com.google.android.gms/.chimera.GmsApiService }
05-06 09:52:39.181 21828 21828 D BoundBrokerSvc: Loading bound service for intent: Intent { act=com.google.android.gms.ocr.service.START dat=chimera-action: cmp=com.google.android.gms/.chimera.GmsApiService }
05-06 09:52:39.183 21828 21879 I Auth    : [GeneralRestrictionsSyncer] Starting general restrictions sync [CONTEXT service_id=343 ]
05-06 09:52:39.189   553   553 D libnos_transport: App 2 polled=4 status=0x80000000 reply_len=17 flags=0x0000
05-06 09:52:39.189   553   553 D libnos_transport: Read app 2 reply data (17 bytes)
05-06 09:52:39.191   553   553 D libnos_transport: App 2 returning 0x0
05-06 09:52:39.196   553   553 D libnos_transport: Calling app 2 with params 0x0000
05-06 09:52:39.199   553   553 D libnos_transport: App 2 inspection status=0x00000000 reply_len=0 protocol=1 flags=0x0000
05-06 09:52:39.199   553   553 D libnos_transport: Send app 2 command data (34 bytes)
05-06 09:52:39.199   553   553 D libnos_transport: Send app 2 go command 0x00020000
05-06 09:52:39.200   553   553 D libnos_transport: Polling app 2
05-06 09:52:39.202 17165 17165 I OpaLanguageSplitter: #onAccountChange
05-06 09:52:39.202 17165 17165 I OpaLanguageSplitter: schedule language deferred installation en_US
05-06 09:52:39.206   553   553 D libnos_transport: App 2 polled=2 status=0x80000000 reply_len=0 flags=0x0000
05-06 09:52:39.207   553   553 D libnos_transport: App 2 returning 0x0
05-06 09:52:39.209 17165 17165 I PlayCore: UID: [10173]  PID: [17165] SplitInstallService : deferredLanguageInstall([en-US])
05-06 09:52:39.210   553   553 D libnos_transport: Calling app 2 with params 0x000b
05-06 09:52:39.212   553   553 D libnos_transport: App 2 inspection status=0x00000000 reply_len=0 protocol=1 flags=0x0000
05-06 09:52:39.212   553   553 D libnos_transport: Send app 2 command data (407 bytes)
05-06 09:52:39.216   553   553 D libnos_transport: Send app 2 go command 0x0002000b
05-06 09:52:39.216   553   553 D libnos_transport: Polling app 2
05-06 09:52:39.221   553   553 D libnos_transport: App 2 polled=2 status=0x80000000 reply_len=3 flags=0x0000
05-06 09:52:39.221   553   553 D libnos_transport: Read app 2 reply data (3 bytes)
05-06 09:52:39.221   553   553 D libnos_transport: App 2 returning 0x0
05-06 09:52:39.222   553   553 D libnos_transport: Calling app 2 with params 0x000b
05-06 09:52:39.224   553   553 D libnos_transport: App 2 inspection status=0x00000000 reply_len=0 protocol=1 flags=0x0000
05-06 09:52:39.224   553   553 D libnos_transport: Send app 2 command data (407 bytes)
05-06 09:52:39.227  1495  4007 I ActivityManager: Killing 19095:com.google.android.apps.work.oobconfig/u0a178 (adj 985): empty #17
05-06 09:52:39.228   553   553 D libnos_transport: Send app 2 go command 0x0002000b
05-06 09:52:39.228   553   553 D libnos_transport: Polling app 2
05-06 09:52:39.233   553   553 D libnos_transport: App 2 polled=2 status=0x80000000 reply_len=3 flags=0x0000
05-06 09:52:39.233   553   553 D libnos_transport: Read app 2 reply data (3 bytes)
05-06 09:52:39.235   553   553 D libnos_transport: App 2 returning 0x0
05-06 09:52:39.237   553   553 D libnos_transport: Calling app 2 with params 0x000b
05-06 09:52:39.240   553   553 D libnos_transport: App 2 inspection status=0x00000000 reply_len=0 protocol=1 flags=0x0000
05-06 09:52:39.240   553   553 D libnos_transport: Send app 2 command data (59 bytes)
05-06 09:52:39.241   553   553 D libnos_transport: Send app 2 go command 0x0002000b
05-06 09:52:39.242   553   553 D libnos_transport: Polling app 2
05-06 09:52:39.245 17165 17165 I FedAssAccountListener: onSignedInAccountChanged()
05-06 09:52:39.246   553   553 D libnos_transport: App 2 polled=2 status=0x80000000 reply_len=2 flags=0x0000
05-06 09:52:39.246   553   553 D libnos_transport: Read app 2 reply data (2 bytes)
05-06 09:52:39.247   553   553 D libnos_transport: App 2 returning 0x0
05-06 09:52:39.247   553   562 D libnos_transport: Calling app 2 with params 0x000c
05-06 09:52:39.250   553   562 D libnos_transport: App 2 inspection status=0x00000000 reply_len=0 protocol=1 flags=0x0000
05-06 09:52:39.250   553   562 D libnos_transport: Send app 2 command data (20 bytes)
05-06 09:52:39.250 17165 22776 I PlayCore: UID: [10173]  PID: [17165] SplitInstallService : Initiate binding to the service.
05-06 09:52:39.251   553   562 D libnos_transport: Send app 2 go command 0x0002000c
05-06 09:52:39.251   553   562 D libnos_transport: Polling app 2
05-06 09:52:39.261 17365 17365 I Finsky  : [2] Connecting InstallListener to SplitInstallService broadcaster...
05-06 09:52:39.270  4470  4499 D TelephonyProvider: Using old permission behavior for telephony provider compat
05-06 09:52:39.274  1495  5823 D BiometricService: canAuthenticate: User=0, Caller=0, Authenticators=255
05-06 09:52:39.274  1495  5823 D BiometricService: Package: com.google.android.gms Authenticator ID: 0 Modality: 2 Reported Modality: 2 Status: 6
05-06 09:52:39.274  1495  5823 D AuthService: canAuthenticate, userId: 0, callingUserId: 0, authenticators: 255, result: 11
05-06 09:52:39.278   553   562 D libnos_transport: App 2 polled=9 status=0x80000000 reply_len=74 flags=0x0000
05-06 09:52:39.278   553   562 D libnos_transport: Read app 2 reply data (74 bytes)
05-06 09:52:39.279   553   562 D libnos_transport: App 2 returning 0x0
05-06 09:52:39.284 17365 17411 I PlayCommon: [1383] https://play-lh.googleusercontent.com/saz_RGjP6qH-6Tio_6nOFe8UwjM-4K006SQr7Q31RU-pZbMiWJ8P5lJKQGcU5DptCsp3vEeOzKE=rw-h598-v1-e15 is not cached
05-06 09:52:39.292 17165 17203 I PolicyConfigSyncManager: Get policy config URI.
05-06 09:52:39.295 17165 17227 I MicroDataManager: isInitializing-false locale not changed-true model not changed-true
05-06 09:52:39.296 17165 17227 I MicroDetectionState: Should stop hotword detection immediately - true
05-06 09:52:39.308   553   562 D libnos_transport: Calling app 2 with params 0x0004
05-06 09:52:39.310   553   562 D libnos_transport: App 2 inspection status=0x00000000 reply_len=0 protocol=1 flags=0x0000
05-06 09:52:39.310   553   562 D libnos_transport: Send app 2 command data (1542 bytes)
05-06 09:52:39.310 22578 22608 I s.youtube.musi: Waiting for a blocking GC ClassLinker
05-06 09:52:39.319  1060  1060 W ServiceManager: Permission failure: android.permission.SYSTEM_CAMERA from uid=10188 pid=21828
05-06 09:52:39.320  1060  1060 W ServiceManager: Permission failure: android.permission.SYSTEM_CAMERA from uid=10188 pid=21828
05-06 09:52:39.321   553   562 D libnos_transport: Send app 2 go command 0x00020004
05-06 09:52:39.321   553   562 D libnos_transport: Polling app 2
05-06 09:52:39.323  1060  1060 W ServiceManager: Permission failure: android.permission.SYSTEM_CAMERA from uid=10188 pid=21828
05-06 09:52:39.324  1060  1060 W ServiceManager: Permission failure: android.permission.SYSTEM_CAMERA from uid=10188 pid=21828
05-06 09:52:39.332   553   562 D libnos_transport: App 2 polled=5 status=0x80000000 reply_len=76 flags=0x0000
05-06 09:52:39.332   553   562 D libnos_transport: Read app 2 reply data (76 bytes)
05-06 09:52:39.333   553   562 D libnos_transport: App 2 returning 0x0
05-06 09:52:39.335  4470 19565 E PhoneInterfaceManager: [PhoneIntfMgr] getIccId: No UICC
05-06 09:52:39.335 21828 21828 D BoundBrokerSvc: onBind: Intent { act=com.google.android.gms.chimera.container.moduleinstall.ModuleInstallService.START dat=chimera-action: cmp=com.google.android.gms/.chimera.GmsApiService }
05-06 09:52:39.336 21828 21828 D BoundBrokerSvc: Loading bound service for intent: Intent { act=com.google.android.gms.chimera.container.moduleinstall.ModuleInstallService.START dat=chimera-action: cmp=com.google.android.gms/.chimera.GmsApiService }
05-06 09:52:39.348  1495  5697 D CompatibilityChangeReporter: Compat change id reported: 124107808; UID 10188; state: ENABLED
05-06 09:52:39.348   866   866 I Zygote  : Process 19095 exited due to signal 9 (Killed)
05-06 09:52:39.350  4470  4499 E DatabaseUtils: Writing exception to parcel
05-06 09:52:39.350  4470  4499 E DatabaseUtils: java.lang.SecurityException: No permission to access APN settings
05-06 09:52:39.350  4470  4499 E DatabaseUtils: 	at com.android.providers.telephony.TelephonyProvider.checkPermission(TelephonyProvider.java:3960)
05-06 09:52:39.350  4470  4499 E DatabaseUtils: 	at com.android.providers.telephony.TelephonyProvider.checkPermissionCompat(TelephonyProvider.java:3977)
05-06 09:52:39.350  4470  4499 E DatabaseUtils: 	at com.android.providers.telephony.TelephonyProvider.query(TelephonyProvider.java:2930)
05-06 09:52:39.350  4470  4499 E DatabaseUtils: 	at android.content.ContentProvider.query(ContentProvider.java:1379)
05-06 09:52:39.350  4470  4499 E DatabaseUtils: 	at android.content.ContentProvider.query(ContentProvider.java:1475)
05-06 09:52:39.350  4470  4499 E DatabaseUtils: 	at android.content.ContentProvider$Transport.query(ContentProvider.java:278)
05-06 09:52:39.350  4470  4499 E DatabaseUtils: 	at android.content.ContentProviderNative.onTransact(ContentProviderNative.java:106)
05-06 09:52:39.350  4470  4499 E DatabaseUtils: 	at android.os.Binder.execTransactInternal(Binder.java:1159)
05-06 09:52:39.350  4470  4499 E DatabaseUtils: 	at android.os.Binder.execTransact(Binder.java:1123)
05-06 09:52:39.353 21828 22760 E RequestContextBuilder: Could not get APN after (but including) LollipopMr1: 
05-06 09:52:39.353 21828 22760 E RequestContextBuilder: java.lang.SecurityException: No permission to access APN settings
05-06 09:52:39.353 21828 22760 E RequestContextBuilder: 	at android.os.Parcel.createExceptionOrNull(Parcel.java:2373)
05-06 09:52:39.353 21828 22760 E RequestContextBuilder: 	at android.os.Parcel.createException(Parcel.java:2357)
05-06 09:52:39.353 21828 22760 E RequestContextBuilder: 	at android.os.Parcel.readException(Parcel.java:2340)
05-06 09:52:39.353 21828 22760 E RequestContextBuilder: 	at android.database.DatabaseUtils.readExceptionFromParcel(DatabaseUtils.java:190)
05-06 09:52:39.353 21828 22760 E RequestContextBuilder: 	at android.database.DatabaseUtils.readExceptionFromParcel(DatabaseUtils.java:142)
05-06 09:52:39.353 21828 22760 E RequestContextBuilder: 	at android.content.ContentProviderProxy.query(ContentProviderNative.java:472)
05-06 09:52:39.353 21828 22760 E RequestContextBuilder: 	at android.content.ContentResolver.query(ContentResolver.java:1183)
05-06 09:52:39.353 21828 22760 E RequestContextBuilder: 	at android.content.ContentResolver.query(ContentResolver.java:1115)
05-06 09:52:39.353 21828 22760 E RequestContextBuilder: 	at android.content.ContentResolver.query(ContentResolver.java:1071)
05-06 09:52:39.353 21828 22760 E RequestContextBuilder: 	at frfy.c(:com.google.android.gms@261332022@26.13.32 (150400-895912391):114)
05-06 09:52:39.353 21828 22760 E RequestContextBuilder: 	at fpds.c(:com.google.android.gms@261332022@26.13.32 (150400-895912391):415)
05-06 09:52:39.353 21828 22760 E RequestContextBuilder: 	at fpcc.b(:com.google.android.gms@261332022@26.13.32 (150400-895912391):44)
05-06 09:52:39.353 21828 22760 E RequestContextBuilder: 	at hqhk.w(:com.google.android.gms@261332022@26.13.32 (150400-895912391):11)
05-06 09:52:39.353 21828 22760 E RequestContextBuilder: 	at hqsl.run(:com.google.android.gms@261332022@26.13.32 (150400-895912391):112)
05-06 09:52:39.353 21828 22760 E RequestContextBuilder: 	at bfue.c(:com.google.android.gms@261332022@26.13.32 (150400-895912391):50)
05-06 09:52:39.353 21828 22760 E RequestContextBuilder: 	at bfue.run(:com.google.android.gms@261332022@26.13.32 (150400-895912391):73)
05-06 09:52:39.353 21828 22760 E RequestContextBuilder: 	at java.util.concurrent.ThreadPoolExecutor.runWorker(ThreadPoolExecutor.java:1167)
05-06 09:52:39.353 21828 22760 E RequestContextBuilder: 	at java.util.concurrent.ThreadPoolExecutor$Worker.run(ThreadPoolExecutor.java:641)
05-06 09:52:39.353 21828 22760 E RequestContextBuilder: 	at bfzv.run(:com.google.android.gms@261332022@26.13.32 (150400-895912391):8)
05-06 09:52:39.353 21828 22760 E RequestContextBuilder: 	at java.lang.Thread.run(Thread.java:923)
05-06 09:52:39.356  1495  1608 I libprocessgroup: Successfully killed process cgroup uid 10178 pid 19095 in 128ms
05-06 09:52:39.360   553   562 D libnos_transport: Calling app 2 with params 0x000a
05-06 09:52:39.362   553   562 D libnos_transport: App 2 inspection status=0x00000000 reply_len=0 protocol=1 flags=0x0000
05-06 09:52:39.362   553   562 D libnos_transport: Send app 2 command data (1564 bytes)
05-06 09:52:39.363 17165 17232 I Search.LoginHelperImpl: Successfully received auth token for scope: oauth2:https://www.googleapis.com/auth/googlenow in time 309 ms
05-06 09:52:39.372 21828 21860 W ocrDataLoader: Availability check via ocr service failed: 
