05-06 09:52:22.439 21828 21893 I Pay     : [SeTosMigration] walletJpEligibility is not enabled [CONTEXT service_id=198 ]
05-06 09:52:22.449 21828 21893 I Pay     : (REDACTED) Wallet install state %s
05-06 09:52:22.450 21828 21893 I Pay     : Migration flag not enabled. [CONTEXT service_id=198 ]
05-06 09:52:22.455 16972 21542 I NetworkScheduler.Stats: (REDACTED) Task %s/%s finished executing. cause:%s result: %s elapsed_millis: %s uptime_millis: %s exec_start_elapsed_seconds: %s
05-06 09:52:22.498   899   982 D VSC     : @ 283.350: [WO] isFlat() nearest_rotation: 1, flat_angle: 40
05-06 09:52:22.498   899   982 D VSC     : @ 283.350: [WO] orientation angle 80, orientation 1
05-06 09:52:22.513 21828 21914 I FRP     : (REDACTED) [FrpUpdateIntentOperation] Intent received: %s
05-06 09:52:22.519 21828 21914 I FRP     : [FrpUpdateIntentOperation] No FRP data present in app restriction, using current Google accounts. [CONTEXT service_id=341 ]
05-06 09:52:22.521 21828 21914 I FRP     : (REDACTED) [FactoryResetProtectionManager] Updating data block with %d accountIds (lockscreen sufficient = %b)
05-06 09:52:22.534  5252  5465 I ModelReloader: Cancelled all jobs.
05-06 09:52:22.534  5252  5465 I AmbientMusicServiceMana: Unloading model 9f6ad62a-1f0b-11e7-87c5-40a8f03d3f15
05-06 09:52:22.534  5252  5465 I SoundTriggerManagerComp: Unloading model 9f6ad62a-1f0b-11e7-87c5-40a8f03d3f15
05-06 09:52:22.535 21828 21914 W FRP     : [PersistentDataBlockImpl] Supplied DataBlockContainer is null. Proceeding to erase stored data. [CONTEXT service_id=341 ]
05-06 09:52:22.535  1495  5705 I SoundTriggerService: deleteSoundModel(): id = 9f6ad62a-1f0b-11e7-87c5-40a8f03d3f15
05-06 09:52:22.535 16972 21905 I NearbyMediums: ModuleInitializer handles incoming intent com.google.android.gms.phenotype.com.google.android.gms.nearby.COMMITTED
05-06 09:52:22.535  1495  5705 E SoundTriggerService: error onStop(): Model 9f6ad62a-1f0b-11e7-87c5-40a8f03d3f15 has no stats available
05-06 09:52:22.538 16972 21761 I NearbyConnections: Runtime state initialization complete. Nearby connections setting is disabled
05-06 09:52:22.543  5252  5465 I AmbientMusicServiceMana: Disabling ambient music service unexpectedly. Permission revoked?
05-06 09:52:22.543 21828 21914 I FRP     : (REDACTED) [FactoryResetProtectionManager] Write complete, result: %d
05-06 09:52:22.544  5252  5465 I ModelReloader: Cancelled all jobs.
05-06 09:52:22.544  5252  5465 I AmbientMusicServiceMana: Unloading model 9f6ad62a-1f0b-11e7-87c5-40a8f03d3f15
05-06 09:52:22.544  5252  5465 I SoundTriggerManagerComp: Unloading model 9f6ad62a-1f0b-11e7-87c5-40a8f03d3f15
05-06 09:52:22.544  1495  4013 I SoundTriggerService: deleteSoundModel(): id = 9f6ad62a-1f0b-11e7-87c5-40a8f03d3f15
05-06 09:52:22.545  1495  4013 E SoundTriggerService: error onStop(): Model 9f6ad62a-1f0b-11e7-87c5-40a8f03d3f15 has no stats available
05-06 09:52:22.550  5252  5838 I FederatedAnalyticsState: FA enablement allowed = false
05-06 09:52:22.561 21828 21873 I NearbyFastPair: (REDACTED) TaskSchedulerUtils cancelTask %s success.
05-06 09:52:22.570 16972 16972 I NearbyFastPair: DynamicSupportModule: doReceive update intent [CONTEXT service_id=265 ]
05-06 09:52:22.571 16972 17094 I NearbyFastPair: DynamicSupportModule: onSupportStateUpdate start [CONTEXT service_id=265 ]
05-06 09:52:22.573 16972 17094 I NearbyFastPair: DynamicSupportModule: onSupportStateUpdate end [CONTEXT service_id=265 ]
05-06 09:52:22.581  3937  3937 D TileServices: Couldn't find tile for ComponentInfo{com.google.android.gms/com.google.android.gms.nearby.sharing.SharingTileService}
05-06 09:52:22.591 21828 21883 I NearbySharing: onBindSlice failed since shareTargets is empty
05-06 09:52:22.596 21828 21883 I NearbySharing: Granted slice and uri permissions to android
05-06 09:52:22.598 21828 21883 I NearbySharing: Granted slice and uri permissions to com.google.android.apps.nbu.files
05-06 09:52:22.599 21828 21883 I NearbySharing: com.google.android.gms.nearby.sharing.receive.SamsungQrCodeActivity enable=false
05-06 09:52:22.605 16972 16972 I NearbySharing: ReceiveSurfaceService started
05-06 09:52:22.606 16972 16972 I NearbySharing: SendSurfaceService started
05-06 09:52:22.609 21828 21883 I NearbySharing: Runtime state initialization complete. Sharing is enabled.
05-06 09:52:22.724 21828 21828 D BoundBrokerSvc: onBind: Intent { act=com.google.android.gms.common.BIND_SHARED_PREFS pkg=com.google.android.gms }
05-06 09:52:22.724 21828 21828 D BoundBrokerSvc: Loading bound service for intent: Intent { act=com.google.android.gms.common.BIND_SHARED_PREFS pkg=com.google.android.gms }
05-06 09:52:23.418   900   951 I android.hardware.thermal@2.0-service.pixel: skin-therm-monitor: 40.386
05-06 09:52:24.498   899   982 D VSC     : @ 285.350: [WO] isFlat() nearest_rotation: 1, flat_angle: 40
05-06 09:52:24.498   899   982 D VSC     : @ 285.350: [WO] orientation angle 80, orientation 1
05-06 09:52:24.569  6851  6889 D DeviceStateHelper: Audo mode: 0
05-06 09:52:24.573  6851  6889 D DeviceStateHelper: Audo mode: 0
05-06 09:52:25.111 21922 21924 I cmd     : oneway function results will be dropped but finished with status OK and parcel size 4
05-06 09:52:25.202 21932 21934 I cmd     : oneway function results will be dropped but finished with status OK and parcel size 4
05-06 09:52:25.203  5252  5713 I AiAiAutofill: Disconnected AiAiAugmentedAutofillService.
05-06 09:52:25.206  1495  1495 W ServiceConnector.Impl: mayInterruptIfRunning not supported - ignoring
05-06 09:52:25.218  5252  5713 W AiAiAutofill: Failed to set whitelist for augmented autofill service.
05-06 09:52:25.218  5252  5713 W AiAiAutofill: java.lang.SecurityException: caller is not user's Augmented Autofill Service
05-06 09:52:25.218  5252  5713 W AiAiAutofill: 	at android.view.autofill.AutofillManager.setAugmentedAutofillWhitelist(AutofillManager.java:2074)
05-06 09:52:25.218  5252  5713 W AiAiAutofill: 	at boz.a(PG:10)
05-06 09:52:25.218  5252  5713 W AiAiAutofill: 	at bpv.c(PG:6)
05-06 09:52:25.218  5252  5713 W AiAiAutofill: 	at bpv.d(Unknown Source:3)
05-06 09:52:25.218  5252  5713 W AiAiAutofill: 	at bpv.a(PG:53)
05-06 09:52:25.218  5252  5713 W AiAiAutofill: 	at bpa.a(PG:64)
05-06 09:52:25.218  5252  5713 W AiAiAutofill: 	at bij.run(Unknown Source:12)
05-06 09:52:25.218  5252  5713 W AiAiAutofill: 	at csp.run(Unknown Source:6)
05-06 09:52:25.218  5252  5713 W AiAiAutofill: 	at java.util.concurrent.Executors$RunnableAdapter.call(Executors.java:462)
05-06 09:52:25.218  5252  5713 W AiAiAutofill: 	at java.util.concurrent.FutureTask.run(FutureTask.java:266)
05-06 09:52:25.218  5252  5713 W AiAiAutofill: 	at java.util.concurrent.ScheduledThreadPoolExecutor$ScheduledFutureTask.run(ScheduledThreadPoolExecutor.java:301)
05-06 09:52:25.218  5252  5713 W AiAiAutofill: 	at java.util.concurrent.ThreadPoolExecutor.runWorker(ThreadPoolExecutor.java:1167)
05-06 09:52:25.218  5252  5713 W AiAiAutofill: 	at java.util.concurrent.ThreadPoolExecutor$Worker.run(ThreadPoolExecutor.java:641)
05-06 09:52:25.218  5252  5713 W AiAiAutofill: 	at ctg.run(Unknown Source:144)
05-06 09:52:25.218  5252  5713 W AiAiAutofill: 	at java.lang.Thread.run(Thread.java:923)
05-06 09:52:25.218  5252  5713 I AiAiAutofill: Connected AiAiAugmentedAutofillService.
05-06 09:52:25.270 21828 21828 D BoundBrokerSvc: onBind: Intent { act=com.google.android.gms.autofill.operation.AutofillImeRegisterTaskBoundService.ACTION_TASK_READY dat=chimera-action: cmp=com.google.android.gms/.chimera.GmsInternalBoundBrokerService }
05-06 09:52:25.270 21828 21828 D BoundBrokerSvc: Loading bound service for intent: Intent { act=com.google.android.gms.autofill.operation.AutofillImeRegisterTaskBoundService.ACTION_TASK_READY dat=chimera-action: cmp=com.google.android.gms/.chimera.GmsInternalBoundBrokerService }
05-06 09:52:25.280 21935 21935 D AndroidRuntime: >>>>>> START com.android.internal.os.RuntimeInit uid 2000 <<<<<<
05-06 09:52:25.277 21935 21935 W app_process: type=1400 audit(0.0:498): avc: denied { read } for name="u:object_r:device_config_runtime_native_boot_prop:s0" dev="tmpfs" ino=7793 scontext=u:r:shell:s0 tcontext=u:object_r:device_config_runtime_native_boot_prop:s0 tclass=file permissive=0 b/175106535
05-06 09:52:25.277 21935 21935 I chatty  : uid=2000(shell) app_process identical 2 lines
05-06 09:52:25.277 21935 21935 W app_process: type=1400 audit(0.0:501): avc: denied { read } for name="u:object_r:device_config_runtime_native_boot_prop:s0" dev="tmpfs" ino=7793 scontext=u:r:shell:s0 tcontext=u:object_r:device_config_runtime_native_boot_prop:s0 tclass=file permissive=0 b/175106535
05-06 09:52:25.282 21935 21935 E libc    : Access denied finding property "persist.device_config.runtime_native_boot.profilebootclasspath"
05-06 09:52:25.282 16972 18259 I NetworkScheduler.Stats: (REDACTED) Task %s/%s started execution. cause:%s exec_start_elapsed_seconds: %s
05-06 09:52:25.282 21935 21935 E libc    : Access denied finding property "persist.device_config.runtime_native_boot.enable_apex_image"
05-06 09:52:25.282 21935 21935 I AndroidRuntime: Using default boot image
05-06 09:52:25.282 21935 21935 E libc    : Access denied finding property "persist.device_config.runtime_native_boot.disable_lock_profiling"
05-06 09:52:25.282 21935 21935 I AndroidRuntime: Leaving lock profiling enabled
05-06 09:52:25.282 21935 21935 E libc    : Access denied finding property "persist.device_config.runtime_native_boot.enable_generational_cc"
05-06 09:52:25.284 21828 21866 I AutofillImeRegisterTask: onRunTask(): AutofillImeRegisterTask running [CONTEXT service_id=177 ]
05-06 09:52:25.305 21828 21866 I AutofillImeRegisterTask: scheduleTask(): AutofillImeRegisterTask scheduled [CONTEXT service_id=177 ]
05-06 09:52:25.312 21828 21828 D BoundBrokerSvc: onUnbind: Intent { act=com.google.android.gms.autofill.operation.AutofillImeRegisterTaskBoundService.ACTION_TASK_READY dat=chimera-action: cmp=com.google.android.gms/.chimera.GmsInternalBoundBrokerService }
05-06 09:52:25.313 16972 21899 I NetworkScheduler.Stats: (REDACTED) Task %s/%s finished executing. cause:%s result: %s elapsed_millis: %s uptime_millis: %s exec_start_elapsed_seconds: %s
05-06 09:52:25.352 21935 21935 D app_process: Time zone APEX ICU file found: /apex/com.android.tzdata/etc/icu/icu_tzdata.dat
05-06 09:52:25.353 21935 21935 D app_process: I18n APEX ICU file found: /apex/com.android.i18n/etc/icu/icudt66l.dat
05-06 09:52:25.362 21935 21935 I app_process: The ClassLoaderContext is a special shared library.
05-06 09:52:25.380 21935 21935 W app_process: JNI RegisterNativeMethods: attempt to register 0 native methods for android.media.AudioAttributes
05-06 09:52:25.385 21935 21935 D AndroidRuntime: Calling main entry com.android.commands.input.Input
05-06 09:52:25.392  1495  1619 V DisplayPowerController: Brightness [0.035433073] reason changing to: 'manual', previous reason: 'manual [ dim ]'.
05-06 09:52:25.394  1495  3853 D ConnectivityService: NetReassign [no changes]
05-06 09:52:25.395 21935 21935 D AndroidRuntime: Shutting down VM
05-06 09:52:25.396  3937  3937 V ShadeControllerImpl: NotificationShadeWindow: com.android.systemui.statusbar.phone.NotificationShadeWindowView{8780d12 I.E...... ......ID 0,0-1080,2340} canPanelBeCollapsed(): false
05-06 09:52:25.396  1495  1598 I ActivityTaskManager: START u0 {act=android.intent.action.MAIN cat=[android.intent.category.HOME] flg=0x10000100 cmp=com.google.android.apps.nexuslauncher/.NexusLauncherActivity (has extras)} from uid 0
05-06 09:52:25.408 16972 16987 I .gms.persisten: Background young concurrent copying GC freed 975400(45MB) AllocSpace objects, 67(3324KB) LOS objects, 67% free, 23MB/71MB, paused 110us total 147.610ms
05-06 09:52:25.409  3937  3937 V ShadeControllerImpl: NotificationShadeWindow: com.android.systemui.statusbar.phone.NotificationShadeWindowView{8780d12 I.E...... ......ID 0,0-1080,2340} canPanelBeCollapsed(): false
05-06 09:52:25.892 21690 21690 I abb     : StartCommandInProcess(73657474696e67730067657400676c6f settings.get.glo [truncated])
05-06 09:52:25.896 21690 21742 I abb     : oneway function results will be dropped but finished with status OK and parcel size 4
05-06 09:52:25.890  1495  1495 W Binder:1495_F: type=1400 audit(0.0:502): avc: denied { getopt } for scontext=u:r:system_server:s0 tcontext=u:r:shell:s0 tclass=unix_stream_socket permissive=0
05-06 09:52:25.897 21690 21690 I abb     : StartCommandInProcess(7061636b61676500696e7374616c6c00 package.install. [truncated])
05-06 09:52:26.284  1495  3382 W RuleEvaluation: Integrity rule files are not available.
05-06 09:52:26.285  1495  1627 I PackageManager: Integrity check passed for file:///data/app/vmdl1439750035.tmp
05-06 09:52:26.309  1495  1627 D CompatibilityChangeReporter: Compat change id reported: 135549675; UID 10272; state: ENABLED
05-06 09:52:26.313  1495  1627 I PackageManager: Permission ownership changed. Updating all permissions.
05-06 09:52:26.433  1495  1627 W PackageManager: User 0 is not ready. Restore at install didn't take place.
05-06 09:52:26.434  1495  1627 I AppsFilter: interaction: PackageSetting{63239f4 com.google.testing.helium.utp.android.companion.instrumentations.locale/10271} -> PackageSetting{7c3351d com.google.testing.helium.utp.android.companion.backdrop/10272} BLOCKED
05-06 09:52:26.435  1070  1070 E installd: Couldn't opendir /data/app/vmdl1439750035.tmp: No such file or directory
05-06 09:52:26.435  1070  1070 E installd: Failed to delete /data/app/vmdl1439750035.tmp: No such file or directory
05-06 09:52:26.436 21690 21742 I abb     : oneway function results will be dropped but finished with status OK and parcel size 4
05-06 09:52:26.434  1495  1495 W Binder:1495_F: type=1400 audit(0.0:506): avc: denied { getopt } for scontext=u:r:system_server:s0 tcontext=u:r:shell:s0 tclass=unix_stream_socket permissive=0
05-06 09:52:26.451  1495  1597 I RoleManagerService: Granting default roles...
05-06 09:52:26.434  1495  1495 I chatty  : uid=1000(system) Binder:1495_3 identical 1 line
05-06 09:52:26.434  1495  1495 W Binder:1495_F: type=1400 audit(0.0:508): avc: denied { getopt } for scontext=u:r:system_server:s0 tcontext=u:r:shell:s0 tclass=unix_stream_socket permissive=0
05-06 09:52:26.460  1495  3372 I InputReader: Reconfiguring input devices, changes=KEYBOARD_LAYOUTS | 
05-06 09:52:26.466  3915  3915 V AvrcpMediaPlayerList: mPackageChangedBroadcastReceiver: action: android.intent.action.PACKAGE_CHANGED
05-06 09:52:26.466  3915  3915 D AvrcpMediaPlayerList: Name of package changed: com.google.android.gms
05-06 09:52:26.478  1495  6690 I ActivityTaskManager: START u0 {act=android.intent.action.MAIN cat=[android.intent.category.LAUNCHER] flg=0x10000000 cmp=com.google.testing.helium.utp.android.companion.backdrop/.BackdropActivity} from uid 2000
05-06 09:52:26.498   899   982 D VSC     : @ 287.350: [WO] isFlat() nearest_rotation: 1, flat_angle: 40
05-06 09:52:26.498   899   982 D VSC     : @ 287.350: [WO] orientation angle 80, orientation 1
05-06 09:52:26.507  5359  5359 D RegisteredNfcFServicesCache: Service unchanged, not updating
05-06 09:52:26.518  4470  4470 E PhoneInterfaceManager: [PhoneIntfMgr] getCarrierPackageNamesForIntentAndPhone: No UICC
05-06 09:52:26.518  4470  4470 D CarrierSvcBindHelper: No carrier app for: 0
05-06 09:52:26.518  4470  4470 D ImsResolver: maybeAddedImsService, packageName: com.google.android.gms
05-06 09:52:26.525  1495  1495 I Telecom : DefaultDialerCache: Refreshing default dialer for user 0: now com.google.android.dialer: DDC.oR@AYY
05-06 09:52:26.528   967  3866 D AF::TrackHandle: OpPlayAudio: track:55 usage:3 not muted
05-06 09:52:26.532   967  3866 I chatty  : uid=1041(audioserver) Binder:967_3 identical 3 lines
05-06 09:52:26.532   967  3866 D AF::TrackHandle: OpPlayAudio: track:55 usage:3 not muted
05-06 09:52:26.534  5326  5326 I MediaProvider: Invalidating LocalCallingIdentity cache for package com.google.testing.helium.utp.android.companion.backdrop. Reason: package android.intent.action.PACKAGE_ADDED
05-06 09:52:26.536  3915  3915 V AvrcpMediaPlayerList: mPackageChangedBroadcastReceiver: action: android.intent.action.PACKAGE_ADDED
05-06 09:52:26.536  3915  3915 D AvrcpMediaPlayerList: Name of package changed: com.google.testing.helium.utp.android.companion.backdrop
05-06 09:52:26.537  5277  5277 I GsaVoiceInteractionSrv: O received Intent { act=android.intent.action.PACKAGE_ADDED dat=package:com.google.testing.helium.utp.android.companion.backdrop flg=0x4000010 (has extras) }
05-06 09:52:26.545 17567 17567 I Finsky:background: [2] ajcc - Received: android.intent.action.PACKAGE_ADDED, [TorxThvULZ9h57LGfrKcyxFh_Omp7gT62-yH8wyl0T4]
05-06 09:52:26.547 17365 17365 I Finsky  : [2] ajcn - Received: android.intent.action.PACKAGE_ADDED, [TorxThvULZ9h57LGfrKcyxFh_Omp7gT62-yH8wyl0T4]
05-06 09:52:26.547  1495  1606 W BroadcastQueue: Background execution not allowed: receiving Intent { act=android.intent.action.PACKAGE_ADDED dat=package:com.google.testing.helium.utp.android.companion.backdrop flg=0x4000010 (has extras) } to com.google.android.packageinstaller/com.android.packageinstaller.PackageInstalledReceiver
05-06 09:52:26.548  1495  1606 W BroadcastQueue: Background execution not allowed: receiving Intent { act=android.intent.action.PACKAGE_ADDED dat=package:com.google.testing.helium.utp.android.companion.backdrop flg=0x4000010 (has extras) } to com.android.vending/com.google.android.finsky.packagemonitor.impl.PackageMonitorReceiverImpl$RegisteredReceiver
05-06 09:52:26.548  1495  1606 W BroadcastQueue: Background execution not allowed: receiving Intent { act=android.intent.action.PACKAGE_ADDED dat=package:com.google.testing.helium.utp.android.companion.backdrop flg=0x4000010 (has extras) } to com.android.vending/com.google.android.finsky.packagemonitor.backgroundimpl.BackgroundPackageMonitorReceiverImpl$RegisteredReceiver
05-06 09:52:26.548  1495  1606 W BroadcastQueue: Background execution not allowed: receiving Intent { act=android.intent.action.PACKAGE_ADDED dat=package:com.google.testing.helium.utp.android.companion.backdrop flg=0x4000010 (has extras) } to com.google.android.gms/.gass.chimera.PackageChangeBroadcastReceiver
05-06 09:52:26.554  1495  1600 D CompatibilityChangeReporter: Compat change id reported: 135634846; UID 10272; state: DISABLED
05-06 09:52:26.554  1495  1600 D CompatibilityChangeReporter: Compat change id reported: 135754954; UID 10272; state: ENABLED
05-06 09:52:26.554  1495  1607 D CompatibilityChangeReporter: Compat change id reported: 143937733; UID 10272; state: ENABLED
05-06 09:52:26.565   866   866 D Zygote  : Forked child process 21963
05-06 09:52:26.576 21963 21963 I panion.backdro: Late-enabling -Xcheck:jni
05-06 09:52:26.581 17365 17473 I Finsky  : [1409] AIM: AppInfoManager-Perf > OnDeviceAppInfo > cacheHitCount=0, cacheMissCount=1. Missed  in cache (limit 10) : [com.google.testing.helium.utp.android.companion.backdrop]
05-06 09:52:26.584 17365 21280 I Finsky  : [1535] SCH: Received scheduling request: Id: 12-1, Constraints: [{ L: 15000, D: 86400000, C: CHARGING_NONE, I: IDLE_NONE, N: NET_ANY, B: BATTERY_ANY }]
05-06 09:52:26.590  1495  1606 W BroadcastQueue: Background execution not allowed: receiving Intent { act=android.intent.action.PACKAGE_ADDED dat=package:com.google.testing.helium.utp.android.companion.backdrop flg=0x4000010 (has extras) } to com.google.android.gms/.chimera.GmsIntentOperationService$PersistentTrustedReceiver
05-06 09:52:26.592  5359  5359 D RegisteredNfcFServicesCache: Service unchanged, not updating
05-06 09:52:26.592 21963 21963 I panion.backdro: Unquickening 12 vdex files!
05-06 09:52:26.593 17365 17365 I Finsky  : [2] Do not start WearSupportService due to Wear service optimization
05-06 09:52:26.594  1495  1607 I ActivityManager: Start proc 21963:com.google.testing.helium.utp.android.companion.backdrop/u0a272 for pre-top-activity {com.google.testing.helium.utp.android.companion.backdrop/com.google.testing.helium.utp.android.companion.backdrop.BackdropActivity}
05-06 09:52:26.596  1495  1606 W BroadcastQueue: Background execution not allowed: receiving Intent { act=android.intent.action.PACKAGE_ADDED dat=package:com.google.testing.helium.utp.android.companion.backdrop flg=0x4000010 (has extras) } to com.google.android.googlequicksearchbox/com.google.android.apps.gsa.googlequicksearchbox.GelStubAppWatcher
05-06 09:52:26.597  4805  4813 I adbd    : jdwp connection from 21963
05-06 09:52:26.598 17365 17473 I Finsky  : [1409] AIM: Got app ownership map. App counts: . Unique apps: 0
05-06 09:52:26.598 17365 17473 E Finsky  : [1409] [Counters] attempted to use a non-positive increment for: 4752
05-06 09:52:26.601 17567 21313 I Finsky:background: [1466] Wrote row to frosting DB: 392
05-06 09:52:26.604   967  3866 D AF::TrackHandle: OpPlayAudio: track:55 usage:3 not muted
05-06 09:52:26.605 17365 17365 I Finsky  : [2] Clearing split related stale data.
05-06 09:52:26.605  1495  1597 W Looper  : Slow dispatch took 148ms android.fg h=android.os.Handler c=android.app.-$$Lambda$LoadedApk$ReceiverDispatcher$Args$_BumDX2UKsnxLVrE6UJsJZkotuA@a6503 m=0
05-06 09:52:26.605 17365 17365 I Finsky  : [2] DTU: Received onPackageAdded, replacing: false
05-06 09:52:26.611 17365 17473 E Finsky  : [1409] [Counters] attempted to use a non-positive increment for: 4753
05-06 09:52:26.618  1495  3372 I InputReader: Reconfiguring input devices, changes=KEYBOARD_LAYOUTS | 
05-06 09:52:26.620  1495  1506 I system_server: Background concurrent copying GC freed 883056(38MB) AllocSpace objects, 89(8344KB) LOS objects, 75% free, 31MB/126MB, paused 79us total 184.887ms
05-06 09:52:26.622   967  3866 D AF::TrackHandle: OpPlayAudio: track:55 usage:3 not muted
05-06 09:52:26.624  1495  1606 W BroadcastQueue: Background execution not allowed: receiving Intent { act=android.intent.action.PACKAGE_ADDED dat=package:com.google.testing.helium.utp.android.companion.backdrop flg=0x4000010 (has extras) } to com.google.android.ims/.receivers.RcsAutoStartReceiver
05-06 09:52:26.626   967  3866 I chatty  : uid=1041(audioserver) Binder:967_3 identical 2 lines
05-06 09:52:26.627   967  3866 D AF::TrackHandle: OpPlayAudio: track:55 usage:3 not muted
05-06 09:52:26.633  1495  1508 W System  : A resource failed to call close. 
05-06 09:52:26.636  4470  4470 E PhoneInterfaceManager: [PhoneIntfMgr] getCarrierPackageNamesForIntentAndPhone: No UICC
05-06 09:52:26.636  4470  4470 D CarrierSvcBindHelper: No carrier app for: 0
05-06 09:52:26.638 21828 21844 I PeopleGalProvider: Gal directories started.
05-06 09:52:26.639 21828 21844 I PeopleGalProvider: Method 1 completed.
05-06 09:52:26.639 21828 21844 I PeopleGalProvider: Method 1 finished successfully.
05-06 09:52:26.640  4470  4470 E VvmPkgInstalledRcvr: cannot create TelephonyManager from ComponentInfo{com.android.phone/com.android.services.telephony.TelephonyConnectionService}, ***, UserHandle{0}
05-06 09:52:26.651  4470  4470 D ImsResolver: maybeAddedImsService, packageName: com.google.testing.helium.utp.android.companion.backdrop
05-06 09:52:26.654  4470  4470 D CarrierConfigLoader: mHandler: 9 phoneId: 0
05-06 09:52:26.652 17567 21313 I Finsky:background: [1466] Wrote row to frosting DB: 393
05-06 09:52:26.657 17261 17261 W ThreadPoolForeg: type=1400 audit(0.0:509): avc: denied { write } for name="traced_producer" dev="tmpfs" ino=18583 scontext=u:r:gmscore_app:s0:c512,c768 tcontext=u:object_r:traced_producer_socket:s0 tclass=sock_file permissive=0 app=com.google.android.gms
05-06 09:52:26.662  4132  4132 I WallpaperService: engine paused
05-06 09:52:26.664   899   899 I sensors-hal: [hal]activate_physical_sensor:238, android.sensor.gyroscope/41 en=0
05-06 09:52:26.666   899   899 D Diag_Lib: diag: Diag_LSM_DeInit done for pid: 899
05-06 09:52:26.667   899   899 D Diag_Lib: diag: Diag_LSM_DeInit done for pid: 899
05-06 09:52:26.667   899   899 I sensors-hal: [hal]activate_physical_sensor:249, android.sensor.gyroscope/41 en=0 completed
05-06 09:52:26.671  1495  1495 W Looper  : Slow dispatch took 141ms main h=com.android.providers.settings.SettingsProvider$SettingsRegistry$MyHandler c=null m=1
05-06 09:52:26.699 17365 17440 I Finsky  : [1393] WM::SCH: Logging work initialize for 12-1
05-06 09:52:26.713 17365 17454 I Finsky  : [1399] SCH: Scheduling phonesky job Id: 12-1, CT: 1778086346584, Constraints: [{ L: 15000, D: 86400000, C: CHARGING_NONE, I: IDLE_NONE, N: NET_ANY, B: BATTERY_ANY }]
05-06 09:52:26.719  1495  1495 I Telecom : DefaultDialerCache: Refreshing default dialer for user 0: now com.google.android.dialer: DDC.oR@AYk
05-06 09:52:26.722  1495  1597 W Looper  : Slow delivery took 226ms android.fg h=android.os.Handler c=android.app.-$$Lambda$LoadedApk$ReceiverDispatcher$Args$_BumDX2UKsnxLVrE6UJsJZkotuA@1d869e1 m=0
05-06 09:52:26.725 21519 21731 I ProvidersCache: Provider returned no roots. Possibly naughty: com.google.android.apps.docs.storage
05-06 09:52:26.730 17365 17454 I Finsky  : [1399] SCH: Scheduling 1 system job(s)
05-06 09:52:26.730 17365 17454 I Finsky  : [1399] SCH: Scheduling system job Id: 9123, L: 14854, D: 45019724, C: false, I: false, N: 1
05-06 09:52:26.745 17365 17473 I Finsky  : [1409] AIM: AppInfoManager-Perf > ItemModel > CacheSize=0, cacheHitCount=0, cacheMissCount=1, total appsWithNoServerDataCount=0. Missed  in cache (limit 10) : [com.google.testing.helium.utp.android.companion.backdrop]
05-06 09:52:26.746 17365 17473 I Finsky  : [1409] AIM: AppInfoManager-Perf > ItemModel > ItemStore Called 1 apps cacheOptions = USE_CACHE
05-06 09:52:26.749 17365 17473 I Finsky  : [1409] ItemStore: Not cached: com.google.testing.helium.utp.android.companion.backdrop
05-06 09:52:26.755 17031 17048 I PermissionControllerServiceImpl: Updating user sensitive for uid 10188
05-06 09:52:26.763 21519 21962 I ProvidersCache: Provider returned no roots. Possibly naughty: com.google.android.apps.docs.storage
05-06 09:52:26.770 17365 17473 I Finsky  : [1409] AIM: ItemModel fetch - unauth(1), auth()
05-06 09:52:26.782 16972 21762 W GCM     : Unexpected forwarded intent: Intent { act=android.intent.action.PACKAGE_ADDED dat=package:com.google.testing.helium.utp.android.companion.backdrop flg=0x4000010 pkg=com.google.android.gms cmp=com.google.android.gms/.chimera.PersistentIntentOperationService (has extras) }
05-06 09:52:26.782 16972 21916 I FontLog : (REDACTED) Package %s has no metadata
05-06 09:52:26.783 16972 21905 W NetworkScheduler: Unexpected forwarded intent: Intent { act=android.intent.action.PACKAGE_ADDED dat=package:com.google.testing.helium.utp.android.companion.backdrop flg=0x4000010 pkg=com.google.android.gms cmp=com.google.android.gms/.chimera.PersistentIntentOperationService (has extras) }
05-06 09:52:26.785 21828 21873 W ProviderHelper: Unknown dynamite feature providerinstaller.dynamite
05-06 09:52:26.785 21828 21873 I DynamiteModule: Considering local module com.google.android.gms.providerinstaller.dynamite:1 and remote module com.google.android.gms.providerinstaller.dynamite:0
05-06 09:52:26.785 21828 21873 I DynamiteModule: Selected local version of com.google.android.gms.providerinstaller.dynamite
05-06 09:52:26.795 17365 17440 I Finsky  : [1393] [ContentSync] finished, scheduled=true
05-06 09:52:26.844  5252  5465 W AiAiAutofill: Failed to set whitelist for augmented autofill service.
05-06 09:52:26.844  5252  5465 W AiAiAutofill: java.lang.SecurityException: caller is not user's Augmented Autofill Service
05-06 09:52:26.844  5252  5465 W AiAiAutofill: 	at android.view.autofill.AutofillManager.setAugmentedAutofillWhitelist(AutofillManager.java:2074)
05-06 09:52:26.844  5252  5465 W AiAiAutofill: 	at boz.a(PG:10)
05-06 09:52:26.844  5252  5465 W AiAiAutofill: 	at bpv.c(PG:6)
05-06 09:52:26.844  5252  5465 W AiAiAutofill: 	at bpv.d(Unknown Source:3)
05-06 09:52:26.844  5252  5465 W AiAiAutofill: 	at bpv.a(PG:52)
05-06 09:52:26.844  5252  5465 W AiAiAutofill: 	at bpx.a(Unknown Source:2)
05-06 09:52:26.844  5252  5465 W AiAiAutofill: 	at dbr.run(Unknown Source:59)
05-06 09:52:26.844  5252  5465 W AiAiAutofill: 	at csp.run(Unknown Source:6)
05-06 09:52:26.844  5252  5465 W AiAiAutofill: 	at java.util.concurrent.Executors$RunnableAdapter.call(Executors.java:462)
05-06 09:52:26.844  5252  5465 W AiAiAutofill: 	at java.util.concurrent.FutureTask.run(FutureTask.java:266)
05-06 09:52:26.844  5252  5465 W AiAiAutofill: 	at java.util.concurrent.ScheduledThreadPoolExecutor$ScheduledFutureTask.run(ScheduledThreadPoolExecutor.java:301)
05-06 09:52:26.844  5252  5465 W AiAiAutofill: 	at java.util.concurrent.ThreadPoolExecutor.runWorker(ThreadPoolExecutor.java:1167)
05-06 09:52:26.844  5252  5465 W AiAiAutofill: 	at java.util.concurrent.ThreadPoolExecutor$Worker.run(ThreadPoolExecutor.java:641)
05-06 09:52:26.844  5252  5465 W AiAiAutofill: 	at ctg.run(Unknown Source:144)
05-06 09:52:26.844  5252  5465 W AiAiAutofill: 	at java.lang.Thread.run(Thread.java:923)
05-06 09:52:26.874 17365 17473 E Finsky  : [1409] ItemStore: getItems RPC failed for item com.google.testing.helium.utp.android.companion.backdrop
05-06 09:52:26.878  5252  5711 W AiAiAutofill: Failed to set whitelist for augmented autofill service.
05-06 09:52:26.878  5252  5711 W AiAiAutofill: java.lang.SecurityException: caller is not user's Augmented Autofill Service
05-06 09:52:26.878  5252  5711 W AiAiAutofill: 	at android.view.autofill.AutofillManager.setAugmentedAutofillWhitelist(AutofillManager.java:2074)
05-06 09:52:26.878  5252  5711 W AiAiAutofill: 	at boz.a(PG:10)
05-06 09:52:26.878  5252  5711 W AiAiAutofill: 	at bpv.c(PG:6)
05-06 09:52:26.878  5252  5711 W AiAiAutofill: 	at bqn.a(PG:10)
05-06 09:52:26.878  5252  5711 W AiAiAutofill: 	at bqt.a(Unknown Source:23)
05-06 09:52:26.878  5252  5711 W AiAiAutofill: 	at fll.a(PG:40)
05-06 09:52:26.878  5252  5711 W AiAiAutofill: 	at fll.a(PG:99)
05-06 09:52:26.878  5252  5711 W AiAiAutofill: 	at fki.run(Unknown Source:114)
05-06 09:52:26.878  5252  5711 W AiAiAutofill: 	at csp.run(Unknown Source:6)
05-06 09:52:26.878  5252  5711 W AiAiAutofill: 	at java.util.concurrent.Executors$RunnableAdapter.call(Executors.java:462)
05-06 09:52:26.878  5252  5711 W AiAiAutofill: 	at java.util.concurrent.FutureTask.run(FutureTask.java:266)
05-06 09:52:26.878  5252  5711 W AiAiAutofill: 	at java.util.concurrent.ScheduledThreadPoolExecutor$ScheduledFutureTask.run(ScheduledThreadPoolExecutor.java:301)
05-06 09:52:26.878  5252  5711 W AiAiAutofill: 	at java.util.concurrent.ThreadPoolExecutor.runWorker(ThreadPoolExecutor.java:1167)
05-06 09:52:26.878  5252  5711 W AiAiAutofill: 	at java.util.concurrent.ThreadPoolExecutor$Worker.run(ThreadPoolExecutor.java:641)
05-06 09:52:26.878  5252  5711 W AiAiAutofill: 	at ctg.run(Unknown Source:144)
05-06 09:52:26.878  5252  5711 W AiAiAutofill: 	at java.lang.Thread.run(Thread.java:923)
05-06 09:52:26.968 21963 21963 D NetworkSecurityConfig: No Network Security Config specified, using platform default
05-06 09:52:26.969 21963 21963 D NetworkSecurityConfig: No Network Security Config specified, using platform default
05-06 09:52:26.980   588   629 W DisplayIdentification: Invalid EDID: falling back to serial number due to missing display name.
05-06 09:52:26.980   588   629 W DisplayIdentification: Invalid EDID: falling back to ASCII text due to missing serial number.
05-06 09:52:27.037 21828 21873 I GmsModuleInitializer: Using ContainerGservicesDelegate
05-06 09:52:27.044 21963 21963 D AppCompatDelegate: Checking for metadata for AppLocalesMetadataHolderService : Service not found
05-06 09:52:27.053 21963 21963 I BackdropActivity: onCreate()
05-06 09:52:27.112  1495  5341 I ActivityTaskManager: Activity requesting to dismiss Keyguard: ActivityRecord{91d438e u0 com.google.testing.helium.utp.android.companion.backdrop/.BackdropActivity t8}
05-06 09:52:27.134 21828 21914 I Auth    : (REDACTED) [SupervisedAccountIntentOperation] onHandleIntent: %s
05-06 09:52:27.144 21828 21914 I Blockstore: (REDACTED) [DataStoreImpl] Clearing Blockstore Data for package %s
05-06 09:52:27.153 21828 21866 I Blockstore: [DataStoreImpl] Keyless data not found or its IsLastInstallationData = false. [CONTEXT service_id=258 ]
05-06 09:52:27.163 21828 21914 I Dck     : (REDACTED) disableDckSupport: %s
05-06 09:52:27.163 21828 21883 I PackageInstalledIntentO: Test flag v2 is disabled [CONTEXT service_id=469 ]
05-06 09:52:27.167 21828 21914 E Dck     : Could not get ProviderInfo when resolving the content provider authority. [CONTEXT service_id=289 ]
05-06 09:52:27.167 21828 21914 E Dck     : Samsung Content Provider failed app verification [CONTEXT service_id=289 ]
05-06 09:52:27.168 21828 21914 W Dck     : [WirelessCapabilitiesFeatures] wccSysProp: 0 [CONTEXT service_id=289 ]
05-06 09:52:27.169 21828 21914 I Dck     : [WirelessCapabilitiesFeatures] wccOverride: not set [CONTEXT service_id=289 ]
05-06 09:52:27.169 21963 21963 W panion.backdro: Accessing hidden method Landroid/view/ViewGroup;->makeOptionalFitsSystemWindows()V (greylist, reflection, allowed)
05-06 09:52:27.170 21828 21914 I Dck     : (REDACTED) [WirelessCapabilitiesFeatures] returned wcc: %s
05-06 09:52:27.170 21828 21914 I Dck     : Dck module condition - hasWccSupport: false [CONTEXT service_id=289 ]
05-06 09:52:27.171 21828 21914 I Dck     : Dck module condition - downloadAllowed: false [CONTEXT service_id=289 ]
05-06 09:52:27.171 21828 21914 W Dck     : Dck module not eligible for asynchronous downloading [CONTEXT service_id=289 ]
05-06 09:52:27.197 21828 21867 I GmscoreIpa: (REDACTED) Using %s flags by method %d
05-06 09:52:27.202 21828 21871 I NearbyDiscovery: (REDACTED) processGrantSlicePermission: %s
05-06 09:52:27.250 16972 21985 I FontLog : (REDACTED) Received query %s, URI %s
05-06 09:52:27.251 16972 21985 I FontLog : (REDACTED) Query [%s] resolved to %s
05-06 09:52:27.257 16972 21985 I FontLog : (REDACTED) Font PFD returned from cache for %s
05-06 09:52:27.257 16972 21985 I FontLog : (REDACTED) Fetch %s end status %s
05-06 09:52:27.264 16972 21985 I FontLog : (REDACTED) Pulling font file for id = %d, cache size = %d
05-06 09:52:27.296 21963 21963 I BackdropActivity: android_id: 4006061972130768455
05-06 09:52:27.297 21828 21866 I Icing   : Indexing com.google.android.gms-internal.3p:MobileApplication from com.google.android.gms
05-06 09:52:27.305 21963 21963 I BackdropActivity: onResume()
05-06 09:52:27.306  1495  1567 I ActivityTaskManager: Activity requesting to dismiss Keyguard: ActivityRecord{91d438e u0 com.google.testing.helium.utp.android.companion.backdrop/.BackdropActivity t8}
05-06 09:52:27.345 21963 21993 I AdrenoGLES-0: QUALCOMM build                   : 4783c89, I46ff5fc46f
05-06 09:52:27.345 21963 21993 I AdrenoGLES-0: Build Date                       : 11/30/20
05-06 09:52:27.345 21963 21993 I AdrenoGLES-0: OpenGL ES Shader Compiler Version: EV031.31.04.01
05-06 09:52:27.345 21963 21993 I AdrenoGLES-0: Local Branch                     : QPR2
05-06 09:52:27.345 21963 21993 I AdrenoGLES-0: Remote Branch                    : 
05-06 09:52:27.345 21963 21993 I AdrenoGLES-0: Remote Branch                    : 
05-06 09:52:27.345 21963 21993 I AdrenoGLES-0: Reconstruct Branch               : 
05-06 09:52:27.345 21963 21993 I AdrenoGLES-0: Build Config                     : S P 10.0.4 AArch64
05-06 09:52:27.345 21963 21993 I AdrenoGLES-0: Driver Path                      : /vendor/lib64/egl/libGLESv2_adreno.so
05-06 09:52:27.350 21963 21993 I AdrenoGLES-0: PFP: 0x016dd090, ME: 0x00000000
05-06 09:52:27.357 21963 21993 W AdrenoUtils: <ReadGpuID_from_sysfs:197>: Failed to open /sys/class/kgsl/kgsl-3d0/gpu_model
05-06 09:52:27.357 21963 21993 W AdrenoUtils: <ReadGpuID:221>: Failed to read chip ID from gpu_model. Fallback to use the GSL path
05-06 09:52:27.389 21828 21866 I Icing   : Indexing done com.google.android.gms-internal.3p:MobileApplication
05-06 09:52:27.391 21828 21866 I Icing   : Indexing com.google.android.gms-apps from com.google.android.gms
05-06 09:52:27.406   900   951 I android.hardware.thermal@2.0-service.pixel: skin-therm-monitor: 40.303
05-06 09:52:27.423 21828 21866 I Icing   : Indexing done com.google.android.gms-apps
05-06 09:52:27.440 17031 17048 I PermissionControllerServiceImpl: Updating user sensitive for uid 10272
05-06 09:52:27.440  1495  1597 W Looper  : Drained
05-06 09:52:27.441  1495  1495 I AppsFilter: interaction: PackageSetting{63239f4 com.google.testing.helium.utp.android.companion.instrumentations.locale/10271} -> PackageSetting{7c3351d com.google.testing.helium.utp.android.companion.backdrop/10272} BLOCKED
05-06 09:52:27.448 21959 21961 I cmd     : oneway function results will be dropped but finished with status OK and parcel size 4
05-06 09:52:27.452  1495  1605 I ActivityTaskManager: Displayed com.google.testing.helium.utp.android.companion.backdrop/.BackdropActivity: +970ms
05-06 09:52:27.459  3915  3915 V AvrcpMediaPlayerList: mPackageChangedBroadcastReceiver: action: android.intent.action.PACKAGE_CHANGED
05-06 09:52:27.459  3915  3915 D AvrcpMediaPlayerList: Name of package changed: com.google.testing.helium.utp.android.companion.backdrop
05-06 09:52:27.467   588   629 W ServiceManager: Permission failure: android.permission.ACCESS_SURFACE_FLINGER from uid=10272 pid=21963
05-06 09:52:27.467   588   629 D PermissionCache: checking android.permission.ACCESS_SURFACE_FLINGER for uid=10272 => denied (3282 us)
05-06 09:52:27.475  1495  3372 I InputReader: Reconfiguring input devices, changes=KEYBOARD_LAYOUTS | 
05-06 09:52:27.476 17365 17365 I Finsky  : [2] ajcn - Received: android.intent.action.PACKAGE_CHANGED, [TorxThvULZ9h57LGfrKcyxFh_Omp7gT62-yH8wyl0T4]
05-06 09:52:27.491 17365 17454 I Finsky  : [1399] AIM: AppInfoManager-Perf > OnDeviceAppInfo > cacheHitCount=0, cacheMissCount=1. Missed  in cache (limit 10) : [com.google.testing.helium.utp.android.companion.backdrop]
05-06 09:52:27.491 17365 17454 I Finsky  : [1399] AIM: Got app ownership map. App counts: . Unique apps: 0
05-06 09:52:27.491 17365 17454 E Finsky  : [1399] [Counters] attempted to use a non-positive increment for: 4752
05-06 09:52:27.491 16972 21915 I Fitness : (REDACTED) OnPackageChangedOperation got intent: %s
05-06 09:52:27.492 17365 17454 E Finsky  : [1399] [Counters] attempted to use a non-positive increment for: 4753
05-06 09:52:27.495 21963 21963 I BackdropActivity: onCreate()
05-06 09:52:27.500   967  3866 D AF::TrackHandle: OpPlayAudio: track:55 usage:3 not muted
05-06 09:52:27.504  1495  4007 I ActivityTaskManager: Activity requesting to dismiss Keyguard: ActivityRecord{91d438e u0 com.google.testing.helium.utp.android.companion.backdrop/.BackdropActivity t8}
05-06 09:52:27.505   967  3866 I chatty  : uid=1041(audioserver) Binder:967_3 identical 1 line
05-06 09:52:27.505   967  3866 D AF::TrackHandle: OpPlayAudio: track:55 usage:3 not muted
05-06 09:52:27.513 17365 17410 I Finsky  : [1382] RECEIVER_PACKAGE_MONITOR#logWorkEndAndFinishGoAsync: SUCCESS
05-06 09:52:27.532 17365 17473 I Finsky  : [1409] AIM: AppInfoManager-Perf > ItemModel > CacheSize=0, cacheHitCount=0, cacheMissCount=1, total appsWithNoServerDataCount=0. Missed  in cache (limit 10) : [com.google.testing.helium.utp.android.companion.backdrop]
05-06 09:52:27.533 17365 17473 I Finsky  : [1409] AIM: AppInfoManager-Perf > ItemModel > ItemStore Called 1 apps cacheOptions = USE_CACHE
05-06 09:52:27.535 17365 17473 I Finsky  : [1409] ItemStore: Not cached: com.google.testing.helium.utp.android.companion.backdrop
05-06 09:52:27.536   967  3866 D AF::TrackHandle: OpPlayAudio: track:55 usage:3 not muted
05-06 09:52:27.536   967  3866 D AF::TrackHandle: OpPlayAudio: track:55 usage:3 not muted
05-06 09:52:27.541 17365 17473 I Finsky  : [1409] AIM: ItemModel fetch - unauth(1), auth()
05-06 09:52:27.546  4470  4470 E PhoneInterfaceManager: [PhoneIntfMgr] getCarrierPackageNamesForIntentAndPhone: No UICC
05-06 09:52:27.546  4470  4470 D CarrierSvcBindHelper: No carrier app for: 0
05-06 09:52:27.546 21963 21963 I BackdropActivity: android_id: 4006061972130768455
05-06 09:52:27.546  4470  4470 D ImsResolver: maybeAddedImsService, packageName: com.google.testing.helium.utp.android.companion.backdrop
05-06 09:52:27.548 17567 17567 I Finsky:background: [2] ajcc - Received: android.intent.action.PACKAGE_CHANGED, [TorxThvULZ9h57LGfrKcyxFh_Omp7gT62-yH8wyl0T4]
05-06 09:52:27.552 21963 21963 I BackdropActivity: onResume()
05-06 09:52:27.553 16972 21905 I Fitness : (REDACTED) FitCleanupIntentOperation received Intent %s
05-06 09:52:27.553  1495  5695 I ActivityTaskManager: Activity requesting to dismiss Keyguard: ActivityRecord{91d438e u0 com.google.testing.helium.utp.android.companion.backdrop/.BackdropActivity t8}
05-06 09:52:27.554  5359  5359 D RegisteredNfcFServicesCache: Service unchanged, not updating
05-06 09:52:27.560 17567 21313 I Finsky:background: [1466] Wrote row to frosting DB: 394
05-06 09:52:27.573  1495  1495 I Telecom : DefaultDialerCache: Refreshing default dialer for user 0: now com.google.android.dialer: DDC.oR@AYo
05-06 09:52:27.577  1495  1495 D NotificationService: 0|com.google.testing.helium.utp.android.companion.backdrop|1|null|10272: granting content://settings/system/notification_sound
05-06 09:52:27.582 17567 17624 I Finsky:background: [1401] RECEIVER_PACKAGE_MONITOR_BACKGROUND#logWorkEndAndFinishGoAsync: SUCCESS
05-06 09:52:27.587 17567 17623 I Finsky:background: [1400] RECEIVER_ENGAGE_PACKAGE_CHANGED#logWorkEndAndFinishGoAsync: SKIPPED_PRECONDITIONS_UNMET
05-06 09:52:27.581  1495  1495 I chatty  : uid=1000(system) Binder:1495_3 identical 3 lines
05-06 09:52:27.582  1495  1495 D NotificationService: 0|com.google.testing.helium.utp.android.companion.backdrop|1|null|10272: granting content://settings/system/notification_sound
05-06 09:52:27.588  1495  1495 W NotificationHistory: Attempted to add notif for locked/gone/disabled user 0
05-06 09:52:27.588 17567 21313 I Finsky:background: [1466] Wrote row to frosting DB: 395
05-06 09:52:27.599  4816  6097 W System  : ClassLoader referenced unknown path: 
05-06 09:52:27.600 21519 21962 I ProvidersCache: Provider returned no roots. Possibly naughty: com.google.android.apps.docs.storage
05-06 09:52:27.604 21828 21867 I Icing   : Indexing com.google.android.gms-apps from com.google.android.gms
05-06 09:52:27.615 16972 21915 I Fitness : (REDACTED) OnPackageChangedOperation got intent: %s
05-06 09:52:27.615  3937  3937 D InterruptionStateProvider: No bubble up: not allowed to bubble: 0|com.google.testing.helium.utp.android.companion.backdrop|1|null|10272
05-06 09:52:27.616  3937  3937 D InterruptionStateProvider: No heads up: unimportant notification: 0|com.google.testing.helium.utp.android.companion.backdrop|1|null|10272
05-06 09:52:27.635 17365 17454 E Finsky  : [1399] ItemStore: getItems RPC failed for item com.google.testing.helium.utp.android.companion.backdrop
05-06 09:52:27.658 16972 21905 I Fitness : (REDACTED) FitCleanupIntentOperation received Intent %s
05-06 09:52:27.692 21828 21867 I Icing   : Indexing done com.google.android.gms-apps
05-06 09:52:27.695 17165 17232 I PBSessionCacheImpl: Deleted sessionId[75494246449331794] from persistence.
05-06 09:52:27.715 21828 21867 I Icing   : Indexing com.google.android.gms-apps from com.google.android.gms
05-06 09:52:27.719 21828 21867 I Icing   : Indexing done com.google.android.gms-apps
05-06 09:52:27.737  1495  1597 W Looper  : Slow delivery took 218ms android.fg h=android.os.Handler c=<recycled PooledLambda@40f4372> m=0
05-06 09:52:27.740 17165 17227 W SearchServiceCore: Abort, client detached.
05-06 09:52:27.748 17165 17227 I MicroDetectionState: Should stop hotword detection immediately - true
05-06 09:52:27.797  3937  3937 D InterruptionStateProvider: No bubble up: not allowed to bubble: 0|com.google.testing.helium.utp.android.companion.backdrop|1|null|10272
05-06 09:52:27.798  3937  3937 D InterruptionStateProvider: No heads up: unimportant notification: 0|com.google.testing.helium.utp.android.companion.backdrop|1|null|10272
05-06 09:52:27.873 17031 17048 I PermissionControllerServiceImpl: Updating user sensitive for uid 10272
05-06 09:52:28.133   917   948 D rlsservice: MonitorDisplayStatus client num 1, display status 1, sensor status 0
05-06 09:52:28.429  1495  3853 D ConnectivityService: NetReassign [no changes]
05-06 09:52:28.445  1495  1597 W Looper  : Drained
05-06 09:52:28.498   899   982 D VSC     : @ 289.350: [WO] isFlat() nearest_rotation: 1, flat_angle: 40
05-06 09:52:28.499   899   982 D VSC     : @ 289.350: [WO] orientation angle 80, orientation 1
05-06 09:52:29.414   900   951 I android.hardware.thermal@2.0-service.pixel: skin-therm-monitor: 40.265
05-06 09:52:29.613  6851  6889 D DeviceStateHelper: Audo mode: 0
05-06 09:52:29.618  6851  6889 D DeviceStateHelper: Audo mode: 0
05-06 09:52:30.498   899   982 D VSC     : @ 291.350: [WO] isFlat() nearest_rotation: 1, flat_angle: 40
05-06 09:52:30.498   899   982 D VSC     : @ 291.350: [WO] orientation angle 80, orientation 1
05-06 09:52:30.574 22010 22012 I cmd     : oneway function results will be dropped but finished with status OK and parcel size 4
05-06 09:52:30.620 22015 22018 I cmd     : oneway function results will be dropped but finished with status OK and parcel size 4
05-06 09:52:30.649 21690 21690 I abb     : StartCommandInProcess(73657474696e67730067657400676c6f settings.get.glo [truncated])
05-06 09:52:30.650  1495  1495 W Binder:1495_20: type=1400 audit(0.0:510): avc: denied { getopt } for scontext=u:r:system_server:s0 tcontext=u:r:shell:s0 tclass=unix_stream_socket permissive=0
05-06 09:52:30.654 21690 21983 I abb     : oneway function results will be dropped but finished with status OK and parcel size 4
05-06 09:52:30.655 21690 21690 I abb     : StartCommandInProcess(7061636b61676500696e7374616c6c00 package.install. [truncated])
05-06 09:52:30.734  1495  1495 W Binder:1495_20: type=1400 audit(0.0:513): avc: denied { getopt } for scontext=u:r:system_server:s0 tcontext=u:r:shell:s0 tclass=unix_stream_socket permissive=0
05-06 09:52:30.788  1495  3382 W RuleEvaluation: Integrity rule files are not available.
05-06 09:52:30.789  1495  1627 I PackageManager: Integrity check passed for file:///data/app/vmdl1189471419.tmp
05-06 09:52:30.809  1495  1627 D CompatibilityChangeReporter: Compat change id reported: 135549675; UID 10273; state: ENABLED
05-06 09:52:30.908  1495  1627 W PackageManager: User 0 is not ready. Restore at install didn't take place.
05-06 09:52:30.909  1495  1627 I AppsFilter: interaction: PackageSetting{7c3351d com.google.testing.helium.utp.android.companion.backdrop/10272} -> PackageSetting{eb0cc05 com.google.testing.helium.utp.android.companion.instrumentations.runtimestats/10273} BLOCKED
05-06 09:52:30.909  1495  1627 I AppsFilter: interaction: PackageSetting{63239f4 com.google.testing.helium.utp.android.companion.instrumentations.locale/10271} -> PackageSetting{eb0cc05 com.google.testing.helium.utp.android.companion.instrumentations.runtimestats/10273} BLOCKED
05-06 09:52:30.914  1070  1070 E installd: Couldn't opendir /data/app/vmdl1189471419.tmp: No such file or directory
05-06 09:52:30.914  1070  1070 E installd: Failed to delete /data/app/vmdl1189471419.tmp: No such file or directory
05-06 09:52:30.915 21690 21983 I abb     : oneway function results will be dropped but finished with status OK and parcel size 4
05-06 09:52:30.910  1495  1495 W Binder:1495_20: type=1400 audit(0.0:514): avc: denied { getopt } for scontext=u:r:system_server:s0 tcontext=u:r:shell:s0 tclass=unix_stream_socket permissive=0
05-06 09:52:30.920  5326  5326 I MediaProvider: Invalidating LocalCallingIdentity cache for package com.google.testing.helium.utp.android.companion.instrumentations.runtimestats. Reason: package android.intent.action.PACKAGE_ADDED
05-06 09:52:30.931  1495  1597 I RoleManagerService: Granting default roles...
05-06 09:52:30.933  1495  3372 I InputReader: Reconfiguring input devices, changes=KEYBOARD_LAYOUTS | 
05-06 09:52:30.934  5277  5277 I GsaVoiceInteractionSrv: O received Intent { act=android.intent.action.PACKAGE_ADDED dat=package:com.google.testing.helium.utp.android.companion.instrumentations.runtimestats flg=0x4000010 (has extras) }
05-06 09:52:30.936  3915  3915 V AvrcpMediaPlayerList: mPackageChangedBroadcastReceiver: action: android.intent.action.PACKAGE_ADDED
05-06 09:52:30.936  3915  3915 D AvrcpMediaPlayerList: Name of package changed: com.google.testing.helium.utp.android.companion.instrumentations.runtimestats
05-06 09:52:30.951 17365 17365 I Finsky  : [2] ajcn - Received: android.intent.action.PACKAGE_ADDED, [NCpE2tWFy5Mf3mKzP-AiMw79q7QdOuaST3Y36Qx0uyI]
05-06 09:52:30.951 17567 17567 I Finsky:background: [2] ajcc - Received: android.intent.action.PACKAGE_ADDED, [NCpE2tWFy5Mf3mKzP-AiMw79q7QdOuaST3Y36Qx0uyI]
05-06 09:52:30.952  1495  6689 W BroadcastQueue: Background execution not allowed: receiving Intent { act=android.intent.action.PACKAGE_ADDED dat=package:com.google.testing.helium.utp.android.companion.instrumentations.runtimestats flg=0x4000010 (has extras) } to com.google.android.packageinstaller/com.android.packageinstaller.PackageInstalledReceiver
05-06 09:52:30.961  1495  1606 W BroadcastQueue: Background execution not allowed: receiving Intent { act=android.intent.action.PACKAGE_ADDED dat=package:com.google.testing.helium.utp.android.companion.instrumentations.runtimestats flg=0x4000010 (has extras) } to com.android.vending/com.google.android.finsky.packagemonitor.impl.PackageMonitorReceiverImpl$RegisteredReceiver
05-06 09:52:30.961  1495  1606 W BroadcastQueue: Background execution not allowed: receiving Intent { act=android.intent.action.PACKAGE_ADDED dat=package:com.google.testing.helium.utp.android.companion.instrumentations.runtimestats flg=0x4000010 (has extras) } to com.android.vending/com.google.android.finsky.packagemonitor.backgroundimpl.BackgroundPackageMonitorReceiverImpl$RegisteredReceiver
