05-06 09:52:35.606 21828 22539 I FSA2_SyncState: @readSyncState: # dvax@9c6d10bd
05-06 09:52:35.606 21828 22539 W FSA2_PeopleSyncState: @setLastFullSynctime = 1778086355606
05-06 09:52:35.606 21828 22539 W FSA2_PeopleSyncState: @setFullySyncedDownCallingCard = true
05-06 09:52:35.609 21828 22539 I FSA2_SyncState: @readSyncState: # dvax@9c6d10bd
05-06 09:52:35.612  3915  3915 D BluetoothPbapService:  onChange on contact uri 
05-06 09:52:35.619  3915 22542 D BluetoothPbapUtils: primaryVersionCounter = 0, secondaryVersionCounter=0
05-06 09:52:35.693  5163 13280 I CarrierServices: [217] cmj.V: Received Provisioning Event: [Bugle information (100)]
05-06 09:52:35.693  5163 13280 I CarrierServices: [217] cmj.V: JibeService is running, passing event to provisioning engine.
05-06 09:52:35.694  5163 13280 I CarrierServices: [217] cag.k: Handling Provisioning Event: [Bugle information (100)]
05-06 09:52:35.694  5163 13280 I CarrierServices: [217] cap.a: RcsAvailabilityManager: Calculating Rcs Availability
05-06 09:52:35.694  5163 13280 I CarrierServices: [217] ccl.b: Bugle ContentProvider is disabled by p/h flag, using ProvisioningEngineStateCacheUtil.isBugleDefaultSmsApp()
05-06 09:52:35.695  5163 13280 I CarrierServices: [217] ccl.b: Bugle is default SMS app: true
05-06 09:52:35.695  5163 13280 I CarrierServices: [217] cap.a: Bugle ContentProvider is disabled by p/h flag, using ProvisioningEngineStateCacheUtil.getBugleHasRequiredPermission()
05-06 09:52:35.695  5163 13280 I CarrierServices: [217] cap.a: Bugle has minimum required RCS permissions: true
05-06 09:52:35.719 21828 22539 I FSA2_ContactSyncGrpc: Received non-null API-contact response
05-06 09:52:35.725 21828 22451 I FSA2_SyncState: @readSyncState: # dvax@cacd98a2
05-06 09:52:35.731  3915  3915 D BluetoothPbapService:  onChange on contact uri 
05-06 09:52:35.738  3915 22544 D BluetoothPbapUtils: primaryVersionCounter = 0, secondaryVersionCounter=0
05-06 09:52:35.750 17365 17469 I Finsky  : [1405] [PLUS] Adding payload case=7
05-06 09:52:35.750 17365 17469 I Finsky  : [1405] [PLUS] Adding payload case=9
05-06 09:52:35.751 17365 17469 I Finsky  : [1405] [PLUS] Adding payload case=8
05-06 09:52:35.751 17365 17469 I Finsky  : [1405] [PLUS] Adding payload case=10
05-06 09:52:35.752 17365 17469 I Finsky  : [1405] [PLUS] Adding payload case=11
05-06 09:52:35.752 17365 17469 I Finsky  : [1405] [PLUS] Adding payload case=12
05-06 09:52:35.752 17365 17469 I Finsky  : [1405] [PLUS] Adding payload case=13
05-06 09:52:35.755 17365 17469 I Finsky  : [1405] [PLUS] Adding payload case=14
05-06 09:52:35.755 17365 17469 I Finsky  : [1405] [PLUS] Adding payload case=15
05-06 09:52:35.755 17365 17469 I Finsky  : [1405] [PLUS] Adding payload case=16
05-06 09:52:35.756 17365 17469 I Finsky  : [1405] [PLUS] Adding payload case=17
05-06 09:52:35.756 17365 17469 I Finsky  : [1405] [PLUS] Adding payload case=18
05-06 09:52:35.756 17365 17469 I Finsky  : [1405] [PLUS] Adding payload case=19
05-06 09:52:35.756 17365 17469 I Finsky  : [1405] [PLUS] Adding payload case=20
05-06 09:52:35.757 17365 17469 I Finsky  : [1405] [PLUS] Adding payload case=21
05-06 09:52:35.757 17365 17469 I Finsky  : [1405] [PLUS] Adding payload case=24
05-06 09:52:35.757 21828 22528 W GoogleCertificatesImpl: Source stamp verification failed, package: com.google.android.webview status: NO_STAMP
05-06 09:52:35.758 17365 17469 I Finsky  : [1405] [PLUS] Adding payload case=34
05-06 09:52:35.758 17365 17469 I Finsky  : [1405] [PLUS] Triggering sync due to NOW_EXCLUSIVE urgency payload
05-06 09:52:35.772 17365 17443 I Finsky  : [1394] [PLUS] Syncing for users with urgency above: NOW_EXCLUSIVE
05-06 09:52:35.794  5163 13280 I CarrierServices: [217] ccl.a: Bugle ContentProvider is disabled by p/h flag, using ProvisioningEngineStateCacheUtil.getBugleEnabledRcsFromPreference()
05-06 09:52:35.795  5163 13280 I CarrierServices: [217] ccl.a: Rcs is enabled from user settings: true
05-06 09:52:35.795  5163 13280 W CarrierServices: [217] cdu.a: No config URL. RCS will be disabled!
05-06 09:52:35.802 17365 17443 I Finsky  : [1394] [PLUS] Syncing 1 train(s)
05-06 09:52:35.815  5163 13280 I CarrierServices: [217] cug.b: Checking if using CarrierServices.apk is possible. Enabled: true, isAtLeastM: true, runningInsideBugle: false
05-06 09:52:35.815  5163 13280 I CarrierServices: [217] ath.onCsLibPhenotypeUpdated: BindingManager: binding and reset P/H Flag stay same
05-06 09:52:35.818  5163 13280 I CarrierServices: [217] cap.a: RcsAvailabilityManager: Rcs Availability still DISABLED_SIM_ABSENT (RCS is disabled due to SIM absent)
05-06 09:52:35.828 17365 17473 I Finsky  : [1409] [PLUS] Sending payloads for account: [o3LlpT-DuVwT9NjmGEQnkti2mxOc-0srvpZho7Vw0kc]
05-06 09:52:35.830 17365 17473 I Finsky  : [1409] playLoggingServerUrl: https://play.googleapis.com/play/log
05-06 09:52:35.830 17365 17473 I Finsky  : [1409] playLoggingServerTimestampUrl: https://play.googleapis.com/play/log/timestamp
05-06 09:52:35.845 17365 17473 E PlayCommon: [1409] Failed to restore PlayMetalog
05-06 09:52:35.845 17365 17473 E PlayCommon: [1409] Failed to restore LogsUploadAttempt
05-06 09:52:35.896   553   559 D libnos_transport: Calling app 0 with params 0x0200
05-06 09:52:35.899 21828 22451 I FSA2_CallingCardOp: No calling card photos to sync down.
05-06 09:52:35.899   553   559 D libnos_transport: App 0 inspection status=0x00000000 reply_len=0 protocol=1 flags=0x0000
05-06 09:52:35.899   553   559 D libnos_transport: Send app 0 command data (0 bytes)
05-06 09:52:35.900   553   559 D libnos_transport: Send app 0 go command 0x00000200
05-06 09:52:35.901   553   559 D libnos_transport: Polling app 0
05-06 09:52:35.905   553   559 D libnos_transport: App 0 polled=2 status=0x80000000 reply_len=80 flags=0x0000
05-06 09:52:35.905   553   559 D libnos_transport: Read app 0 reply data (80 bytes)
05-06 09:52:35.907   553   559 D libnos_transport: App 0 returning 0x0
05-06 09:52:35.969 21828 22451 I FSA2_SyncState: @readSyncState: # dvax@3ab01ef4
05-06 09:52:36.007 21828 22451 I FSA2_RawContactSyncer: Found 0 contacts with lunar dates
05-06 09:52:36.020 16972 17878 I Auth    : [BroadcastManager] [BroadcastManager] Broadcasting account services changed. [CONTEXT service_id=343 ]
05-06 09:52:36.022 21828 22451 I FSA2_SyncState: @readSyncState: # dvax@3ab01ef4
05-06 09:52:36.039  3915  3915 D BluetoothPbapService:  onChange on contact uri 
05-06 09:52:36.046  3915 22550 D BluetoothPbapUtils: primaryVersionCounter = 0, secondaryVersionCounter=0
05-06 09:52:36.051 22175 22551 W DynamiteModule: Local module descriptor class for providerinstaller not found.
05-06 09:52:36.063 16972 16993 W ProviderHelper: Unknown dynamite feature providerinstaller
05-06 09:52:36.066 22175 22551 W ProviderInstaller: Failed to load providerinstaller module: No acceptable module found. Local version is 0 and remote version is 0.
05-06 09:52:36.068 21828 22451 I FSA2_RawContactSyncer: Found 0 contacts with unsynced calling cards
05-06 09:52:36.072 21828 22451 I FSA2_SyncState: @readSyncState: # dvax@3aa27da6
05-06 09:52:36.078   553   553 D libnos_transport: Calling app 2 with params 0x0004
05-06 09:52:36.080   553   553 D libnos_transport: App 2 inspection status=0x00000000 reply_len=0 protocol=1 flags=0x0000
05-06 09:52:36.080   553   553 D libnos_transport: Send app 2 command data (1542 bytes)
05-06 09:52:36.088 21828 22451 I FSA2_RawContactSyncer: Found 0 contacts with local cc but no server cc
05-06 09:52:36.088 22175 22551 I ogle.android.g: The ClassLoaderContext is a special shared library.
05-06 09:52:36.091 21828 22451 I FSA2_SyncState: @readSyncState: # dvax@3aa27da6
05-06 09:52:36.091   553   553 D libnos_transport: Send app 2 go command 0x00020004
05-06 09:52:36.092   553   553 D libnos_transport: Polling app 2
05-06 09:52:36.095  3915  3915 D BluetoothPbapService:  onChange on contact uri 
05-06 09:52:36.095 16972 17129 I UriTaskContentObserver: (REDACTED) Throttling content uri change event for %s
05-06 09:52:36.100  3915 22554 D BluetoothPbapUtils: primaryVersionCounter = 0, secondaryVersionCounter=0
05-06 09:52:36.101   553   553 D libnos_transport: App 2 polled=3 status=0x80000000 reply_len=76 flags=0x0000
05-06 09:52:36.101   553   553 D libnos_transport: Read app 2 reply data (76 bytes)
05-06 09:52:36.102   553   553 D libnos_transport: App 2 returning 0x0
05-06 09:52:36.103 17365 17520 D Volley  : [1419] nag.o: Cache cleared.
05-06 09:52:36.107 17365 17537 D Volley  : [1429] nag.o: Cache cleared.
05-06 09:52:36.115   553   553 D libnos_transport: Calling app 2 with params 0x000a
05-06 09:52:36.117   553   553 D libnos_transport: App 2 inspection status=0x00000000 reply_len=0 protocol=1 flags=0x0000
05-06 09:52:36.118   553   553 D libnos_transport: Send app 2 command data (1564 bytes)
05-06 09:52:36.129   553   553 D libnos_transport: Send app 2 go command 0x0002000a
05-06 09:52:36.129   553   553 D libnos_transport: Polling app 2
05-06 09:52:36.138 21828 21878 I MdiSyncModule: (REDACTED) Operation '%d' completed successfully!
05-06 09:52:36.139   553   553 D libnos_transport: App 2 polled=4 status=0x80000000 reply_len=17 flags=0x0000
05-06 09:52:36.139   553   553 D libnos_transport: Read app 2 reply data (17 bytes)
05-06 09:52:36.141   553   553 D libnos_transport: App 2 returning 0x0
05-06 09:52:36.144   553   553 D libnos_transport: Calling app 2 with params 0x0000
05-06 09:52:36.145 21828 21878 I MdiSyncModule: (REDACTED) Executing operation '%d'...
05-06 09:52:36.147   553   553 D libnos_transport: App 2 inspection status=0x00000000 reply_len=0 protocol=1 flags=0x0000
05-06 09:52:36.147   553   553 D libnos_transport: Send app 2 command data (34 bytes)
05-06 09:52:36.147   553   553 D libnos_transport: Send app 2 go command 0x00020000
05-06 09:52:36.148   553   553 D libnos_transport: Polling app 2
05-06 09:52:36.153   553   553 D libnos_transport: App 2 polled=2 status=0x80000000 reply_len=0 flags=0x0000
05-06 09:52:36.153   553   553 D libnos_transport: App 2 returning 0x0
05-06 09:52:36.154   553   553 D libnos_transport: Calling app 2 with params 0x000b
05-06 09:52:36.156   553   553 D libnos_transport: App 2 inspection status=0x00000000 reply_len=0 protocol=1 flags=0x0000
05-06 09:52:36.156   553   553 D libnos_transport: Send app 2 command data (407 bytes)
05-06 09:52:36.158 21828 21984 I MdiSyncModule: (REDACTED) Received request for operation '%d' from package '%s', instance id '%s', version '%d'...
05-06 09:52:36.159 21828 22451 I FSA2_CallingCardOp: No calling card photos to sync up.
05-06 09:52:36.159 21828 21984 I MdiSyncModule: (REDACTED) Operation '%s' dispatched!
05-06 09:52:36.159   553   553 D libnos_transport: Send app 2 go command 0x0002000b
05-06 09:52:36.160   553   553 D libnos_transport: Polling app 2
05-06 09:52:36.164 22203 22557 W DynamiteModule: Local module descriptor class for providerinstaller not found.
05-06 09:52:36.165   553   553 D libnos_transport: App 2 polled=2 status=0x80000000 reply_len=3 flags=0x0000
05-06 09:52:36.165   553   553 D libnos_transport: Read app 2 reply data (3 bytes)
05-06 09:52:36.166   553   553 D libnos_transport: App 2 returning 0x0
05-06 09:52:36.167   553   553 D libnos_transport: Calling app 2 with params 0x000b
05-06 09:52:36.167 22175 22551 V NativeCrypto: Registering com/google/android/gms/org/conscrypt/NativeCrypto's 336 native methods...
05-06 09:52:36.170   553   553 D libnos_transport: App 2 inspection status=0x00000000 reply_len=0 protocol=1 flags=0x0000
05-06 09:52:36.170   553   553 D libnos_transport: Send app 2 command data (407 bytes)
05-06 09:52:36.170 21828 22451 I FSA2_PhotoSyncer: After CC photo sync up, callingCardsWithOnlyMetadataCount: 0, callingCardsWithOnlyPhotoCount: 0, callingCardsWithBothMetadataAndPhotoCount: 0
05-06 09:52:36.173   553   553 D libnos_transport: Send app 2 go command 0x0002000b
05-06 09:52:36.174 21828 21984 I MdiSyncModule: (REDACTED) Received request for operation '%d' from package '%s', instance id '%s', version '%d'...
05-06 09:52:36.174   553   553 D libnos_transport: Polling app 2
05-06 09:52:36.175 21828 21984 I MdiSyncModule: (REDACTED) Operation '%s' dispatched!
05-06 09:52:36.177 16972 16993 W ProviderHelper: Unknown dynamite feature providerinstaller
05-06 09:52:36.179   553   553 D libnos_transport: App 2 polled=2 status=0x80000000 reply_len=3 flags=0x0000
05-06 09:52:36.179   553   553 D libnos_transport: Read app 2 reply data (3 bytes)
05-06 09:52:36.181   553   553 D libnos_transport: App 2 returning 0x0
05-06 09:52:36.181   553   562 D libnos_transport: Calling app 2 with params 0x000b
05-06 09:52:36.183   553   562 D libnos_transport: App 2 inspection status=0x00000000 reply_len=0 protocol=1 flags=0x0000
05-06 09:52:36.183   553   562 D libnos_transport: Send app 2 command data (59 bytes)
05-06 09:52:36.184   553   562 D libnos_transport: Send app 2 go command 0x0002000b
05-06 09:52:36.185   553   562 D libnos_transport: Polling app 2
05-06 09:52:36.187 21828 22451 I FSA2_RawContactSyncer: contact count. before sweep: -1, before sync: 0, after sync down: 0, after sync up: 0
05-06 09:52:36.188 21828 22451 W FSA2_ContactsSyncAdapter: @onPerformSync Sync finished successfully
05-06 09:52:36.190   553   562 D libnos_transport: App 2 polled=2 status=0x80000000 reply_len=2 flags=0x0000
05-06 09:52:36.190   553   562 D libnos_transport: Read app 2 reply data (2 bytes)
05-06 09:52:36.191   553   562 D libnos_transport: App 2 returning 0x0
05-06 09:52:36.191   553   562 D libnos_transport: Calling app 2 with params 0x000c
05-06 09:52:36.192 22203 22557 W ProviderInstaller: Failed to load providerinstaller module: No acceptable module found. Local version is 0 and remote version is 0.
05-06 09:52:36.194   553   562 D libnos_transport: App 2 inspection status=0x00000000 reply_len=0 protocol=1 flags=0x0000
05-06 09:52:36.194   553   562 D libnos_transport: Send app 2 command data (20 bytes)
05-06 09:52:36.195   553   562 D libnos_transport: Send app 2 go command 0x0002000c
05-06 09:52:36.196   553   562 D libnos_transport: Polling app 2
05-06 09:52:36.196 22203 22557 W cal.syf : Application name is not set. Call Builder#setApplicationName.
05-06 09:52:36.201 17165 17165 D m       : setAvailableAccounts() 1 -> 1.
05-06 09:52:36.201 17165 17165 D m       : availableAccounts hasn't changed, returning.
05-06 09:52:36.212 21828 21878 I MdiSyncModule: (REDACTED) Operation '%d' completed successfully!
05-06 09:52:36.214 21828 21878 I MdiSyncModule: (REDACTED) Executing operation '%d'...
05-06 09:52:36.225   553   562 D libnos_transport: App 2 polled=11 status=0x80000000 reply_len=72 flags=0x0000
05-06 09:52:36.225   553   562 D libnos_transport: Read app 2 reply data (72 bytes)
05-06 09:52:36.227   553   562 D libnos_transport: App 2 returning 0x0
05-06 09:52:36.236  1495  3899 E SyncManager: SYNC_OP_STATE_INVALID: disallowed by settings/network
05-06 09:52:36.261 21828 22451 W ChimeraUtils: Module com.google.android.gms.people missing resource null(0)
05-06 09:52:36.264 17165 17165 D m       : setAvailableAccounts() 1 -> 1.
05-06 09:52:36.264 17165 17165 D m       : availableAccounts hasn't changed, returning.
05-06 09:52:36.267 21828 22451 W ChimeraUtils: Module com.google.android.gms.people missing resource null(0)
05-06 09:52:36.294 21828 21878 I MdiSyncModule: (REDACTED) Operation '%d' completed successfully!
05-06 09:52:36.295 21828 21878 I MdiSyncModule: (REDACTED) Executing operation '%d'...
05-06 09:52:36.309 16972 16993 I FacsCacheGmsModule: (REDACTED) Received 'getActivityControlsSettings' request from package '%s', instance id '%s', version '%d'...
05-06 09:52:36.310 16972 16993 I FacsCacheGmsModule: Operation 'getActivityControlsSettings' dispatched!
05-06 09:52:36.310 16972 17874 I FacsCacheGmsModule: (REDACTED) Executing operation '%s'...
05-06 09:52:36.314 16972 17874 I FacsCacheGmsModule: (REDACTED) Operation '%s' successful!
05-06 09:52:36.319 22225 22391 I GcoreAccounts: GMSCore Auth returned 1 accounts.
05-06 09:52:36.320 22225 22391 I GcoreAccounts: GMSCore People returned 1 accounts.
05-06 09:52:36.327 22175 22551 I ProviderInstaller: Installed default security provider GmsCore_OpenSSL
05-06 09:52:36.364 22175 22559 E GoogleApiManager: Failed to get service from broker. 
05-06 09:52:36.364 22175 22559 E GoogleApiManager: java.lang.SecurityException: Unknown calling package name 'com.google.android.gms'.
05-06 09:52:36.364 22175 22559 E GoogleApiManager: 	at android.os.Parcel.createExceptionOrNull(Parcel.java:2373)
05-06 09:52:36.364 22175 22559 E GoogleApiManager: 	at android.os.Parcel.createException(Parcel.java:2357)
05-06 09:52:36.364 22175 22559 E GoogleApiManager: 	at android.os.Parcel.readException(Parcel.java:2340)
05-06 09:52:36.364 22175 22559 E GoogleApiManager: 	at android.os.Parcel.readException(Parcel.java:2282)
05-06 09:52:36.364 22175 22559 E GoogleApiManager: 	at bfan.a(:com.google.android.gms@261332022@26.13.32 (150400-895912391):36)
05-06 09:52:36.364 22175 22559 E GoogleApiManager: 	at beyo.z(:com.google.android.gms@261332022@26.13.32 (150400-895912391):150)
05-06 09:52:36.364 22175 22559 E GoogleApiManager: 	at beep.run(:com.google.android.gms@261332022@26.13.32 (150400-895912391):42)
05-06 09:52:36.364 22175 22559 E GoogleApiManager: 	at android.os.Handler.handleCallback(Handler.java:938)
05-06 09:52:36.364 22175 22559 E GoogleApiManager: 	at android.os.Handler.dispatchMessage(Handler.java:99)
05-06 09:52:36.364 22175 22559 E GoogleApiManager: 	at csqa.ml(:com.google.android.gms@261332022@26.13.32 (150400-895912391):1)
05-06 09:52:36.364 22175 22559 E GoogleApiManager: 	at csqa.dispatchMessage(:com.google.android.gms@261332022@26.13.32 (150400-895912391):5)
05-06 09:52:36.364 22175 22559 E GoogleApiManager: 	at android.os.Looper.loop(Looper.java:223)
05-06 09:52:36.364 22175 22559 E GoogleApiManager: 	at android.os.HandlerThread.run(HandlerThread.java:67)
05-06 09:52:36.365 22175 22559 W GoogleApiManager: Not showing notification since connectionResult is not user-facing: ConnectionResult{statusCode=DEVELOPER_ERROR, resolution=null, message=null, clientMethodKey=null}
05-06 09:52:36.376 22175 22558 W FlagRegistrar: Failed to register com.google.android.gms.providerinstaller#com.google.android.gm
05-06 09:52:36.376 22175 22558 W FlagRegistrar: fecl: 17: 17: API: Phenotype.API is not available on this device. Connection failed with: ConnectionResult{statusCode=DEVELOPER_ERROR, resolution=null, message=null, clientMethodKey=null}
05-06 09:52:36.376 22175 22558 W FlagRegistrar: 	at fecn.a(:com.google.android.gms@261332022@26.13.32 (150400-895912391):13)
05-06 09:52:36.376 22175 22558 W FlagRegistrar: 	at gatz.d(:com.google.android.gms@261332022@26.13.32 (150400-895912391):3)
05-06 09:52:36.376 22175 22558 W FlagRegistrar: 	at gaub.run(:com.google.android.gms@261332022@26.13.32 (150400-895912391):130)
05-06 09:52:36.376 22175 22558 W FlagRegistrar: 	at gawk.execute(:com.google.android.gms@261332022@26.13.32 (150400-895912391):1)
05-06 09:52:36.376 22175 22558 W FlagRegistrar: 	at gauj.f(:com.google.android.gms@261332022@26.13.32 (150400-895912391):1)
05-06 09:52:36.376 22175 22558 W FlagRegistrar: 	at gauj.m(:com.google.android.gms@261332022@26.13.32 (150400-895912391):99)
05-06 09:52:36.376 22175 22558 W FlagRegistrar: 	at gauj.r(:com.google.android.gms@261332022@26.13.32 (150400-895912391):17)
05-06 09:52:36.376 22175 22558 W FlagRegistrar: 	at evzs.hF(:com.google.android.gms@261332022@26.13.32 (150400-895912391):35)
05-06 09:52:36.376 22175 22558 W FlagRegistrar: 	at ekrb.run(:com.google.android.gms@261332022@26.13.32 (150400-895912391):12)
05-06 09:52:36.376 22175 22558 W FlagRegistrar: 	at gawk.execute(:com.google.android.gms@261332022@26.13.32 (150400-895912391):1)
05-06 09:52:36.376 22175 22558 W FlagRegistrar: 	at ekrc.b(:com.google.android.gms@261332022@26.13.32 (150400-895912391):18)
05-06 09:52:36.376 22175 22558 W FlagRegistrar: 	at ekrr.b(:com.google.android.gms@261332022@26.13.32 (150400-895912391):34)
05-06 09:52:36.376 22175 22558 W FlagRegistrar: 	at ekrt.d(:com.google.android.gms@261332022@26.13.32 (150400-895912391):25)
05-06 09:52:36.376 22175 22558 W FlagRegistrar: 	at beby.c(:com.google.android.gms@261332022@26.13.32 (150400-895912391):9)
05-06 09:52:36.376 22175 22558 W FlagRegistrar: 	at been.q(:com.google.android.gms@261332022@26.13.32 (150400-895912391):48)
05-06 09:52:36.376 22175 22558 W FlagRegistrar: 	at been.d(:com.google.android.gms@261332022@26.13.32 (150400-895912391):10)
05-06 09:52:36.376 22175 22558 W FlagRegistrar: 	at been.g(:com.google.android.gms@261332022@26.13.32 (150400-895912391):191)
05-06 09:52:36.376 22175 22558 W FlagRegistrar: 	at been.onConnectionFailed(:com.google.android.gms@261332022@26.13.32 (150400-895912391):2)
05-06 09:52:36.376 22175 22558 W FlagRegistrar: 	at beep.run(:com.google.android.gms@261332022@26.13.32 (150400-895912391):70)
05-06 09:52:36.376 22175 22558 W FlagRegistrar: 	at android.os.Handler.handleCallback(Handler.java:938)
05-06 09:52:36.376 22175 22558 W FlagRegistrar: 	at android.os.Handler.dispatchMessage(Handler.java:99)
05-06 09:52:36.376 22175 22558 W FlagRegistrar: 	at csqa.ml(:com.google.android.gms@261332022@26.13.32 (150400-895912391):1)
05-06 09:52:36.376 22175 22558 W FlagRegistrar: 	at csqa.dispatchMessage(:com.google.android.gms@261332022@26.13.32 (150400-895912391):5)
05-06 09:52:36.376 22175 22558 W FlagRegistrar: 	at android.os.Looper.loop(Looper.java:223)
05-06 09:52:36.376 22175 22558 W FlagRegistrar: 	at android.os.HandlerThread.run(HandlerThread.java:67)
05-06 09:52:36.376 22175 22558 W FlagRegistrar: Caused by: beaf: 17: API: Phenotype.API is not available on this device. Connection failed with: ConnectionResult{statusCode=DEVELOPER_ERROR, resolution=null, message=null, clientMethodKey=null}
05-06 09:52:36.376 22175 22558 W FlagRegistrar: 	at beya.a(:com.google.android.gms@261332022@26.13.32 (150400-895912391):15)
05-06 09:52:36.376 22175 22558 W FlagRegistrar: 	at becb.a(:com.google.android.gms@261332022@26.13.32 (150400-895912391):1)
05-06 09:52:36.376 22175 22558 W FlagRegistrar: 	at beby.c(:com.google.android.gms@261332022@26.13.32 (150400-895912391):5)
05-06 09:52:36.376 22175 22558 W FlagRegistrar: 	... 11 more
05-06 09:52:36.381  1495  1597 W Looper  : Drained
05-06 09:52:36.401 21828 22437 I cn_CronetUrlRequestContext: destroyNativeStreamLocked org.chromium.net.impl.CronetBidirectionalStream@e4e9b9e
05-06 09:52:36.422 22175 22289 W DynamiteModule: Local module descriptor class for providerinstaller not found.
05-06 09:52:36.424 16972 16993 W ProviderHelper: Unknown dynamite feature providerinstaller
05-06 09:52:36.434 21828 21878 I MdiSyncModule: (REDACTED) Operation '%d' completed successfully!
05-06 09:52:36.435 21828 21878 I MdiSyncModule: (REDACTED) Executing operation '%d'...
05-06 09:52:36.454 22175 22289 W ProviderInstaller: Failed to load providerinstaller module: No acceptable module found. Local version is 0 and remote version is 0.
05-06 09:52:36.478   553   562 D libnos_transport: Calling app 2 with params 0x0004
05-06 09:52:36.481   553   562 D libnos_transport: App 2 inspection status=0x00000000 reply_len=0 protocol=1 flags=0x0000
05-06 09:52:36.481   553   562 D libnos_transport: Send app 2 command data (1542 bytes)
05-06 09:52:36.492   553   562 D libnos_transport: Send app 2 go command 0x00020004
05-06 09:52:36.493   553   562 D libnos_transport: Polling app 2
05-06 09:52:36.502   553   562 D libnos_transport: App 2 polled=4 status=0x80000000 reply_len=76 flags=0x0000
05-06 09:52:36.502   553   562 D libnos_transport: Read app 2 reply data (76 bytes)
05-06 09:52:36.503   553   562 D libnos_transport: App 2 returning 0x0
05-06 09:52:36.508   553   562 D libnos_transport: Calling app 2 with params 0x000a
05-06 09:52:36.512   553   562 D libnos_transport: App 2 inspection status=0x00000000 reply_len=0 protocol=1 flags=0x0000
05-06 09:52:36.512   553   562 D libnos_transport: Send app 2 command data (1564 bytes)
05-06 09:52:36.523   553   562 D libnos_transport: Send app 2 go command 0x0002000a
05-06 09:52:36.524   553   562 D libnos_transport: Polling app 2
05-06 09:52:36.529 21828 22437 I cn_CronetUrlRequestContext: destroyNativeStreamLocked org.chromium.net.impl.CronetBidirectionalStream@e09aeba
05-06 09:52:36.535   553   562 D libnos_transport: App 2 polled=5 status=0x80000000 reply_len=17 flags=0x0000
05-06 09:52:36.535   553   562 D libnos_transport: Read app 2 reply data (17 bytes)
05-06 09:52:36.537   553   562 D libnos_transport: App 2 returning 0x0
05-06 09:52:36.538   899   982 D VSC     : @ 297.390: [WO] isFlat() nearest_rotation: 1, flat_angle: 40
05-06 09:52:36.538   899   982 D VSC     : @ 297.390: [WO] orientation angle 80, orientation 1
05-06 09:52:36.539   553   562 D libnos_transport: Calling app 2 with params 0x0000
05-06 09:52:36.541   553   562 D libnos_transport: App 2 inspection status=0x00000000 reply_len=0 protocol=1 flags=0x0000
05-06 09:52:36.541   553   562 D libnos_transport: Send app 2 command data (34 bytes)
05-06 09:52:36.542   553   562 D libnos_transport: Send app 2 go command 0x00020000
05-06 09:52:36.543   553   562 D libnos_transport: Polling app 2
05-06 09:52:36.546   553   562 D libnos_transport: App 2 polled=1 status=0x80000000 reply_len=0 flags=0x0000
05-06 09:52:36.546   553   562 D libnos_transport: App 2 returning 0x0
05-06 09:52:36.547   553   562 D libnos_transport: Calling app 2 with params 0x000b
05-06 09:52:36.549   553   562 D libnos_transport: App 2 inspection status=0x00000000 reply_len=0 protocol=1 flags=0x0000
05-06 09:52:36.549   553   562 D libnos_transport: Send app 2 command data (407 bytes)
05-06 09:52:36.553   553   562 D libnos_transport: Send app 2 go command 0x0002000b
05-06 09:52:36.554   553   562 D libnos_transport: Polling app 2
05-06 09:52:36.559   553   562 D libnos_transport: App 2 polled=2 status=0x80000000 reply_len=3 flags=0x0000
05-06 09:52:36.559   553   562 D libnos_transport: Read app 2 reply data (3 bytes)
05-06 09:52:36.560   553   562 D libnos_transport: App 2 returning 0x0
05-06 09:52:36.560   553   562 D libnos_transport: Calling app 2 with params 0x000b
05-06 09:52:36.563   553   562 D libnos_transport: App 2 inspection status=0x00000000 reply_len=0 protocol=1 flags=0x0000
05-06 09:52:36.563   553   562 D libnos_transport: Send app 2 command data (407 bytes)
05-06 09:52:36.563 21828 21844 I PeopleChimeraService: onService. callbacks = criu@81c4cd1, request = com.google.android.gms.common.internal.GetServiceRequest@e1a9336
05-06 09:52:36.564 21828 21878 I MdiSyncModule: (REDACTED) Operation '%d' completed successfully!
05-06 09:52:36.566   553   562 D libnos_transport: Send app 2 go command 0x0002000b
05-06 09:52:36.567   553   562 D libnos_transport: Polling app 2
05-06 09:52:36.572   553   562 D libnos_transport: App 2 polled=2 status=0x80000000 reply_len=3 flags=0x0000
05-06 09:52:36.573   553   562 D libnos_transport: Read app 2 reply data (3 bytes)
05-06 09:52:36.573   553   562 D libnos_transport: App 2 returning 0x0
05-06 09:52:36.574   553   562 D libnos_transport: Calling app 2 with params 0x000b
05-06 09:52:36.574 17365 17365 I Finsky  : [2] [PLUS] Received response
05-06 09:52:36.576   553   562 D libnos_transport: App 2 inspection status=0x00000000 reply_len=0 protocol=1 flags=0x0000
05-06 09:52:36.576   553   562 D libnos_transport: Send app 2 command data (59 bytes)
05-06 09:52:36.577   553   562 D libnos_transport: Send app 2 go command 0x0002000b
05-06 09:52:36.577   553   562 D libnos_transport: Polling app 2
05-06 09:52:36.582   553   562 D libnos_transport: App 2 polled=2 status=0x80000000 reply_len=2 flags=0x0000
05-06 09:52:36.582   553   562 D libnos_transport: Read app 2 reply data (2 bytes)
05-06 09:52:36.583   553   562 D libnos_transport: App 2 returning 0x0
05-06 09:52:36.583   553   553 D libnos_transport: Calling app 2 with params 0x000c
05-06 09:52:36.586   553   553 D libnos_transport: App 2 inspection status=0x00000000 reply_len=0 protocol=1 flags=0x0000
05-06 09:52:36.586   553   553 D libnos_transport: Send app 2 command data (20 bytes)
05-06 09:52:36.586   553   553 D libnos_transport: Send app 2 go command 0x0002000c
05-06 09:52:36.587   553   553 D libnos_transport: Polling app 2
05-06 09:52:36.614   553   553 D libnos_transport: App 2 polled=11 status=0x80000000 reply_len=73 flags=0x0000
05-06 09:52:36.614   553   553 D libnos_transport: Read app 2 reply data (73 bytes)
05-06 09:52:36.615 17365 17438 I Finsky  : [1391] [PLUS] Successfully updated PayloadValueStore
05-06 09:52:36.615   553   553 D libnos_transport: App 2 returning 0x0
05-06 09:52:36.615 17365 17469 I Finsky  : [1405] [PLUS] Sync complete, number synced: 1, number failed: 0
05-06 09:52:36.624 17365 17469 I Finsky  : [1405] Request device config token was successful when fetching preloads.
05-06 09:52:36.643 17365 17514 I cn_CronetUrlRequestContext: destroyNativeStreamLocked org.chromium.net.impl.CronetBidirectionalStream@617e7e
05-06 09:52:36.723 17365 17409 I Finsky  : [1381] SCH: Received scheduling request: Id: 34-1, Constraints: [{ L: 53983270, D: 1349983270, C: CHARGING_REQUIRED, I: IDLE_REQUIRED, N: NET_UNMETERED, B: BATTERY_ANY }, { L: 53983270, D: 1349983270, C: CHARGING_NONE, I: IDLE_REQUIRED, N: NET_UNMETERED, B: BATTERY_NOT_LOW }]
05-06 09:52:36.724 17365 17409 I Finsky  : [1381] SCH: Received scheduling request: Id: 34-2, Constraints: [{ L: 119400719, D: 1415400719, C: CHARGING_NONE, I: IDLE_NONE, N: NET_UNMETERED, B: BATTERY_NOT_LOW }]
05-06 09:52:36.724 17365 17409 I Finsky  : [1381] SCH: Received scheduling request: Id: 34-3, Constraints: [{ L: 0, D: 1296000000, C: CHARGING_NONE, I: IDLE_NONE, N: NET_ANY, B: BATTERY_ANY }]
05-06 09:52:36.727   553   553 D libnos_transport: Calling app 2 with params 0x0004
05-06 09:52:36.730   553   553 D libnos_transport: App 2 inspection status=0x00000000 reply_len=0 protocol=1 flags=0x0000
05-06 09:52:36.730   553   553 D libnos_transport: Send app 2 command data (1542 bytes)
05-06 09:52:36.741   553   553 D libnos_transport: Send app 2 go command 0x00020004
05-06 09:52:36.741   553   553 D libnos_transport: Polling app 2
05-06 09:52:36.749 17365 22560 I Finsky  : [1553] WM::SCH: Logging work initialize for 34-1
05-06 09:52:36.750 17365 22560 I Finsky  : [1553] WM::SCH: Logging work initialize for 34-2
05-06 09:52:36.750 17365 22560 I Finsky  : [1553] WM::SCH: Logging work initialize for 34-3
05-06 09:52:36.751   553   553 D libnos_transport: App 2 polled=4 status=0x80000000 reply_len=76 flags=0x0000
05-06 09:52:36.751   553   553 D libnos_transport: Read app 2 reply data (76 bytes)
05-06 09:52:36.753   553   553 D libnos_transport: App 2 returning 0x0
05-06 09:52:36.757   553   553 D libnos_transport: Calling app 2 with params 0x000a
05-06 09:52:36.758 17365 17473 I Finsky  : [1409] SCH: Scheduling phonesky job Id: 34-1, CT: 1778086356724, Constraints: [{ L: 53983270, D: 1349983270, C: CHARGING_REQUIRED, I: IDLE_REQUIRED, N: NET_UNMETERED, B: BATTERY_ANY }, { L: 53983270, D: 1349983270, C: CHARGING_NONE, I: IDLE_REQUIRED, N: NET_UNMETERED, B: BATTERY_NOT_LOW }]
05-06 09:52:36.758 17365 17473 I Finsky  : [1409] SCH: Scheduling phonesky job Id: 34-2, CT: 1778086356724, Constraints: [{ L: 119400719, D: 1415400719, C: CHARGING_NONE, I: IDLE_NONE, N: NET_UNMETERED, B: BATTERY_NOT_LOW }]
05-06 09:52:36.758 17365 17473 I Finsky  : [1409] SCH: Scheduling phonesky job Id: 34-3, CT: 1778086356724, Constraints: [{ L: 0, D: 1296000000, C: CHARGING_NONE, I: IDLE_NONE, N: NET_ANY, B: BATTERY_ANY }, { L: 0, D: 0, C: CHARGING_NONE, I: IDLE_NONE, N: NET_NONE, B: BATTERY_ANY }]
05-06 09:52:36.759   553   553 D libnos_transport: App 2 inspection status=0x00000000 reply_len=0 protocol=1 flags=0x0000
05-06 09:52:36.759   553   553 D libnos_transport: Send app 2 command data (1564 bytes)
05-06 09:52:36.767 17365 17443 I Finsky  : [1394] SCH: Scheduling 5 system job(s)
05-06 09:52:36.767 17365 17443 I Finsky  : [1394] SCH: Scheduling system job Id: 9119, L: 0, D: 0, C: false, I: false, N: 0
05-06 09:52:36.770   553   553 D libnos_transport: Send app 2 go command 0x0002000a
05-06 09:52:36.772   553   553 D libnos_transport: Polling app 2
05-06 09:52:36.779 17365 17443 I Finsky  : [1394] SCH: Scheduling system job Id: 9123, L: 0, D: 45009676, C: false, I: false, N: 1
05-06 09:52:36.781   553   553 D libnos_transport: App 2 polled=4 status=0x80000000 reply_len=18 flags=0x0000
05-06 09:52:36.781   553   553 D libnos_transport: Read app 2 reply data (18 bytes)
05-06 09:52:36.782 17365 17418 I Finsky  : [1386] setup::PAI: preloads returned with 0 documents, with 0 unavailable documents, with stub apk null
05-06 09:52:36.782 17365 17418 I Finsky  : [1386] setup::PAI: Preloads fetch: account=[o3LlpT-DuVwT9NjmGEQnkti2mxOc-0srvpZho7Vw0kc], preloads=[0|], preloadRros=[0|], preloadGroups=[], unavailablePreloads=[0|]
05-06 09:52:36.782 17365 17418 I Finsky  : [1386] setup::PAI: Preloads titles: 
05-06 09:52:36.782 17365 17418 I Finsky  : [1386] PAI late SIM : don't store because no PAIs fetched
05-06 09:52:36.783   553   553 D libnos_transport: App 2 returning 0x0
05-06 09:52:36.783 22175 22566 W aduo    : Not parsing http body since status is HttpStatus(403). Using defaultResponseBody
05-06 09:52:36.784   553   553 D libnos_transport: Calling app 2 with params 0x0000
05-06 09:52:36.786   553   553 D libnos_transport: App 2 inspection status=0x00000000 reply_len=0 protocol=1 flags=0x0000
05-06 09:52:36.786   553   553 D libnos_transport: Send app 2 command data (34 bytes)
05-06 09:52:36.787 22175 22553 W xtn     : Network is not OK. Status=7. xqg: [/sync/st/s] 7: Client forbidden
05-06 09:52:36.787   553   553 D libnos_transport: Send app 2 go command 0x00020000
05-06 09:52:36.788   553   553 D libnos_transport: Polling app 2
05-06 09:52:36.790 22175 22460 W adwp    : Job(SettingsService:sync#0.1) Enqueued job 'SettingsService:sync' failed
05-06 09:52:36.790 22175 22460 W adwp    : xqg: [/sync/st/s] 7: Client forbidden
05-06 09:52:36.790 22175 22460 W adwp    : 	at xqd.a(PG:2)
05-06 09:52:36.790 22175 22460 W adwp    : 	at xqd.a(PG:15)
05-06 09:52:36.790 22175 22460 W adwp    : 	at xtg.a(Unknown Source:6)
05-06 09:52:36.790 22175 22460 W adwp    : 	at agzq.a(PG:2)
05-06 09:52:36.790 22175 22460 W adwp    : 	at agzs.run(PG:9)
05-06 09:52:36.790 22175 22460 W adwp    : 	at ahcg.run(Unknown Source:7)
05-06 09:52:36.790 22175 22460 W adwp    : 	at adjn.run(Unknown Source:3)
05-06 09:52:36.790 22175 22460 W adwp    : 	at java.util.concurrent.Executors$RunnableAdapter.call(Executors.java:462)
05-06 09:52:36.790 22175 22460 W adwp    : 	at java.util.concurrent.FutureTask.run(FutureTask.java:266)
05-06 09:52:36.790 22175 22460 W adwp    : 	at java.util.concurrent.ScheduledThreadPoolExecutor$ScheduledFutureTask.run(ScheduledThreadPoolExecutor.java:301)
05-06 09:52:36.790 22175 22460 W adwp    : 	at java.util.concurrent.ThreadPoolExecutor.runWorker(ThreadPoolExecutor.java:1167)
05-06 09:52:36.790 22175 22460 W adwp    : 	at java.util.concurrent.ThreadPoolExecutor$Worker.run(ThreadPoolExecutor.java:641)
05-06 09:52:36.790 22175 22460 W adwp    : 	at java.lang.Thread.run(Thread.java:923)
05-06 09:52:36.792 22175 22460 W adwp    : Job(SettingsClient start#0.0) Enqueued job 'SettingsClient start' failed
05-06 09:52:36.792 22175 22460 W adwp    : yco: Failed to sync missing settings from the server. Missing values for required settings [ycv<20>, ycv<4>, ycv<17>, ycv<16>]. Can not start SettingsClient.
05-06 09:52:36.792 22175 22460 W adwp    : 	at yas.a(Unknown Source:3)
05-06 09:52:36.792 22175 22460 W adwp    : 	at aezb.a(Unknown Source:2)
05-06 09:52:36.792 22175 22460 W adwp    : 	at aewi.a(PG:2)
05-06 09:52:36.792 22175 22460 W adwp    : 	at ahbm.run(PG:7)
05-06 09:52:36.792 22175 22460 W adwp    : 	at advw.run(Unknown Source:3)
05-06 09:52:36.792 22175 22460 W adwp    : 	at adjn.run(Unknown Source:3)
05-06 09:52:36.792 22175 22460 W adwp    : 	at java.util.concurrent.Executors$RunnableAdapter.call(Executors.java:462)
05-06 09:52:36.792 22175 22460 W adwp    : 	at java.util.concurrent.FutureTask.run(FutureTask.java:266)
05-06 09:52:36.792 22175 22460 W adwp    : 	at java.util.concurrent.ScheduledThreadPoolExecutor$ScheduledFutureTask.run(ScheduledThreadPoolExecutor.java:301)
05-06 09:52:36.792 22175 22460 W adwp    : 	at java.util.concurrent.ThreadPoolExecutor.runWorker(ThreadPoolExecutor.java:1167)
05-06 09:52:36.792 22175 22460 W adwp    : 	at java.util.concurrent.ThreadPoolExecutor$Worker.run(ThreadPoolExecutor.java:641)
05-06 09:52:36.792 22175 22460 W adwp    : 	at java.lang.Thread.run(Thread.java:923)
05-06 09:52:36.792 22175 22460 W adwp    : Caused by: xqg: [/sync/st/s] 7: Client forbidden
05-06 09:52:36.792 22175 22460 W adwp    : 	at xqd.a(PG:2)
05-06 09:52:36.792 22175 22460 W adwp    : 	at xqd.a(PG:15)
05-06 09:52:36.792 22175 22460 W adwp    : 	at xtg.a(Unknown Source:6)
05-06 09:52:36.792 22175 22460 W adwp    : 	at agzq.a(PG:2)
05-06 09:52:36.792 22175 22460 W adwp    : 	at agzs.run(PG:9)
05-06 09:52:36.792 22175 22460 W adwp    : 	at ahcg.run(Unknown Source:7)
05-06 09:52:36.792 22175 22460 W adwp    : 	... 7 more
05-06 09:52:36.792   553   553 D libnos_transport: App 2 polled=2 status=0x80000000 reply_len=0 flags=0x0000
05-06 09:52:36.793   553   553 D libnos_transport: App 2 returning 0x0
05-06 09:52:36.793   553   553 D libnos_transport: Calling app 2 with params 0x000b
05-06 09:52:36.794 22175 22460 E acgo    : Error observing nonCriticalStartEvent, not executing ads startup job.
05-06 09:52:36.794 22175 22460 E acgo    : yco: Failed to sync missing settings from the server. Missing values for required settings [ycv<20>, ycv<4>, ycv<17>, ycv<16>]. Can not start SettingsClient.
05-06 09:52:36.794 22175 22460 E acgo    : 	at yas.a(Unknown Source:3)
05-06 09:52:36.794 22175 22460 E acgo    : 	at aezb.a(Unknown Source:2)
05-06 09:52:36.794 22175 22460 E acgo    : 	at aewi.a(PG:2)
05-06 09:52:36.794 22175 22460 E acgo    : 	at ahbm.run(PG:7)
05-06 09:52:36.794 22175 22460 E acgo    : 	at advw.run(Unknown Source:3)
05-06 09:52:36.794 22175 22460 E acgo    : 	at adjn.run(Unknown Source:3)
05-06 09:52:36.794 22175 22460 E acgo    : 	at java.util.concurrent.Executors$RunnableAdapter.call(Executors.java:462)
05-06 09:52:36.794 22175 22460 E acgo    : 	at java.util.concurrent.FutureTask.run(FutureTask.java:266)
05-06 09:52:36.794 22175 22460 E acgo    : 	at java.util.concurrent.ScheduledThreadPoolExecutor$ScheduledFutureTask.run(ScheduledThreadPoolExecutor.java:301)
05-06 09:52:36.794 22175 22460 E acgo    : 	at java.util.concurrent.ThreadPoolExecutor.runWorker(ThreadPoolExecutor.java:1167)
05-06 09:52:36.794 22175 22460 E acgo    : 	at java.util.concurrent.ThreadPoolExecutor$Worker.run(ThreadPoolExecutor.java:641)
05-06 09:52:36.794 22175 22460 E acgo    : 	at java.lang.Thread.run(Thread.java:923)
05-06 09:52:36.794 22175 22460 E acgo    : Caused by: xqg: [/sync/st/s] 7: Client forbidden
05-06 09:52:36.794 22175 22460 E acgo    : 	at xqd.a(PG:2)
05-06 09:52:36.794 22175 22460 E acgo    : 	at xqd.a(PG:15)
05-06 09:52:36.794 22175 22460 E acgo    : 	at xtg.a(Unknown Source:6)
05-06 09:52:36.794 22175 22460 E acgo    : 	at agzq.a(PG:2)
05-06 09:52:36.794 22175 22460 E acgo    : 	at agzs.run(PG:9)
05-06 09:52:36.794 22175 22460 E acgo    : 	at ahcg.run(Unknown Source:7)
05-06 09:52:36.794 22175 22460 E acgo    : 	... 7 more
05-06 09:52:36.796   553   553 D libnos_transport: App 2 inspection status=0x00000000 reply_len=0 protocol=1 flags=0x0000
05-06 09:52:36.796   553   553 D libnos_transport: Send app 2 command data (408 bytes)
05-06 09:52:36.796 22175 22455 W acfv    : Shutting down SAPI due to critical lifecycle start failure.
05-06 09:52:36.797 22175 22457 E adrr    : Failed to create component for ComponentKey<CqrAPH>, see go/xplat-deobfuscate-component-key
05-06 09:52:36.797 22175 22457 E adrr    : yco: Failed to sync missing settings from the server. Missing values for required settings [ycv<20>, ycv<4>, ycv<17>, ycv<16>]. Can not start SettingsClient.
05-06 09:52:36.797 22175 22457 E adrr    : 	at yas.a(Unknown Source:3)
05-06 09:52:36.797 22175 22457 E adrr    : 	at aezb.a(Unknown Source:2)
05-06 09:52:36.797 22175 22457 E adrr    : 	at aewi.a(PG:2)
05-06 09:52:36.797 22175 22457 E adrr    : 	at ahbm.run(PG:7)
05-06 09:52:36.797 22175 22457 E adrr    : 	at advw.run(Unknown Source:3)
05-06 09:52:36.797 22175 22457 E adrr    : 	at adjn.run(Unknown Source:3)
05-06 09:52:36.797 22175 22457 E adrr    : 	at java.util.concurrent.Executors$RunnableAdapter.call(Executors.java:462)
05-06 09:52:36.797 22175 22457 E adrr    : 	at java.util.concurrent.FutureTask.run(FutureTask.java:266)
05-06 09:52:36.797 22175 22457 E adrr    : 	at java.util.concurrent.ScheduledThreadPoolExecutor$ScheduledFutureTask.run(ScheduledThreadPoolExecutor.java:301)
05-06 09:52:36.797 22175 22457 E adrr    : 	at java.util.concurrent.ThreadPoolExecutor.runWorker(ThreadPoolExecutor.java:1167)
05-06 09:52:36.797 22175 22457 E adrr    : 	at java.util.concurrent.ThreadPoolExecutor$Worker.run(ThreadPoolExecutor.java:641)
05-06 09:52:36.797 22175 22457 E adrr    : 	at java.lang.Thread.run(Thread.java:923)
05-06 09:52:36.797 22175 22457 E adrr    : Caused by: xqg: [/sync/st/s] 7: Client forbidden
05-06 09:52:36.797 22175 22457 E adrr    : 	at xqd.a(PG:2)
05-06 09:52:36.797 22175 22457 E adrr    : 	at xqd.a(PG:15)
05-06 09:52:36.797 22175 22457 E adrr    : 	at xtg.a(Unknown Source:6)
05-06 09:52:36.797 22175 22457 E adrr    : 	at agzq.a(PG:2)
05-06 09:52:36.797 22175 22457 E adrr    : 	at agzs.run(PG:9)
05-06 09:52:36.797 22175 22457 E adrr    : 	at ahcg.run(Unknown Source:7)
05-06 09:52:36.797 22175 22457 E adrr    : 	... 7 more
05-06 09:52:36.798 17365 17365 I Finsky  : [2] setup::PAI: VpaSelectionActivity will be disabled
05-06 09:52:36.798 17365 17365 I Finsky  : [2] setup::PAI: Secure Setting of PAI_SELECTION_PAGE_COMPLETE: 1
05-06 09:52:36.798 22175 22457 E adrr    : Failed to create component for ComponentKey<GrNjlb>, see go/xplat-deobfuscate-component-key
05-06 09:52:36.798 22175 22457 E adrr    : yco: Failed to sync missing settings from the server. Missing values for required settings [ycv<20>, ycv<4>, ycv<17>, ycv<16>]. Can not start SettingsClient.
05-06 09:52:36.798 22175 22457 E adrr    : 	at yas.a(Unknown Source:3)
05-06 09:52:36.798 22175 22457 E adrr    : 	at aezb.a(Unknown Source:2)
05-06 09:52:36.798 22175 22457 E adrr    : 	at aewi.a(PG:2)
05-06 09:52:36.798 22175 22457 E adrr    : 	at ahbm.run(PG:7)
05-06 09:52:36.798 22175 22457 E adrr    : 	at advw.run(Unknown Source:3)
05-06 09:52:36.798 22175 22457 E adrr    : 	at adjn.run(Unknown Source:3)
05-06 09:52:36.798 22175 22457 E adrr    : 	at java.util.concurrent.Executors$RunnableAdapter.call(Executors.java:462)
05-06 09:52:36.798 22175 22457 E adrr    : 	at java.util.concurrent.FutureTask.run(FutureTask.java:266)
05-06 09:52:36.798 22175 22457 E adrr    : 	at java.util.concurrent.ScheduledThreadPoolExecutor$ScheduledFutureTask.run(ScheduledThreadPoolExecutor.java:301)
05-06 09:52:36.798 22175 22457 E adrr    : 	at java.util.concurrent.ThreadPoolExecutor.runWorker(ThreadPoolExecutor.java:1167)
05-06 09:52:36.798 22175 22457 E adrr    : 	at java.util.concurrent.ThreadPoolExecutor$Worker.run(ThreadPoolExecutor.java:641)
05-06 09:52:36.798 22175 22457 E adrr    : 	at java.lang.Thread.run(Thread.java:923)
05-06 09:52:36.798 22175 22457 E adrr    : Caused by: xqg: [/sync/st/s] 7: Client forbidden
05-06 09:52:36.798 22175 22457 E adrr    : 	at xqd.a(PG:2)
05-06 09:52:36.798 22175 22457 E adrr    : 	at xqd.a(PG:15)
05-06 09:52:36.798 22175 22457 E adrr    : 	at xtg.a(Unknown Source:6)
05-06 09:52:36.798 22175 22457 E adrr    : 	at agzq.a(PG:2)
05-06 09:52:36.798 22175 22457 E adrr    : 	at agzs.run(PG:9)
05-06 09:52:36.798 22175 22457 E adrr    : 	at ahcg.run(Unknown Source:7)
05-06 09:52:36.798 22175 22457 E adrr    : 	... 7 more
05-06 09:52:36.799 17365 17443 I Finsky  : [1394] SCH: Scheduling system job Id: 9126, L: 53983195, D: 1349983195, C: true, I: true, N: 2
05-06 09:52:36.799   553   553 D libnos_transport: Send app 2 go command 0x0002000b
05-06 09:52:36.801 17365 17365 I Finsky  : [2] SCH: job service start with id 9119.
05-06 09:52:36.801   553   553 D libnos_transport: Polling app 2
05-06 09:52:36.801 17365 17443 I Finsky  : [1394] SCH: Scheduling system job Id: 9127, L: 53983193, D: 1349983193, C: false, I: true, N: 2
05-06 09:52:36.805   553   553 D libnos_transport: App 2 polled=2 status=0x80000000 reply_len=3 flags=0x0000
05-06 09:52:36.805   553   553 D libnos_transport: Read app 2 reply data (3 bytes)
05-06 09:52:36.806   553   553 D libnos_transport: App 2 returning 0x0
05-06 09:52:36.807   553   562 D libnos_transport: Calling app 2 with params 0x000b
05-06 09:52:36.809   553   562 D libnos_transport: App 2 inspection status=0x00000000 reply_len=0 protocol=1 flags=0x0000
05-06 09:52:36.809   553   562 D libnos_transport: Send app 2 command data (408 bytes)
05-06 09:52:36.813   553   562 D libnos_transport: Send app 2 go command 0x0002000b
05-06 09:52:36.813   553   562 D libnos_transport: Polling app 2
05-06 09:52:36.813 17365 17365 I Finsky  : [2] SCH: job service start with id 9123.
05-06 09:52:36.817   553   562 D libnos_transport: App 2 polled=2 status=0x80000000 reply_len=3 flags=0x0000
05-06 09:52:36.817   553   562 D libnos_transport: Read app 2 reply data (3 bytes)
05-06 09:52:36.818   553   562 D libnos_transport: App 2 returning 0x0
05-06 09:52:36.819   553   562 D libnos_transport: Calling app 2 with params 0x000b
05-06 09:52:36.821   553   562 D libnos_transport: App 2 inspection status=0x00000000 reply_len=0 protocol=1 flags=0x0000
05-06 09:52:36.821   553   562 D libnos_transport: Send app 2 command data (60 bytes)
05-06 09:52:36.822   553   562 D libnos_transport: Send app 2 go command 0x0002000b
05-06 09:52:36.823   553   562 D libnos_transport: Polling app 2
05-06 09:52:36.824 22175 22175 W Gmail   : esj:Failed to set message-based UI account prefs.
05-06 09:52:36.824 22175 22175 W Gmail   : java.lang.RuntimeException: Failed to fetch SAPI.
05-06 09:52:36.824 22175 22175 W Gmail   : 	at adiq.run(Unknown Source:2)
05-06 09:52:36.824 22175 22175 W Gmail   : 	at adjn.run(Unknown Source:3)
05-06 09:52:36.824 22175 22175 W Gmail   : 	at android.os.Handler.handleCallback(Handler.java:938)
05-06 09:52:36.824 22175 22175 W Gmail   : 	at android.os.Handler.dispatchMessage(Handler.java:99)
05-06 09:52:36.824 22175 22175 W Gmail   : 	at android.os.Looper.loop(Looper.java:223)
05-06 09:52:36.824 22175 22175 W Gmail   : 	at android.app.ActivityThread.main(ActivityThread.java:7664)
05-06 09:52:36.824 22175 22175 W Gmail   : 	at java.lang.reflect.Method.invoke(Native Method)
05-06 09:52:36.824 22175 22175 W Gmail   : 	at com.android.internal.os.RuntimeInit$MethodAndArgsCaller.run(RuntimeInit.java:592)
05-06 09:52:36.824 22175 22175 W Gmail   : 	at com.android.internal.os.ZygoteInit.main(ZygoteInit.java:947)
05-06 09:52:36.824 22175 22175 W Gmail   : Caused by: yco: Failed to sync missing settings from the server. Missing values for required settings [ycv<20>, ycv<4>, ycv<17>, ycv<16>]. Can not start SettingsClient.
05-06 09:52:36.824 22175 22175 W Gmail   : 	at yas.a(Unknown Source:3)
05-06 09:52:36.824 22175 22175 W Gmail   : 	at aezb.a(Unknown Source:2)
05-06 09:52:36.824 22175 22175 W Gmail   : 	at aewi.a(PG:2)
05-06 09:52:36.824 22175 22175 W Gmail   : 	at ahbm.run(PG:7)
05-06 09:52:36.824 22175 22175 W Gmail   : 	at advw.run(Unknown Source:3)
05-06 09:52:36.824 22175 22175 W Gmail   : 	at adjn.run(Unknown Source:3)
05-06 09:52:36.824 22175 22175 W Gmail   : 	at java.util.concurrent.Executors$RunnableAdapter.call(Executors.java:462)
05-06 09:52:36.824 22175 22175 W Gmail   : 	at java.util.concurrent.FutureTask.run(FutureTask.java:266)
05-06 09:52:36.824 22175 22175 W Gmail   : 	at java.util.concurrent.ScheduledThreadPoolExecutor$ScheduledFutureTask.run(ScheduledThreadPoolExecutor.java:301)
05-06 09:52:36.824 22175 22175 W Gmail   : 	at java.util.concurrent.ThreadPoolExecutor.runWorker(ThreadPoolExecutor.java:1167)
05-06 09:52:36.824 22175 22175 W Gmail   : 	at java.util.concurrent.ThreadPoolExecutor$Worker.run(ThreadPoolExecutor.java:641)
05-06 09:52:36.824 22175 22175 W Gmail   : 	at java.lang.Thread.run(Thread.java:923)
05-06 09:52:36.824 22175 22175 W Gmail   : Caused by: xqg: [/sync/st/s] 7: Client forbidden
05-06 09:52:36.824 22175 22175 W Gmail   : 	at xqd.a(PG:2)
05-06 09:52:36.824 22175 22175 W Gmail   : 	at xqd.a(PG:15)
05-06 09:52:36.824 22175 22175 W Gmail   : 	at xtg.a(Unknown Source:6)
05-06 09:52:36.824 22175 22175 W Gmail   : 	at agzq.a(PG:2)
05-06 09:52:36.824 22175 22175 W Gmail   : 	at agzs.run(PG:9)
05-06 09:52:36.824 22175 22175 W Gmail   : 	at ahcg.run(Unknown Source:7)
05-06 09:52:36.824 22175 22175 W Gmail   : 	... 7 more
05-06 09:52:36.827   553   562 D libnos_transport: App 2 polled=2 status=0x80000000 reply_len=2 flags=0x0000
05-06 09:52:36.827   553   562 D libnos_transport: Read app 2 reply data (2 bytes)
05-06 09:52:36.828   553   562 D libnos_transport: App 2 returning 0x0
05-06 09:52:36.828   553   553 D libnos_transport: Calling app 2 with params 0x000c
05-06 09:52:36.831   553   553 D libnos_transport: App 2 inspection status=0x00000000 reply_len=0 protocol=1 flags=0x0000
05-06 09:52:36.831   553   553 D libnos_transport: Send app 2 command data (21 bytes)
05-06 09:52:36.831   553   553 D libnos_transport: Send app 2 go command 0x0002000c
05-06 09:52:36.832   553   553 D libnos_transport: Polling app 2
05-06 09:52:36.834 17365 17443 I Finsky  : [1394] SCH: Scheduling system job Id: 9128, L: 119400610, D: 1415400610, C: false, I: false, N: 2
05-06 09:52:36.857   553   553 D libnos_transport: App 2 polled=12 status=0x80000000 reply_len=72 flags=0x0000
05-06 09:52:36.858   553   553 D libnos_transport: Read app 2 reply data (72 bytes)
05-06 09:52:36.859   553   553 D libnos_transport: App 2 returning 0x0
